Component: ARM Compiler 5.06 update 7 (build 960) Tool: armlink [4d3601]

==============================================================================

Section Cross References

    startup_stm32l151xba.o(STACK) refers (Special) to heapauxi.o(.text) for __use_two_region_memory
    startup_stm32l151xba.o(HEAP) refers (Special) to heapauxi.o(.text) for __use_two_region_memory
    startup_stm32l151xba.o(RESET) refers (Special) to heapauxi.o(.text) for __use_two_region_memory
    startup_stm32l151xba.o(RESET) refers to startup_stm32l151xba.o(STACK) for __initial_sp
    startup_stm32l151xba.o(RESET) refers to startup_stm32l151xba.o(.text) for Reset_Handler
    startup_stm32l151xba.o(RESET) refers to stm32l1xx_it.o(i.NMI_Handler) for NMI_Handler
    startup_stm32l151xba.o(RESET) refers to stm32l1xx_it.o(i.HardFault_Handler) for HardFault_Handler
    startup_stm32l151xba.o(RESET) refers to stm32l1xx_it.o(i.MemManage_Handler) for MemManage_Handler
    startup_stm32l151xba.o(RESET) refers to stm32l1xx_it.o(i.BusFault_Handler) for BusFault_Handler
    startup_stm32l151xba.o(RESET) refers to stm32l1xx_it.o(i.UsageFault_Handler) for UsageFault_Handler
    startup_stm32l151xba.o(RESET) refers to stm32l1xx_it.o(i.SVC_Handler) for SVC_Handler
    startup_stm32l151xba.o(RESET) refers to stm32l1xx_it.o(i.DebugMon_Handler) for DebugMon_Handler
    startup_stm32l151xba.o(RESET) refers to stm32l1xx_it.o(i.PendSV_Handler) for PendSV_Handler
    startup_stm32l151xba.o(RESET) refers to stm32l1xx_it.o(i.SysTick_Handler) for SysTick_Handler
    startup_stm32l151xba.o(RESET) refers to stm32l1xx_it.o(i.USB_LP_IRQHandler) for USB_LP_IRQHandler
    startup_stm32l151xba.o(RESET) refers to stm32l1xx_it.o(i.TIM2_IRQHandler) for TIM2_IRQHandler
    startup_stm32l151xba.o(RESET) refers to stm32l1xx_it.o(i.EXTI15_10_IRQHandler) for EXTI15_10_IRQHandler
    startup_stm32l151xba.o(.text) refers (Special) to heapauxi.o(.text) for __use_two_region_memory
    startup_stm32l151xba.o(.text) refers to system_stm32l1xx.o(i.SystemInit) for SystemInit
    startup_stm32l151xba.o(.text) refers to __main.o(!!!main) for __main
    startup_stm32l151xba.o(.text) refers to startup_stm32l151xba.o(HEAP) for Heap_Mem
    startup_stm32l151xba.o(.text) refers to startup_stm32l151xba.o(STACK) for Stack_Mem
    main.o(i.HAL_GPIO_EXTI_Callback) refers to stm32l1xx_hal_gpio.o(i.HAL_GPIO_WritePin) for HAL_GPIO_WritePin
    main.o(i.HAL_GPIO_EXTI_Callback) refers to stm32l1xx_hal_gpio.o(i.HAL_GPIO_ReadPin) for HAL_GPIO_ReadPin
    main.o(i.HAL_GPIO_EXTI_Callback) refers to stm32l1xx_hal_tim.o(i.HAL_TIM_Base_Start_IT) for HAL_TIM_Base_Start_IT
    main.o(i.HAL_GPIO_EXTI_Callback) refers to main.o(.data) for .data
    main.o(i.HAL_GPIO_EXTI_Callback) refers to main.o(.bss) for .bss
    main.o(i.HAL_TIM_PeriodElapsedCallback) refers to stm32l1xx_hal_tim.o(i.HAL_TIM_Base_Stop_IT) for HAL_TIM_Base_Stop_IT
    main.o(i.HAL_TIM_PeriodElapsedCallback) refers to stm32l1xx_hal_gpio.o(i.HAL_GPIO_WritePin) for HAL_GPIO_WritePin
    main.o(i.HAL_TIM_PeriodElapsedCallback) refers to stm32l1xx_hal_gpio.o(i.HAL_GPIO_ReadPin) for HAL_GPIO_ReadPin
    main.o(i.HAL_TIM_PeriodElapsedCallback) refers to main.o(i.keypadsm) for keypadsm
    main.o(i.HAL_TIM_PeriodElapsedCallback) refers to main.o(.bss) for .bss
    main.o(i.HAL_TIM_PeriodElapsedCallback) refers to main.o(.data) for .data
    main.o(i.LCD_BlinkOnOff) refers to main.o(i.lcd_send_cmd) for lcd_send_cmd
    main.o(i.LCD_CursorBlinkOnOff) refers to main.o(i.lcd_send_cmd) for lcd_send_cmd
    main.o(i.MX_ADC_Init) refers to stm32l1xx_hal_adc.o(i.HAL_ADC_Init) for HAL_ADC_Init
    main.o(i.MX_ADC_Init) refers to stm32l1xx_hal_adc.o(i.HAL_ADC_ConfigChannel) for HAL_ADC_ConfigChannel
    main.o(i.MX_ADC_Init) refers to main.o(.bss) for .bss
    main.o(i.MX_GPIO_Init) refers to rt_memclr_w.o(.text) for __aeabi_memclr4
    main.o(i.MX_GPIO_Init) refers to stm32l1xx_hal_gpio.o(i.HAL_GPIO_WritePin) for HAL_GPIO_WritePin
    main.o(i.MX_GPIO_Init) refers to stm32l1xx_hal_gpio.o(i.HAL_GPIO_Init) for HAL_GPIO_Init
    main.o(i.MX_GPIO_Init) refers to stm32l1xx_hal_cortex.o(i.HAL_NVIC_SetPriority) for HAL_NVIC_SetPriority
    main.o(i.MX_GPIO_Init) refers to stm32l1xx_hal_cortex.o(i.HAL_NVIC_EnableIRQ) for HAL_NVIC_EnableIRQ
    main.o(i.MX_TIM2_Init) refers to stm32l1xx_hal_tim.o(i.HAL_TIM_Base_Init) for HAL_TIM_Base_Init
    main.o(i.MX_TIM2_Init) refers to stm32l1xx_hal_tim.o(i.HAL_TIM_ConfigClockSource) for HAL_TIM_ConfigClockSource
    main.o(i.MX_TIM2_Init) refers to stm32l1xx_hal_tim_ex.o(i.HAL_TIMEx_MasterConfigSynchronization) for HAL_TIMEx_MasterConfigSynchronization
    main.o(i.MX_TIM2_Init) refers to main.o(.bss) for .bss
    main.o(i.SystemClock_Config) refers to rt_memclr_w.o(.text) for __aeabi_memclr4
    main.o(i.SystemClock_Config) refers to stm32l1xx_hal_rcc.o(i.HAL_RCC_OscConfig) for HAL_RCC_OscConfig
    main.o(i.SystemClock_Config) refers to stm32l1xx_hal_rcc.o(i.HAL_RCC_ClockConfig) for HAL_RCC_ClockConfig
[...]
    i.__ARM_fpclassify                       0x080058a0   Section        0  fpclassify.o(i.__ARM_fpclassify)
    i.__NVIC_SetPriority                     0x080058c8   Section        0  stm32l1xx_hal_cortex.o(i.__NVIC_SetPriority)
    __NVIC_SetPriority                       0x080058c9   Thumb Code    32  stm32l1xx_hal_cortex.o(i.__NVIC_SetPriority)
    i._is_digit                              0x080058e8   Section        0  __printf_wp.o(i._is_digit)
    i.checkkeypad                            0x080058f8   Section        0  main.o(i.checkkeypad)
    i.clearkeypad                            0x0800592c   Section        0  main.o(i.clearkeypad)
    i.keypadsm                               0x08005944   Section        0  main.o(i.keypadsm)
    i.lcd_clear                              0x08005b00   Section        0  main.o(i.lcd_clear)
    i.lcd_createChar                         0x08005b18   Section        0  main.o(i.lcd_createChar)
    i.lcd_init                               0x08005b68   Section        0  main.o(i.lcd_init)
    i.lcd_psu_init                           0x08005bc4   Section        0  main.o(i.lcd_psu_init)
    i.lcd_put_cur                            0x08005cb8   Section        0  main.o(i.lcd_put_cur)
    i.lcd_send_cmd                           0x08005cdc   Section        0  main.o(i.lcd_send_cmd)
    i.lcd_send_data                          0x08005d1c   Section        0  main.o(i.lcd_send_data)
    i.lcd_send_string                        0x08005d5c   Section        0  main.o(i.lcd_send_string)
    i.lcd_update_amperage                    0x08005d70   Section        0  main.o(i.lcd_update_amperage)
    i.lcd_update_voltage                     0x08005e08   Section        0  main.o(i.lcd_update_voltage)
    i.main                                   0x08005ea0   Section        0  main.o(i.main)
    i.translatekeypad                        0x08005fac   Section        0  main.o(i.translatekeypad)
    i.updatekeypad                           0x08006080   Section        0  main.o(i.updatekeypad)
    locale$$code                             0x080061cc   Section       44  lc_numeric_c.o(locale$$code)
    x$fpl$dretinf                            0x080061f8   Section       12  dretinf.o(x$fpl$dretinf)
    x$fpl$f2d                                0x08006204   Section       86  f2d.o(x$fpl$f2d)
    x$fpl$fadd                               0x0800625c   Section      196  faddsub_clz.o(x$fpl$fadd)
    _fadd1                                   0x0800626b   Thumb Code     0  faddsub_clz.o(x$fpl$fadd)
    x$fpl$fdiv                               0x08006320   Section      388  fdiv.o(x$fpl$fdiv)
    _fdiv1                                   0x08006321   Thumb Code     0  fdiv.o(x$fpl$fdiv)
    x$fpl$fflt                               0x080064a4   Section       48  fflt_clz.o(x$fpl$fflt)
    x$fpl$ffltu                              0x080064d4   Section       38  fflt_clz.o(x$fpl$ffltu)
    x$fpl$fnaninf                            0x080064fa   Section      140  fnaninf.o(x$fpl$fnaninf)
    x$fpl$fretinf                            0x08006586   Section       10  fretinf.o(x$fpl$fretinf)
    x$fpl$fsub                               0x08006590   Section      234  faddsub_clz.o(x$fpl$fsub)
    _fsub1                                   0x0800659f   Thumb Code     0  faddsub_clz.o(x$fpl$fsub)
    x$fpl$printf1                            0x0800667a   Section        4  printf1.o(x$fpl$printf1)
    .constdata                               0x0800667e   Section       64  main.o(.constdata)
    x$fpl$usenofp                            0x0800667e   Section        0  usenofp.o(x$fpl$usenofp)
    .constdata                               0x080066be   Section       25  system_stm32l1xx.o(.constdata)
    .constdata                               0x080066d7   Section        8  system_stm32l1xx.o(.constdata)
    .constdata                               0x080066e0   Section      148  bigflt0.o(.constdata)
    tenpwrs_x                                0x080066e0   Data          60  bigflt0.o(.constdata)
    tenpwrs_i                                0x0800671c   Data          64  bigflt0.o(.constdata)
    locale$$data                             0x08006794   Section       28  lc_numeric_c.o(locale$$data)
    __lcnum_c_name                           0x08006798   Data           2  lc_numeric_c.o(locale$$data)
    __lcnum_c_start                          0x080067a0   Data           0  lc_numeric_c.o(locale$$data)
    __lcnum_c_point                          0x080067ac   Data           0  lc_numeric_c.o(locale$$data)
    __lcnum_c_thousands                      0x080067ae   Data           0  lc_numeric_c.o(locale$$data)
    __lcnum_c_grouping                       0x080067af   Data           0  lc_numeric_c.o(locale$$data)
    __lcnum_c_end                            0x080067b0   Data           0  lc_numeric_c.o(locale$$data)
    .data                                    0x20000000   Section       41  main.o(.data)
    .data                                    0x2000002c   Section       28  usbd_desc.o(.data)
    .data                                    0x20000048   Section       50  usbd_desc.o(.data)
    .data                                    0x2000007c   Section       16  usbd_cdc_if.o(.data)
    .data                                    0x2000008c   Section       12  stm32l1xx_hal.o(.data)
    .data                                    0x20000098   Section        4  system_stm32l1xx.o(.data)
    .data                                    0x2000009c   Section        1  usbd_ctlreq.o(.data)
    cfgidx                                   0x2000009c   Data           1  usbd_ctlreq.o(.data)
    .data                                    0x200000a0   Section      215  usbd_cdc.o(.data)
    USBD_CDC_DeviceQualifierDesc             0x200000a0   Data          10  usbd_cdc.o(.data)
    .data                                    0x20000178   Section       56  usbd_cdc.o(.data)
    .bss                                     0x200001b0   Section      320  main.o(.bss)
    .bss                                     0x200002f0   Section      668  usb_device.o(.bss)
    .bss                                     0x2000058c   Section      512  usbd_desc.o(.bss)
    .bss                                     0x2000078c   Section     2000  usbd_cdc_if.o(.bss)
    .bss                                     0x20000f5c   Section     1292  usbd_conf.o(.bss)
    mem                                      0x20000f5c   Data         544  usbd_conf.o(.bss)
    .bss                                     0x20001468   Section       96  libspace.o(.bss)
    HEAP                                     0x200014c8   Section     8192  startup_stm32l151xba.o(HEAP)
    Heap_Mem                                 0x200014c8   Data        8192  startup_stm32l151xba.o(HEAP)
    STACK                                    0x200034c8   Section    16384  startup_stm32l151xba.o(STACK)
    Stack_Mem                                0x200034c8   Data       16384  startup_stm32l151xba.o(STACK)
    __initial_sp                             0x200074c8   Data           0  startup_stm32l151xba.o(STACK)

    Global Symbols

    Symbol Name                              Value     Ov Type        Size  Object(Section)

    BuildAttributes$$THM_ISAv4$P$D$K$B$S$PE$A:L22UL41UL21$X:L11$S22US41US21$IEEE1$IW$USESV6$~STKCKD$USESV7$~SHL$OTIME$ROPI$IEEEJ$EBA8$UX$STANDARDLIB$REQ8$PRES8$EABIv2 0x00000000   Number         0  anon$$obj.o ABSOLUTE
    __ARM_use_no_argv                        0x00000000   Number         0  main.o ABSOLUTE
    _printf_flags                            0x00000000   Number         0  printf_stubs.o ABSOLUTE
    _printf_return_value                     0x00000000   Number         0  printf_stubs.o ABSOLUTE
    _printf_sizespec                         0x00000000   Number         0  printf_stubs.o ABSOLUTE
    _printf_widthprec                        0x00000000   Number         0  printf_stubs.o ABSOLUTE
    __ARM_exceptions_init                     - Undefined Weak Reference
    __alloca_initialize                       - Undefined Weak Reference
    __arm_fini_                               - Undefined Weak Reference
    __arm_preinit_                            - Undefined Weak Reference
    __cpp_initialize__aeabi_                  - Undefined Weak Reference
    __cxa_finalize                            - Undefined Weak Reference
    __sigvec_lookup                           - Undefined Weak Reference
    _atexit_init                              - Undefined Weak Reference
    _call_atexit_fns                          - Undefined Weak Reference
    _clock_init                               - Undefined Weak Reference
    _fp_trap_init                             - Undefined Weak Reference
    _fp_trap_shutdown                         - Undefined Weak Reference
    _get_lc_collate                           - Undefined Weak Reference
    _get_lc_ctype                             - Undefined Weak Reference
    _get_lc_monetary                          - Undefined Weak Reference
    _get_lc_time                              - Undefined Weak Reference
    _getenv_init                              - Undefined Weak Reference
    _handle_redirection                       - Undefined Weak Reference
    _init_alloc                               - Undefined Weak Reference
    _init_user_alloc                          - Undefined Weak Reference
    _initio                                   - Undefined Weak Reference
    _printf_post_padding                      - Undefined Weak Reference
    _printf_pre_padding                       - Undefined Weak Reference
    _rand_init                                - Undefined Weak Reference
    _signal_finish                            - Undefined Weak Reference
    _signal_init                              - Undefined Weak Reference
    _terminate_alloc                          - Undefined Weak Reference
    _terminate_user_alloc                     - Undefined Weak Reference
    _terminateio                              - Undefined Weak Reference
    __Vectors_Size                           0x000000f4   Number         0  startup_stm32l151xba.o ABSOLUTE
    __Vectors                                0x08000000   Data           4  startup_stm32l151xba.o(RESET)
    __Vectors_End                            0x080000f4   Data           0  startup_stm32l151xba.o(RESET)
    __main                                   0x080000f5   Thumb Code     8  __main.o(!!!main)
    __scatterload                            0x080000fd   Thumb Code     0  __scatter.o(!!!scatter)
    __scatterload_rt2                        0x080000fd   Thumb Code    44  __scatter.o(!!!scatter)
    __scatterload_rt2_thumb_only             0x080000fd   Thumb Code     0  __scatter.o(!!!scatter)
    __scatterload_null                       0x0800010b   Thumb Code     0  __scatter.o(!!!scatter)
    __decompress                             0x08000131   Thumb Code    90  __dczerorl2.o(!!dczerorl2)
    __decompress1                            0x08000131   Thumb Code     0  __dczerorl2.o(!!dczerorl2)
    __scatterload_zeroinit                   0x0800018d   Thumb Code    28  __scatter_zi.o(!!handler_zi)
    _printf_f                                0x080001a9   Thumb Code     0  _printf_f.o(.ARM.Collect$$_printf_percent$$00000003)
    _printf_percent                          0x080001a9   Thumb Code     0  _printf_percent.o(.ARM.Collect$$_printf_percent$$00000000)
    _printf_percent_end                      0x080001af   Thumb Code     0  _printf_percent_end.o(.ARM.Collect$$_printf_percent$$00000017)
    __rt_lib_init                            0x080001b3   Thumb Code     0  libinit.o(.ARM.Collect$$libinit$$00000000)
    __rt_lib_init_fp_1                       0x080001b5   Thumb Code     0  libinit2.o(.ARM.Collect$$libinit$$00000002)
    __rt_lib_init_heap_1                     0x080001b5   Thumb Code     0  libinit2.o(.ARM.Collect$$libinit$$0000000A)
    __rt_lib_init_lc_common                  0x080001b5   Thumb Code     0  libinit2.o(.ARM.Collect$$libinit$$0000000F)
    __rt_lib_init_preinit_1                  0x080001b5   Thumb Code     0  libinit2.o(.ARM.Collect$$libinit$$00000004)
    __rt_lib_init_rand_1                     0x080001b5   Thumb Code     0  libinit2.o(.ARM.Collect$$libinit$$0000000E)
    __rt_lib_init_user_alloc_1               0x080001b5   Thumb Code     0  libinit2.o(.ARM.Collect$$libinit$$0000000C)
    __rt_lib_init_lc_collate_1               0x080001bb   Thumb Code     0  libinit2.o(.ARM.Collect$$libinit$$00000011)
    __rt_lib_init_lc_ctype_1                 0x080001bb   Thumb Code     0  libinit2.o(.ARM.Collect$$libinit$$00000013)
    __rt_lib_init_lc_monetary_1              0x080001bb   Thumb Code     0  libinit2.o(.ARM.Collect$$libinit$$00000015)
    __rt_lib_init_lc_numeric_2               0x080001bb   Thumb Code     0  libinit2.o(.ARM.Collect$$libinit$$00000016)
    __rt_lib_init_alloca_1                   0x080001c5   Thumb Code     0  libinit2.o(.ARM.Collect$$libinit$$0000002E)
    __rt_lib_init_argv_1                     0x080001c5   Thumb Code     0  libinit2.o(.ARM.Collect$$libinit$$0000002C)
    __rt_lib_init_atexit_1                   0x080001c5   Thumb Code     0  libinit2.o(.ARM.Collect$$libinit$$0000001B)
    __rt_lib_init_clock_1                    0x080001c5   Thumb Code     0  libinit2.o(.ARM.Collect$$libinit$$00000021)
    __rt_lib_init_cpp_1                      0x080001c5   Thumb Code     0  libinit2.o(.ARM.Collect$$libinit$$00000032)
    __rt_lib_init_exceptions_1               0x080001c5   Thumb Code     0  libinit2.o(.ARM.Collect$$libinit$$00000030)
    __rt_lib_init_fp_trap_1                  0x080001c5   Thumb Code     0  libinit2.o(.ARM.Collect$$libinit$$0000001F)
    __rt_lib_init_getenv_1                   0x080001c5   Thumb Code     0  libinit2.o(.ARM.Collect$$libinit$$00000023)
    __rt_lib_init_lc_numeric_1               0x080001c5   Thumb Code     0  libinit2.o(.ARM.Collect$$libinit$$00000017)
    __rt_lib_init_lc_time_1                  0x080001c5   Thumb Code     0  libinit2.o(.ARM.Collect$$libinit$$00000019)
    __rt_lib_init_return                     0x080001c5   Thumb Code     0  libinit2.o(.ARM.Collect$$libinit$$00000033)
    __rt_lib_init_signal_1                   0x080001c5   Thumb Code     0  libinit2.o(.ARM.Collect$$libinit$$0000001D)
    __rt_lib_init_stdio_1                    0x080001c5   Thumb Code     0  libinit2.o(.ARM.Collect$$libinit$$00000025)
    __rt_lib_shutdown                        0x080001c7   Thumb Code     0  libshutdown.o(.ARM.Collect$$libshutdown$$00000000)
    __rt_lib_shutdown_cpp_1                  0x080001c9   Thumb Code     0  libshutdown2.o(.ARM.Collect$$libshutdown$$00000004)
    __rt_lib_shutdown_fini_1                 0x080001c9   Thumb Code     0  libshutdown2.o(.ARM.Collect$$libshutdown$$00000002)
    __rt_lib_shutdown_fp_trap_1              0x080001c9   Thumb Code     0  libshutdown2.o(.ARM.Collect$$libshutdown$$00000009)
    __rt_lib_shutdown_heap_1                 0x080001c9   Thumb Code     0  libshutdown2.o(.ARM.Collect$$libshutdown$$00000011)
    __rt_lib_shutdown_return                 0x080001c9   Thumb Code     0  libshutdown2.o(.ARM.Collect$$libshutdown$$00000012)
    __rt_lib_shutdown_signal_1               0x080001c9   Thumb Code     0  libshutdown2.o(.ARM.Collect$$libshutdown$$0000000C)
    __rt_lib_shutdown_stdio_1                0x080001c9   Thumb Code     0  libshutdown2.o(.ARM.Collect$$libshutdown$$00000006)
    __rt_lib_shutdown_user_alloc_1           0x080001c9   Thumb Code     0  libshutdown2.o(.ARM.Collect$$libshutdown$$0000000E)
    __rt_entry                               0x080001cb   Thumb Code     0  __rtentry.o(.ARM.Collect$$rtentry$$00000000)
    __rt_entry_presh_1                       0x080001cb   Thumb Code     0  __rtentry2.o(.ARM.Collect$$rtentry$$00000002)
    __rt_entry_sh                            0x080001cb   Thumb Code     0  __rtentry4.o(.ARM.Collect$$rtentry$$00000004)
    __rt_entry_li                            0x080001d1   Thumb Code     0  __rtentry2.o(.ARM.Collect$$rtentry$$0000000A)
    __rt_entry_postsh_1                      0x080001d1   Thumb Code     0  __rtentry2.o(.ARM.Collect$$rtentry$$00000009)
    __rt_entry_main                          0x080001d5   Thumb Code     0  __rtentry2.o(.ARM.Collect$$rtentry$$0000000D)
    __rt_entry_postli_1                      0x080001d5   Thumb Code     0  __rtentry2.o(.ARM.Collect$$rtentry$$0000000C)
    __rt_exit                                0x080001dd   Thumb Code     0  rtexit.o(.ARM.Collect$$rtexit$$00000000)
    __rt_exit_ls                             0x080001df   Thumb Code     0  rtexit2.o(.ARM.Collect$$rtexit$$00000003)
    __rt_exit_prels_1                        0x080001df   Thumb Code     0  rtexit2.o(.ARM.Collect$$rtexit$$00000002)
    __rt_exit_exit                           0x080001e3   Thumb Code     0  rtexit2.o(.ARM.Collect$$rtexit$$00000004)
    Reset_Handler                            0x080001e9   Thumb Code     8  startup_stm32l151xba.o(.text)
    ADC1_IRQHandler                          0x08000203   Thumb Code     0  startup_stm32l151xba.o(.text)
    COMP_IRQHandler                          0x08000203   Thumb Code     0  startup_stm32l151xba.o(.text)
    DAC_IRQHandler                           0x08000203   Thumb Code     0  startup_stm32l151xba.o(.text)
    DMA1_Channel1_IRQHandler                 0x08000203   Thumb Code     0  startup_stm32l151xba.o(.text)
    DMA1_Channel2_IRQHandler                 0x08000203   Thumb Code     0  startup_stm32l151xba.o(.text)
    DMA1_Channel3_IRQHandler                 0x08000203   Thumb Code     0  startup_stm32l151xba.o(.text)
    DMA1_Channel4_IRQHandler                 0x08000203   Thumb Code     0  startup_stm32l151xba.o(.text)
    DMA1_Channel5_IRQHandler                 0x08000203   Thumb Code     0  startup_stm32l151xba.o(.text)
    DMA1_Channel6_IRQHandler                 0x08000203   Thumb Code     0  startup_stm32l151xba.o(.text)
    DMA1_Channel7_IRQHandler                 0x08000203   Thumb Code     0  startup_stm32l151xba.o(.text)
    EXTI0_IRQHandler                         0x08000203   Thumb Code     0  startup_stm32l151xba.o(.text)
    EXTI1_IRQHandler                         0x08000203   Thumb Code     0  startup_stm32l151xba.o(.text)
    EXTI2_IRQHandler                         0x08000203   Thumb Code     0  startup_stm32l151xba.o(.text)
    EXTI3_IRQHandler                         0x08000203   Thumb Code     0  startup_stm32l151xba.o(.text)
    EXTI4_IRQHandler                         0x08000203   Thumb Code     0  startup_stm32l151xba.o(.text)
    EXTI9_5_IRQHandler                       0x08000203   Thumb Code     0  startup_stm32l151xba.o(.text)
    FLASH_IRQHandler                         0x08000203   Thumb Code     0  startup_stm32l151xba.o(.text)
    I2C1_ER_IRQHandler                       0x08000203   Thumb Code     0  startup_stm32l151xba.o(.text)
    I2C1_EV_IRQHandler                       0x08000203   Thumb Code     0  startup_stm32l151xba.o(.text)
    I2C2_ER_IRQHandler                       0x08000203   Thumb Code     0  startup_stm32l151xba.o(.text)
    I2C2_EV_IRQHandler                       0x08000203   Thumb Code     0  startup_stm32l151xba.o(.text)
    PVD_IRQHandler                           0x08000203   Thumb Code     0  startup_stm32l151xba.o(.text)
    RCC_IRQHandler                           0x08000203   Thumb Code     0  startup_stm32l151xba.o(.text)
    RTC_Alarm_IRQHandler                     0x08000203   Thumb Code     0  startup_stm32l151xba.o(.text)
    RTC_WKUP_IRQHandler                      0x08000203   Thumb Code     0  startup_stm32l151xba.o(.text)
    SPI1_IRQHandler                          0x08000203   Thumb Code     0  startup_stm32l151xba.o(.text)
    SPI2_IRQHandler                          0x08000203   Thumb Code     0  startup_stm32l151xba.o(.text)
    TAMPER_STAMP_IRQHandler                  0x08000203   Thumb Code     0  startup_stm32l151xba.o(.text)
    TIM10_IRQHandler                         0x08000203   Thumb Code     0  startup_stm32l151xba.o(.text)
    TIM11_IRQHandler                         0x08000203   Thumb Code     0  startup_stm32l151xba.o(.text)
    TIM3_IRQHandler                          0x08000203   Thumb Code     0  startup_stm32l151xba.o(.text)
    TIM4_IRQHandler                          0x08000203   Thumb Code     0  startup_stm32l151xba.o(.text)
    TIM6_IRQHandler                          0x08000203   Thumb Code     0  startup_stm32l151xba.o(.text)
    TIM7_IRQHandler                          0x08000203   Thumb Code     0  startup_stm32l151xba.o(.text)
    TIM9_IRQHandler                          0x08000203   Thumb Code     0  startup_stm32l151xba.o(.text)
    USART1_IRQHandler                        0x08000203   Thumb Code     0  startup_stm32l151xba.o(.text)
    USART2_IRQHandler                        0x08000203   Thumb Code     0  startup_stm32l151xba.o(.text)
    USART3_IRQHandler                        0x08000203   Thumb Code     0  startup_stm32l151xba.o(.text)
    USB_FS_WKUP_IRQHandler                   0x08000203   Thumb Code     0  startup_stm32l151xba.o(.text)
    USB_HP_IRQHandler                        0x08000203   Thumb Code     0  startup_stm32l151xba.o(.text)
    WWDG_IRQHandler                          0x08000203   Thumb Code     0  startup_stm32l151xba.o(.text)
    __user_initial_stackheap                 0x08000205   Thumb Code     0  startup_stm32l151xba.o(.text)
    __aeabi_uldivmod                         0x08000229   Thumb Code     0  lludivv7m.o(.text)
    _ll_udiv                                 0x08000229   Thumb Code   238  lludivv7m.o(.text)
    __2snprintf                              0x08000319   Thumb Code    48  noretval__2snprintf.o(.text)
    __printf                                 0x0800034d   Thumb Code   270  __printf_wp.o(.text)
    __aeabi_memcpy4                          0x0800045b   Thumb Code     0  rt_memcpy_w.o(.text)
    __aeabi_memcpy8                          0x0800045b   Thumb Code     0  rt_memcpy_w.o(.text)
    __rt_memcpy_w                            0x0800045b   Thumb Code   100  rt_memcpy_w.o(.text)
    _memcpy_lastbytes_aligned                0x080004a3   Thumb Code     0  rt_memcpy_w.o(.text)
    __aeabi_memclr4                          0x080004bf   Thumb Code     0  rt_memclr_w.o(.text)
    __aeabi_memclr8                          0x080004bf   Thumb Code     0  rt_memclr_w.o(.text)
    __rt_memclr_w                            0x080004bf   Thumb Code    78  rt_memclr_w.o(.text)
    _memset_w                                0x080004c3   Thumb Code     0  rt_memclr_w.o(.text)
    __use_two_region_memory                  0x0800050d   Thumb Code     2  heapauxi.o(.text)
    __rt_heap_escrow$2region                 0x0800050f   Thumb Code     2  heapauxi.o(.text)
    __rt_heap_expand$2region                 0x08000511   Thumb Code     2  heapauxi.o(.text)
    __lib_sel_fp_printf                      0x08000513   Thumb Code     2  _printf_fp_dec.o(.text)
    _printf_fp_dec_real                      0x080006c5   Thumb Code   620  _printf_fp_dec.o(.text)
    _printf_char_common                      0x0800093b   Thumb Code    32  _printf_char_common.o(.text)
    _sputc                                   0x08000961   Thumb Code    10  _sputc.o(.text)
    _snputc                                  0x0800096b   Thumb Code    16  _snputc.o(.text)
    __rt_locale                              0x0800097d   Thumb Code     8  rt_locale_intlibspace.o(.text)
    _ll_udiv10                               0x08000985   Thumb Code   138  lludiv10.o(.text)
    _printf_fp_infnan                        0x08000a11   Thumb Code   112  _printf_fp_infnan.o(.text)
    _btod_etento                             0x08000a91   Thumb Code   224  bigflt0.o(.text)
    __user_libspace                          0x08000b75   Thumb Code     8  libspace.o(.text)
    __user_perproc_libspace                  0x08000b75   Thumb Code     0  libspace.o(.text)
    __user_perthread_libspace                0x08000b75   Thumb Code     0  libspace.o(.text)
    __user_setup_stackheap                   0x08000b7d   Thumb Code    74  sys_stackheap_outer.o(.text)
    exit                                     0x08000bc7   Thumb Code    18  exit.o(.text)
    strcmp                                   0x08000bd9   Thumb Code   128  strcmpv7m.o(.text)
    _sys_exit                                0x08000c59   Thumb Code     8  sys_exit.o(.text)
    __I$use$semihosting                      0x08000c65   Thumb Code     0  use_no_semi.o(.text)
    __use_no_semihosting_swi                 0x08000c65   Thumb Code     2  use_no_semi.o(.text)
    __semihosting_library_function           0x08000c67   Thumb Code     0  indicate_semi.o(.text)
    _btod_d2e                                0x08000c67   Thumb Code    62  btod.o(CL$$btod_d2e)
    _d2e_denorm_low                          0x08000ca5   Thumb Code    70  btod.o(CL$$btod_d2e_denorm_low)
    _d2e_norm_op1                            0x08000ceb   Thumb Code    96  btod.o(CL$$btod_d2e_norm_op1)
    __btod_div_common                        0x08000d4b   Thumb Code   696  btod.o(CL$$btod_div_common)
    _e2e                                     0x08001083   Thumb Code   220  btod.o(CL$$btod_e2e)
    _btod_ediv                               0x0800115f   Thumb Code    42  btod.o(CL$$btod_ediv)
    _btod_emul                               0x08001189   Thumb Code    42  btod.o(CL$$btod_emul)
    __btod_mult_common                       0x080011b3   Thumb Code   580  btod.o(CL$$btod_mult_common)
    BusFault_Handler                         0x080013f7   Thumb Code     2  stm32l1xx_it.o(i.BusFault_Handler)
    DebugMon_Handler                         0x0800143d   Thumb Code     2  stm32l1xx_it.o(i.DebugMon_Handler)
    EXTI15_10_IRQHandler                     0x0800143f   Thumb Code    54  stm32l1xx_it.o(i.EXTI15_10_IRQHandler)
    Error_Handler                            0x08001475   Thumb Code     4  main.o(i.Error_Handler)
    HAL_ADC_ConfigChannel                    0x08001479   Thumb Code   316  stm32l1xx_hal_adc.o(i.HAL_ADC_ConfigChannel)
    HAL_ADC_Init                             0x080015c1   Thumb Code   394  stm32l1xx_hal_adc.o(i.HAL_ADC_Init)
    HAL_ADC_MspInit                          0x08001761   Thumb Code    84  stm32l1xx_hal_msp.o(i.HAL_ADC_MspInit)
    HAL_DAC_ConfigChannel                    0x080017c1   Thumb Code    70  stm32l1xx_hal_dac.o(i.HAL_DAC_ConfigChannel)
    HAL_DAC_Init                             0x08001807   Thumb Code    40  stm32l1xx_hal_dac.o(i.HAL_DAC_Init)
    HAL_DAC_MspInit                          0x08001831   Thumb Code    84  stm32l1xx_hal_msp.o(i.HAL_DAC_MspInit)
    HAL_Delay                                0x08001891   Thumb Code    32  stm32l1xx_hal.o(i.HAL_Delay)
    HAL_GPIO_EXTI_Callback                   0x080018b5   Thumb Code   226  main.o(i.HAL_GPIO_EXTI_Callback)
    HAL_GPIO_EXTI_IRQHandler                 0x080019a9   Thumb Code    18  stm32l1xx_hal_gpio.o(i.HAL_GPIO_EXTI_IRQHandler)
    HAL_GPIO_Init                            0x080019c1   Thumb Code   530  stm32l1xx_hal_gpio.o(i.HAL_GPIO_Init)
    HAL_GPIO_ReadPin                         0x08001bf5   Thumb Code    10  stm32l1xx_hal_gpio.o(i.HAL_GPIO_ReadPin)
    HAL_GPIO_WritePin                        0x08001bff   Thumb Code    10  stm32l1xx_hal_gpio.o(i.HAL_GPIO_WritePin)
    HAL_GetTick                              0x08001c09   Thumb Code     6  stm32l1xx_hal.o(i.HAL_GetTick)
    HAL_I2C_Init                             0x08001c15   Thumb Code   376  stm32l1xx_hal_i2c.o(i.HAL_I2C_Init)
    HAL_I2C_Master_Transmit                  0x08001d9d   Thumb Code   290  stm32l1xx_hal_i2c.o(i.HAL_I2C_Master_Transmit)
    HAL_I2C_MspInit                          0x08001ec9   Thumb Code    92  stm32l1xx_hal_msp.o(i.HAL_I2C_MspInit)
    HAL_IncTick                              0x08001f31   Thumb Code    12  stm32l1xx_hal.o(i.HAL_IncTick)
    HAL_Init                                 0x08001f41   Thumb Code    30  stm32l1xx_hal.o(i.HAL_Init)
    HAL_InitTick                             0x08001f61   Thumb Code    58  stm32l1xx_hal.o(i.HAL_InitTick)
    HAL_MspInit                              0x08001fa5   Thumb Code    56  stm32l1xx_hal_msp.o(i.HAL_MspInit)
    HAL_NVIC_EnableIRQ                       0x08001fe1   Thumb Code    26  stm32l1xx_hal_cortex.o(i.HAL_NVIC_EnableIRQ)
    HAL_NVIC_SetPriority                     0x08001ffd   Thumb Code    60  stm32l1xx_hal_cortex.o(i.HAL_NVIC_SetPriority)
    HAL_NVIC_SetPriorityGrouping             0x0800203d   Thumb Code    26  stm32l1xx_hal_cortex.o(i.HAL_NVIC_SetPriorityGrouping)
    HAL_PCDEx_PMAConfig                      0x08002061   Thumb Code    60  stm32l1xx_hal_pcd_ex.o(i.HAL_PCDEx_PMAConfig)
    HAL_PCDEx_SetConnectionState             0x0800209d   Thumb Code    22  usbd_conf.o(i.HAL_PCDEx_SetConnectionState)
    HAL_PCD_DataInStageCallback              0x080020b9   Thumb Code    18  usbd_conf.o(i.HAL_PCD_DataInStageCallback)
    HAL_PCD_DataOutStageCallback             0x080020cb   Thumb Code    20  usbd_conf.o(i.HAL_PCD_DataOutStageCallback)
    HAL_PCD_EP_Close                         0x080020df   Thumb Code    76  stm32l1xx_hal_pcd.o(i.HAL_PCD_EP_Close)
    HAL_PCD_EP_ClrStall                      0x0800212b   Thumb Code    92  stm32l1xx_hal_pcd.o(i.HAL_PCD_EP_ClrStall)
    HAL_PCD_EP_GetRxCount                    0x0800259d   Thumb Code    18  stm32l1xx_hal_pcd.o(i.HAL_PCD_EP_GetRxCount)
    HAL_PCD_EP_Open                          0x080025af   Thumb Code    96  stm32l1xx_hal_pcd.o(i.HAL_PCD_EP_Open)
    HAL_PCD_EP_Receive                       0x0800260f   Thumb Code    50  stm32l1xx_hal_pcd.o(i.HAL_PCD_EP_Receive)
    HAL_PCD_EP_SetStall                      0x08002641   Thumb Code    96  stm32l1xx_hal_pcd.o(i.HAL_PCD_EP_SetStall)
    HAL_PCD_EP_Transmit                      0x080026a1   Thumb Code    52  stm32l1xx_hal_pcd.o(i.HAL_PCD_EP_Transmit)
    HAL_PCD_IRQHandler                       0x080026d5   Thumb Code   256  stm32l1xx_hal_pcd.o(i.HAL_PCD_IRQHandler)
    HAL_PCD_Init                             0x080027d5   Thumb Code   166  stm32l1xx_hal_pcd.o(i.HAL_PCD_Init)
    HAL_PCD_MspInit                          0x0800287d   Thumb Code    50  usbd_conf.o(i.HAL_PCD_MspInit)
    HAL_PCD_ResetCallback                    0x080028b9   Thumb Code    38  usbd_conf.o(i.HAL_PCD_ResetCallback)
    HAL_PCD_ResumeCallback                   0x080028df   Thumb Code     8  usbd_conf.o(i.HAL_PCD_ResumeCallback)
    HAL_PCD_SOFCallback                      0x080028e7   Thumb Code     8  usbd_conf.o(i.HAL_PCD_SOFCallback)
    HAL_PCD_SetAddress                       0x080028ef   Thumb Code    40  stm32l1xx_hal_pcd.o(i.HAL_PCD_SetAddress)
    HAL_PCD_SetupStageCallback               0x08002917   Thumb Code    14  usbd_conf.o(i.HAL_PCD_SetupStageCallback)
    HAL_PCD_Start                            0x08002925   Thumb Code    50  stm32l1xx_hal_pcd.o(i.HAL_PCD_Start)
    HAL_PCD_SuspendCallback                  0x08002959   Thumb Code    30  usbd_conf.o(i.HAL_PCD_SuspendCallback)
    HAL_RCC_ClockConfig                      0x0800297d   Thumb Code   400  stm32l1xx_hal_rcc.o(i.HAL_RCC_ClockConfig)
    HAL_RCC_GetPCLK1Freq                     0x08002b21   Thumb Code    20  stm32l1xx_hal_rcc.o(i.HAL_RCC_GetPCLK1Freq)
    HAL_RCC_GetPCLK2Freq                     0x08002b41   Thumb Code    20  stm32l1xx_hal_rcc.o(i.HAL_RCC_GetPCLK2Freq)
    HAL_RCC_GetSysClockFreq                  0x08002b61   Thumb Code    86  stm32l1xx_hal_rcc.o(i.HAL_RCC_GetSysClockFreq)
    HAL_RCC_OscConfig                        0x08002bc5   Thumb Code  1064  stm32l1xx_hal_rcc.o(i.HAL_RCC_OscConfig)
    HAL_SYSTICK_Config                       0x08002fed   Thumb Code    40  stm32l1xx_hal_cortex.o(i.HAL_SYSTICK_Config)
    HAL_TIMEx_MasterConfigSynchronization    0x08003015   Thumb Code    92  stm32l1xx_hal_tim_ex.o(i.HAL_TIMEx_MasterConfigSynchronization)
    HAL_TIM_Base_Init                        0x0800307d   Thumb Code    74  stm32l1xx_hal_tim.o(i.HAL_TIM_Base_Init)
    HAL_TIM_Base_MspInit                     0x080030c9   Thumb Code    50  stm32l1xx_hal_msp.o(i.HAL_TIM_Base_MspInit)
    HAL_TIM_Base_Start_IT                    0x08003101   Thumb Code    76  stm32l1xx_hal_tim.o(i.HAL_TIM_Base_Start_IT)
    HAL_TIM_Base_Stop_IT                     0x08003159   Thumb Code    40  stm32l1xx_hal_tim.o(i.HAL_TIM_Base_Stop_IT)
    HAL_TIM_ConfigClockSource                0x08003181   Thumb Code   214  stm32l1xx_hal_tim.o(i.HAL_TIM_ConfigClockSource)
    HAL_TIM_IC_CaptureCallback               0x08003257   Thumb Code     2  stm32l1xx_hal_tim.o(i.HAL_TIM_IC_CaptureCallback)
    HAL_TIM_IRQHandler                       0x08003259   Thumb Code   294  stm32l1xx_hal_tim.o(i.HAL_TIM_IRQHandler)
    HAL_TIM_OC_DelayElapsedCallback          0x0800337f   Thumb Code     2  stm32l1xx_hal_tim.o(i.HAL_TIM_OC_DelayElapsedCallback)
    HAL_TIM_PWM_PulseFinishedCallback        0x08003381   Thumb Code     2  stm32l1xx_hal_tim.o(i.HAL_TIM_PWM_PulseFinishedCallback)
    HAL_TIM_PeriodElapsedCallback            0x08003385   Thumb Code   492  main.o(i.HAL_TIM_PeriodElapsedCallback)
    HAL_TIM_TriggerCallback                  0x08003581   Thumb Code     2  stm32l1xx_hal_tim.o(i.HAL_TIM_TriggerCallback)
    HAL_UART_Init                            0x08003583   Thumb Code    98  stm32l1xx_hal_uart.o(i.HAL_UART_Init)
    HAL_UART_MspInit                         0x080035e5   Thumb Code    94  stm32l1xx_hal_msp.o(i.HAL_UART_MspInit)
    HardFault_Handler                        0x08003651   Thumb Code     2  stm32l1xx_it.o(i.HardFault_Handler)
    LCD_CursorBlinkOnOff                     0x080038ed   Thumb Code    38  main.o(i.LCD_CursorBlinkOnOff)
    MX_USB_DEVICE_Init                       0x08003abd   Thumb Code    66  usb_device.o(i.MX_USB_DEVICE_Init)
    MemManage_Handler                        0x08003b11   Thumb Code     2  stm32l1xx_it.o(i.MemManage_Handler)
    NMI_Handler                              0x08003b13   Thumb Code     2  stm32l1xx_it.o(i.NMI_Handler)
    PendSV_Handler                           0x08003e29   Thumb Code     2  stm32l1xx_it.o(i.PendSV_Handler)
    SVC_Handler                              0x08003ead   Thumb Code     2  stm32l1xx_it.o(i.SVC_Handler)
    SysTick_Handler                          0x08003eaf   Thumb Code     4  stm32l1xx_it.o(i.SysTick_Handler)
    SystemClock_Config                       0x08003eb5   Thumb Code   110  main.o(i.SystemClock_Config)
    SystemInit                               0x08003f29   Thumb Code     2  system_stm32l1xx.o(i.SystemInit)
    TIM2_IRQHandler                          0x08003f2d   Thumb Code     6  stm32l1xx_it.o(i.TIM2_IRQHandler)
    USBD_CDC_GetDeviceQualifierDescriptor    0x08004211   Thumb Code     8  usbd_cdc.o(i.USBD_CDC_GetDeviceQualifierDescriptor)
    USBD_CDC_ReceivePacket                   0x080042d5   Thumb Code    40  usbd_cdc.o(i.USBD_CDC_ReceivePacket)
    USBD_CDC_RegisterInterface               0x080042fd   Thumb Code    16  usbd_cdc.o(i.USBD_CDC_RegisterInterface)
    USBD_CDC_SetRxBuffer                     0x0800430d   Thumb Code    12  usbd_cdc.o(i.USBD_CDC_SetRxBuffer)
    USBD_CDC_SetTxBuffer                     0x08004319   Thumb Code    16  usbd_cdc.o(i.USBD_CDC_SetTxBuffer)
    USBD_ClrClassConfig                      0x080043d5   Thumb Code    14  usbd_core.o(i.USBD_ClrClassConfig)
    USBD_CtlContinueRx                       0x080043e3   Thumb Code    16  usbd_ioreq.o(i.USBD_CtlContinueRx)
    USBD_CtlContinueSendData                 0x080043f3   Thumb Code    16  usbd_ioreq.o(i.USBD_CtlContinueSendData)
    USBD_CtlError                            0x08004403   Thumb Code    22  usbd_ctlreq.o(i.USBD_CtlError)
    USBD_CtlPrepareRx                        0x08004419   Thumb Code    30  usbd_ioreq.o(i.USBD_CtlPrepareRx)
    USBD_CtlReceiveStatus                    0x08004437   Thumb Code    22  usbd_ioreq.o(i.USBD_CtlReceiveStatus)
    USBD_CtlSendData                         0x0800444d   Thumb Code    26  usbd_ioreq.o(i.USBD_CtlSendData)
    USBD_CtlSendStatus                       0x08004467   Thumb Code    22  usbd_ioreq.o(i.USBD_CtlSendStatus)
    USBD_FS_ConfigStrDescriptor              0x0800447d   Thumb Code    16  usbd_desc.o(i.USBD_FS_ConfigStrDescriptor)
    USBD_FS_DeviceDescriptor                 0x0800449d   Thumb Code     8  usbd_desc.o(i.USBD_FS_DeviceDescriptor)
    USBD_FS_InterfaceStrDescriptor           0x080044a9   Thumb Code    16  usbd_desc.o(i.USBD_FS_InterfaceStrDescriptor)
    USBD_FS_LangIDStrDescriptor              0x080044cd   Thumb Code     8  usbd_desc.o(i.USBD_FS_LangIDStrDescriptor)
    USBD_FS_ManufacturerStrDescriptor        0x080044d9   Thumb Code    16  usbd_desc.o(i.USBD_FS_ManufacturerStrDescriptor)
    USBD_FS_ProductStrDescriptor             0x08004501   Thumb Code    16  usbd_desc.o(i.USBD_FS_ProductStrDescriptor)
    USBD_FS_SerialStrDescriptor              0x0800452d   Thumb Code    44  usbd_desc.o(i.USBD_FS_SerialStrDescriptor)
    USBD_GetString                           0x08004649   Thumb Code    72  usbd_ctlreq.o(i.USBD_GetString)
    USBD_Init                                0x080046a9   Thumb Code    42  usbd_core.o(i.USBD_Init)
    USBD_LL_ClearStallEP                     0x080046d3   Thumb Code    18  usbd_conf.o(i.USBD_LL_ClearStallEP)
    USBD_LL_CloseEP                          0x080046e5   Thumb Code    18  usbd_conf.o(i.USBD_LL_CloseEP)
    USBD_LL_DataInStage                      0x080046f7   Thumb Code   198  usbd_core.o(i.USBD_LL_DataInStage)
    USBD_LL_DataOutStage                     0x080047bd   Thumb Code   130  usbd_core.o(i.USBD_LL_DataOutStage)
    USBD_LL_GetRxDataSize                    0x0800483f   Thumb Code     8  usbd_conf.o(i.USBD_LL_GetRxDataSize)
    USBD_LL_Init                             0x08004849   Thumb Code   118  usbd_conf.o(i.USBD_LL_Init)
    USBD_LL_IsStallEP                        0x080048c9   Thumb Code    32  usbd_conf.o(i.USBD_LL_IsStallEP)
    USBD_LL_OpenEP                           0x080048e9   Thumb Code    24  usbd_conf.o(i.USBD_LL_OpenEP)
    USBD_LL_PrepareReceive                   0x08004901   Thumb Code    18  usbd_conf.o(i.USBD_LL_PrepareReceive)
    USBD_LL_Reset                            0x08004913   Thumb Code    80  usbd_core.o(i.USBD_LL_Reset)
    USBD_LL_Resume                           0x08004963   Thumb Code    12  usbd_core.o(i.USBD_LL_Resume)
    USBD_LL_SOF                              0x0800496f   Thumb Code    24  usbd_core.o(i.USBD_LL_SOF)
    USBD_LL_SetSpeed                         0x08004987   Thumb Code     6  usbd_core.o(i.USBD_LL_SetSpeed)
    USBD_LL_SetUSBAddress                    0x0800498d   Thumb Code    18  usbd_conf.o(i.USBD_LL_SetUSBAddress)
    USBD_LL_SetupStage                       0x0800499f   Thumb Code    90  usbd_core.o(i.USBD_LL_SetupStage)
    USBD_LL_StallEP                          0x080049f9   Thumb Code    18  usbd_conf.o(i.USBD_LL_StallEP)
    USBD_LL_Start                            0x08004a0b   Thumb Code    18  usbd_conf.o(i.USBD_LL_Start)
    USBD_LL_Suspend                          0x08004a1d   Thumb Code    18  usbd_core.o(i.USBD_LL_Suspend)
    USBD_LL_Transmit                         0x08004a2f   Thumb Code    18  usbd_conf.o(i.USBD_LL_Transmit)
    USBD_ParseSetupRequest                   0x08004a41   Thumb Code    40  usbd_ctlreq.o(i.USBD_ParseSetupRequest)
    USBD_RegisterClass                       0x08004a69   Thumb Code    16  usbd_core.o(i.USBD_RegisterClass)
    USBD_SetClassConfig                      0x08004a79   Thumb Code    22  usbd_core.o(i.USBD_SetClassConfig)
    USBD_Start                               0x08004b15   Thumb Code    10  usbd_core.o(i.USBD_Start)
    USBD_StdDevReq                           0x08004b1f   Thumb Code   274  usbd_ctlreq.o(i.USBD_StdDevReq)
    USBD_StdEPReq                            0x08004c31   Thumb Code   336  usbd_ctlreq.o(i.USBD_StdEPReq)
    USBD_StdItfReq                           0x08004d81   Thumb Code    78  usbd_ctlreq.o(i.USBD_StdItfReq)
    USBD_static_free                         0x08004dcf   Thumb Code     2  usbd_conf.o(i.USBD_static_free)
    USBD_static_malloc                       0x08004dd1   Thumb Code     4  usbd_conf.o(i.USBD_static_malloc)
    USB_ActivateEndpoint                     0x08004dd9   Thumb Code   600  stm32l1xx_ll_usb.o(i.USB_ActivateEndpoint)
    USB_DeactivateEndpoint                   0x08005031   Thumb Code   270  stm32l1xx_ll_usb.o(i.USB_DeactivateEndpoint)
    USB_DevConnect                           0x0800513f   Thumb Code     4  stm32l1xx_ll_usb.o(i.USB_DevConnect)
    USB_DevInit                              0x08005143   Thumb Code    18  stm32l1xx_ll_usb.o(i.USB_DevInit)
    USB_DisableGlobalInt                     0x08005155   Thumb Code    14  stm32l1xx_ll_usb.o(i.USB_DisableGlobalInt)
    USB_EPClearStall                         0x08005163   Thumb Code   120  stm32l1xx_ll_usb.o(i.USB_EPClearStall)
    USB_EPSetStall                           0x080051db   Thumb Code    50  stm32l1xx_ll_usb.o(i.USB_EPSetStall)
    USB_EPStartXfer                          0x0800520d   Thumb Code  1548  stm32l1xx_ll_usb.o(i.USB_EPStartXfer)
    USB_EnableGlobalInt                      0x08005819   Thumb Code    18  stm32l1xx_ll_usb.o(i.USB_EnableGlobalInt)
    USB_LP_IRQHandler                        0x0800582d   Thumb Code     6  stm32l1xx_it.o(i.USB_LP_IRQHandler)
    USB_ReadInterrupts                       0x08005839   Thumb Code     6  stm32l1xx_ll_usb.o(i.USB_ReadInterrupts)
    USB_ReadPMA                              0x08005841   Thumb Code    44  stm32l1xx_ll_usb.o(i.USB_ReadPMA)
    USB_SetDevAddress                        0x0800586d   Thumb Code    12  stm32l1xx_ll_usb.o(i.USB_SetDevAddress)
    USB_WritePMA                             0x08005879   Thumb Code    38  stm32l1xx_ll_usb.o(i.USB_WritePMA)
    UsageFault_Handler                       0x0800589f   Thumb Code     2  stm32l1xx_it.o(i.UsageFault_Handler)
    __ARM_fpclassify                         0x080058a1   Thumb Code    40  fpclassify.o(i.__ARM_fpclassify)
    _is_digit                                0x080058e9   Thumb Code    14  __printf_wp.o(i._is_digit)
    checkkeypad                              0x080058f9   Thumb Code    42  main.o(i.checkkeypad)
    clearkeypad                              0x0800592d   Thumb Code    20  main.o(i.clearkeypad)
    keypadsm                                 0x08005945   Thumb Code   430  main.o(i.keypadsm)
    lcd_clear                                0x08005b01   Thumb Code    24  main.o(i.lcd_clear)
    lcd_createChar                           0x08005b19   Thumb Code    76  main.o(i.lcd_createChar)
    lcd_init                                 0x08005b69   Thumb Code    90  main.o(i.lcd_init)
    lcd_psu_init                             0x08005bc5   Thumb Code   162  main.o(i.lcd_psu_init)
    lcd_put_cur                              0x08005cb9   Thumb Code    36  main.o(i.lcd_put_cur)
    lcd_send_cmd                             0x08005cdd   Thumb Code    58  main.o(i.lcd_send_cmd)
    lcd_send_data                            0x08005d1d   Thumb Code    58  main.o(i.lcd_send_data)
    lcd_send_string                          0x08005d5d   Thumb Code    20  main.o(i.lcd_send_string)
    lcd_update_amperage                      0x08005d71   Thumb Code   132  main.o(i.lcd_update_amperage)
    lcd_update_voltage                       0x08005e09   Thumb Code   132  main.o(i.lcd_update_voltage)
    main                                     0x08005ea1   Thumb Code   242  main.o(i.main)
    translatekeypad                          0x08005fad   Thumb Code   204  main.o(i.translatekeypad)
    updatekeypad                             0x08006081   Thumb Code   316  main.o(i.updatekeypad)
    _get_lc_numeric                          0x080061cd   Thumb Code    44  lc_numeric_c.o(locale$$code)
    __fpl_dretinf                            0x080061f9   Thumb Code    12  dretinf.o(x$fpl$dretinf)
    __aeabi_f2d                              0x08006205   Thumb Code     0  f2d.o(x$fpl$f2d)
    _f2d                                     0x08006205   Thumb Code    86  f2d.o(x$fpl$f2d)
    __aeabi_fadd                             0x0800625d   Thumb Code     0  faddsub_clz.o(x$fpl$fadd)
    _fadd                                    0x0800625d   Thumb Code   196  faddsub_clz.o(x$fpl$fadd)
    __aeabi_fdiv                             0x08006321   Thumb Code     0  fdiv.o(x$fpl$fdiv)
    _fdiv                                    0x08006321   Thumb Code   384  fdiv.o(x$fpl$fdiv)
    __aeabi_i2f                              0x080064a5   Thumb Code     0  fflt_clz.o(x$fpl$fflt)
    _fflt                                    0x080064a5   Thumb Code    48  fflt_clz.o(x$fpl$fflt)
    __aeabi_ui2f                             0x080064d5   Thumb Code     0  fflt_clz.o(x$fpl$ffltu)
    _ffltu                                   0x080064d5   Thumb Code    38  fflt_clz.o(x$fpl$ffltu)
    __fpl_fnaninf                            0x080064fb   Thumb Code   140  fnaninf.o(x$fpl$fnaninf)
    __fpl_fretinf                            0x08006587   Thumb Code    10  fretinf.o(x$fpl$fretinf)
    __aeabi_fsub                             0x08006591   Thumb Code     0  faddsub_clz.o(x$fpl$fsub)
    _fsub                                    0x08006591   Thumb Code   234  faddsub_clz.o(x$fpl$fsub)
    _printf_fp_dec                           0x0800667b   Thumb Code     4  printf1.o(x$fpl$printf1)
    __I$use$fp                               0x0800667e   Number         0  usenofp.o(x$fpl$usenofp)
    customChar                               0x0800667e   Data          64  main.o(.constdata)
    PLLMulTable                              0x080066be   Data           9  system_stm32l1xx.o(.constdata)
    AHBPrescTable                            0x080066c7   Data          16  system_stm32l1xx.o(.constdata)
    APBPrescTable                            0x080066d7   Data           8  system_stm32l1xx.o(.constdata)
    Region$$Table$$Base                      0x08006774   Number         0  anon$$obj.o(Region$$Table)
    Region$$Table$$Limit                     0x08006794   Number         0  anon$$obj.o(Region$$Table)
    keypadlength                             0x20000000   Data           1  main.o(.data)
    keypaddecimal                            0x20000001   Data           1  main.o(.data)
    kpenum                                   0x20000002   Data           1  main.o(.data)
    rowpin                                   0x20000004   Data           4  main.o(.data)
    colpin                                   0x20000008   Data           4  main.o(.data)
    kpedge                                   0x2000000c   Data           4  main.o(.data)
    keypaditerator                           0x20000010   Data           4  main.o(.data)
    voltnum1                                 0x20000014   Data           4  main.o(.data)
    ampnum1                                  0x20000018   Data           4  main.o(.data)
    voltnum2                                 0x2000001c   Data           4  main.o(.data)
    ampnum2                                  0x20000020   Data           4  main.o(.data)
    keypadarr                                0x20000024   Data           5  main.o(.data)
    FS_Desc                                  0x2000002c   Data          28  usbd_desc.o(.data)
    USBD_LangIDDesc                          0x20000048   Data           4  usbd_desc.o(.data)
    USBD_FS_DeviceDesc                       0x2000004c   Data          18  usbd_desc.o(.data)
    USBD_StringSerial                        0x20000060   Data          26  usbd_desc.o(.data)
    USBD_Interface_fops_FS                   0x2000007c   Data          16  usbd_cdc_if.o(.data)
    uwTickPrio                               0x2000008c   Data           4  stm32l1xx_hal.o(.data)
    uwTickFreq                               0x20000090   Data           4  stm32l1xx_hal.o(.data)
    uwTick                                   0x20000094   Data           4  stm32l1xx_hal.o(.data)
    SystemCoreClock                          0x20000098   Data           4  system_stm32l1xx.o(.data)
    USBD_CDC_CfgHSDesc                       0x200000ac   Data          67  usbd_cdc.o(.data)
    USBD_CDC_CfgFSDesc                       0x200000f0   Data          67  usbd_cdc.o(.data)
    USBD_CDC_OtherSpeedCfgDesc               0x20000134   Data          67  usbd_cdc.o(.data)
    USBD_CDC                                 0x20000178   Data          56  usbd_cdc.o(.data)
    hadc                                     0x200001b0   Data          84  main.o(.bss)
    hdac                                     0x20000204   Data          20  main.o(.bss)
    hi2c1                                    0x20000218   Data          84  main.o(.bss)
    htim2                                    0x2000026c   Data          64  main.o(.bss)
    huart1                                   0x200002ac   Data          68  main.o(.bss)
    hUsbDeviceFS                             0x200002f0   Data         668  usb_device.o(.bss)
    USBD_StrDesc                             0x2000058c   Data         512  usbd_desc.o(.bss)
    UserRxBufferFS                           0x2000078c   Data        1000  usbd_cdc_if.o(.bss)
    UserTxBufferFS                           0x20000b74   Data        1000  usbd_cdc_if.o(.bss)
    hpcd_USB_FS                              0x2000117c   Data         748  usbd_conf.o(.bss)
    __libspace_start                         0x20001468   Data          96  libspace.o(.bss)
    __temporary_stack_top$libspace           0x200014c8   Data           0  libspace.o(.bss)



==============================================================================

Memory Map of the image

  Image Entry point : 0x080000f5

  Load Region LR_IROM1 (Base: 0x08000000, Size: 0x00006960, Max: 0x00020000, ABSOLUTE, COMPRESSED[0x00006880])

    Execution Region ER_IROM1 (Exec base: 0x08000000, Load base: 0x08000000, Size: 0x000067b0, Max: 0x00020000, ABSOLUTE)

    Exec Addr    Load Addr    Size         Type   Attr      Idx    E Section Name        Object

    0x08000000   0x08000000   0x000000f4   Data   RO            3    RESET               startup_stm32l151xba.o
    0x080000f4   0x080000f4   0x00000008   Code   RO         4925  * !!!main             c_w.l(__main.o)
    0x080000fc   0x080000fc   0x00000034   Code   RO         5177    !!!scatter          c_w.l(__scatter.o)
    0x08000130   0x08000130   0x0000005a   Code   RO         5175    !!dczerorl2         c_w.l(__dczerorl2.o)
    0x0800018a   0x0800018a   0x00000002   PAD
    0x0800018c   0x0800018c   0x0000001c   Code   RO         5179    !!handler_zi        c_w.l(__scatter_zi.o)
    0x080001a8   0x080001a8   0x00000000   Code   RO         4918    .ARM.Collect$$_printf_percent$$00000000  c_w.l(_printf_percent.o)
    0x080001a8   0x080001a8   0x00000006   Code   RO         4917    .ARM.Collect$$_printf_percent$$00000003  c_w.l(_printf_f.o)
    0x080001ae   0x080001ae   0x00000004   Code   RO         4960    .ARM.Collect$$_printf_percent$$00000017  c_w.l(_printf_percent_end.o)
    0x080001b2   0x080001b2   0x00000002   Code   RO         5046    .ARM.Collect$$libinit$$00000000  c_w.l(libinit.o)
    0x080001b4   0x080001b4   0x00000000   Code   RO         5048    .ARM.Collect$$libinit$$00000002  c_w.l(libinit2.o)
    0x080001b4   0x080001b4   0x00000000   Code   RO         5050    .ARM.Collect$$libinit$$00000004  c_w.l(libinit2.o)
    0x080001b4   0x080001b4   0x00000000   Code   RO         5053    .ARM.Collect$$libinit$$0000000A  c_w.l(libinit2.o)
    0x080001b4   0x080001b4   0x00000000   Code   RO         5055    .ARM.Collect$$libinit$$0000000C  c_w.l(libinit2.o)
    0x080001b4   0x080001b4   0x00000000   Code   RO         5057    .ARM.Collect$$libinit$$0000000E  c_w.l(libinit2.o)
    0x080001b4   0x080001b4   0x00000006   Code   RO         5058    .ARM.Collect$$libinit$$0000000F  c_w.l(libinit2.o)
    0x080001ba   0x080001ba   0x00000000   Code   RO         5060    .ARM.Collect$$libinit$$00000011  c_w.l(libinit2.o)
    0x080001ba   0x080001ba   0x00000000   Code   RO         5062    .ARM.Collect$$libinit$$00000013  c_w.l(libinit2.o)
    0x080001ba   0x080001ba   0x00000000   Code   RO         5064    .ARM.Collect$$libinit$$00000015  c_w.l(libinit2.o)
    0x080001ba   0x080001ba   0x0000000a   Code   RO         5065    .ARM.Collect$$libinit$$00000016  c_w.l(libinit2.o)
    0x080001c4   0x080001c4   0x00000000   Code   RO         5066    .ARM.Collect$$libinit$$00000017  c_w.l(libinit2.o)
    0x080001c4   0x080001c4   0x00000000   Code   RO         5068    .ARM.Collect$$libinit$$00000019  c_w.l(libinit2.o)
    0x080001c4   0x080001c4   0x00000000   Code   RO         5070    .ARM.Collect$$libinit$$0000001B  c_w.l(libinit2.o)
    0x080001c4   0x080001c4   0x00000000   Code   RO         5072    .ARM.Collect$$libinit$$0000001D  c_w.l(libinit2.o)
    0x080001c4   0x080001c4   0x00000000   Code   RO         5074    .ARM.Collect$$libinit$$0000001F  c_w.l(libinit2.o)
    0x080001c4   0x080001c4   0x00000000   Code   RO         5076    .ARM.Collect$$libinit$$00000021  c_w.l(libinit2.o)
    0x080001c4   0x080001c4   0x00000000   Code   RO         5078    .ARM.Collect$$libinit$$00000023  c_w.l(libinit2.o)
    0x080001c4   0x080001c4   0x00000000   Code   RO         5080    .ARM.Collect$$libinit$$00000025  c_w.l(libinit2.o)
    0x080001c4   0x080001c4   0x00000000   Code   RO         5084    .ARM.Collect$$libinit$$0000002C  c_w.l(libinit2.o)
    0x080001c4   0x080001c4   0x00000000   Code   RO         5086    .ARM.Collect$$libinit$$0000002E  c_w.l(libinit2.o)
    0x080001c4   0x080001c4   0x00000000   Code   RO         5088    .ARM.Collect$$libinit$$00000030  c_w.l(libinit2.o)
    0x080001c4   0x080001c4   0x00000000   Code   RO         5090    .ARM.Collect$$libinit$$00000032  c_w.l(libinit2.o)
    0x080001c4   0x080001c4   0x00000002   Code   RO         5091    .ARM.Collect$$libinit$$00000033  c_w.l(libinit2.o)
    0x080001c6   0x080001c6   0x00000002   Code   RO         5138    .ARM.Collect$$libshutdown$$00000000  c_w.l(libshutdown.o)
    0x080001c8   0x080001c8   0x00000000   Code   RO         5156    .ARM.Collect$$libshutdown$$00000002  c_w.l(libshutdown2.o)
    0x080001c8   0x080001c8   0x00000000   Code   RO         5158    .ARM.Collect$$libshutdown$$00000004  c_w.l(libshutdown2.o)
    0x080001c8   0x080001c8   0x00000000   Code   RO         5160    .ARM.Collect$$libshutdown$$00000006  c_w.l(libshutdown2.o)
    0x080001c8   0x080001c8   0x00000000   Code   RO         5163    .ARM.Collect$$libshutdown$$00000009  c_w.l(libshutdown2.o)
    0x080001c8   0x080001c8   0x00000000   Code   RO         5166    .ARM.Collect$$libshutdown$$0000000C  c_w.l(libshutdown2.o)
    0x080001c8   0x080001c8   0x00000000   Code   RO         5168    .ARM.Collect$$libshutdown$$0000000E  c_w.l(libshutdown2.o)
    0x080001c8   0x080001c8   0x00000000   Code   RO         5171    .ARM.Collect$$libshutdown$$00000011  c_w.l(libshutdown2.o)
    0x080001c8   0x080001c8   0x00000002   Code   RO         5172    .ARM.Collect$$libshutdown$$00000012  c_w.l(libshutdown2.o)
    0x080001ca   0x080001ca   0x00000000   Code   RO         4947    .ARM.Collect$$rtentry$$00000000  c_w.l(__rtentry.o)
    0x080001ca   0x080001ca   0x00000000   Code   RO         4969    .ARM.Collect$$rtentry$$00000002  c_w.l(__rtentry2.o)
    0x080001ca   0x080001ca   0x00000006   Code   RO         4981    .ARM.Collect$$rtentry$$00000004  c_w.l(__rtentry4.o)
    0x080001d0   0x080001d0   0x00000000   Code   RO         4971    .ARM.Collect$$rtentry$$00000009  c_w.l(__rtentry2.o)
    0x080001d0   0x080001d0   0x00000004   Code   RO         4972    .ARM.Collect$$rtentry$$0000000A  c_w.l(__rtentry2.o)
    0x080001d4   0x080001d4   0x00000000   Code   RO         4974    .ARM.Collect$$rtentry$$0000000C  c_w.l(__rtentry2.o)
    0x080001d4   0x080001d4   0x00000008   Code   RO         4975    .ARM.Collect$$rtentry$$0000000D  c_w.l(__rtentry2.o)
    0x080001dc   0x080001dc   0x00000002   Code   RO         5092    .ARM.Collect$$rtexit$$00000000  c_w.l(rtexit.o)
    0x080001de   0x080001de   0x00000000   Code   RO         5107    .ARM.Collect$$rtexit$$00000002  c_w.l(rtexit2.o)
    0x080001de   0x080001de   0x00000004   Code   RO         5108    .ARM.Collect$$rtexit$$00000003  c_w.l(rtexit2.o)
    0x080001e2   0x080001e2   0x00000006   Code   RO         5109    .ARM.Collect$$rtexit$$00000004  c_w.l(rtexit2.o)
    0x080001e8   0x080001e8   0x00000040   Code   RO            4    .text               startup_stm32l151xba.o
    0x08000228   0x08000228   0x000000ee   Code   RO         4889    .text               c_w.l(lludivv7m.o)
    0x08000316   0x08000316   0x00000002   PAD
    0x08000318   0x08000318   0x00000034   Code   RO         4893    .text               c_w.l(noretval__2snprintf.o)
    0x0800034c   0x0800034c   0x0000010e   Code   RO         4905    .text               c_w.l(__printf_wp.o)
    0x0800045a   0x0800045a   0x00000064   Code   RO         4919    .text               c_w.l(rt_memcpy_w.o)
    0x080004be   0x080004be   0x0000004e   Code   RO         4921    .text               c_w.l(rt_memclr_w.o)
    0x0800050c   0x0800050c   0x00000006   Code   RO         4923    .text               c_w.l(heapauxi.o)
    0x08000512   0x08000512   0x0000041e   Code   RO         4952    .text               c_w.l(_printf_fp_dec.o)
    0x08000930   0x08000930   0x00000030   Code   RO         4954    .text               c_w.l(_printf_char_common.o)
    0x08000960   0x08000960   0x0000000a   Code   RO         4956    .text               c_w.l(_sputc.o)
    0x0800096a   0x0800096a   0x00000010   Code   RO         4958    .text               c_w.l(_snputc.o)
    0x0800097a   0x0800097a   0x00000002   PAD
    0x0800097c   0x0800097c   0x00000008   Code   RO         4988    .text               c_w.l(rt_locale_intlibspace.o)
    0x08000984   0x08000984   0x0000008a   Code   RO         4990    .text               c_w.l(lludiv10.o)
    0x08000a0e   0x08000a0e   0x00000002   PAD
    0x08000a10   0x08000a10   0x00000080   Code   RO         4992    .text               c_w.l(_printf_fp_infnan.o)
    0x08000a90   0x08000a90   0x000000e4   Code   RO         4996    .text               c_w.l(bigflt0.o)
    0x08000b74   0x08000b74   0x00000008   Code   RO         5028    .text               c_w.l(libspace.o)
    0x08000b7c   0x08000b7c   0x0000004a   Code   RO         5031    .text               c_w.l(sys_stackheap_outer.o)
    0x08000bc6   0x08000bc6   0x00000012   Code   RO         5033    .text               c_w.l(exit.o)
    0x08000bd8   0x08000bd8   0x00000080   Code   RO         5039    .text               c_w.l(strcmpv7m.o)
    0x08000c58   0x08000c58   0x0000000c   Code   RO         5104    .text               c_w.l(sys_exit.o)
    0x08000c64   0x08000c64   0x00000002   Code   RO         5125    .text               c_w.l(use_no_semi.o)
    0x08000c66   0x08000c66   0x00000000   Code   RO         5127    .text               c_w.l(indicate_semi.o)
    0x08000c66   0x08000c66   0x0000003e   Code   RO         4999    CL$$btod_d2e        c_w.l(btod.o)
    0x08000ca4   0x08000ca4   0x00000046   Code   RO         5001    CL$$btod_d2e_denorm_low  c_w.l(btod.o)
    0x08000cea   0x08000cea   0x00000060   Code   RO         5000    CL$$btod_d2e_norm_op1  c_w.l(btod.o)
    0x08000d4a   0x08000d4a   0x00000338   Code   RO         5009    CL$$btod_div_common  c_w.l(btod.o)
    0x08001082   0x08001082   0x000000dc   Code   RO         5006    CL$$btod_e2e        c_w.l(btod.o)
    0x0800115e   0x0800115e   0x0000002a   Code   RO         5003    CL$$btod_ediv       c_w.l(btod.o)
    0x08001188   0x08001188   0x0000002a   Code   RO         5002    CL$$btod_emul       c_w.l(btod.o)
    0x080011b2   0x080011b2   0x00000244   Code   RO         5008    CL$$btod_mult_common  c_w.l(btod.o)
    0x080013f6   0x080013f6   0x00000002   Code   RO          315    i.BusFault_Handler  stm32l1xx_it.o
    0x080013f8   0x080013f8   0x00000004   Code   RO          627    i.CDC_Control_FS    usbd_cdc_if.o
    0x080013fc   0x080013fc   0x00000004   Code   RO          628    i.CDC_DeInit_FS     usbd_cdc_if.o
    0x08001400   0x08001400   0x00000024   Code   RO          629    i.CDC_Init_FS       usbd_cdc_if.o
    0x08001424   0x08001424   0x00000018   Code   RO          630    i.CDC_Receive_FS    usbd_cdc_if.o
    0x0800143c   0x0800143c   0x00000002   Code   RO          316    i.DebugMon_Handler  stm32l1xx_it.o
    0x0800143e   0x0800143e   0x00000036   Code   RO          317    i.EXTI15_10_IRQHandler  stm32l1xx_it.o
    0x08001474   0x08001474   0x00000004   Code   RO           13    i.Error_Handler     main.o
    0x08001478   0x08001478   0x00000148   Code   RO         2486    i.HAL_ADC_ConfigChannel  stm32l1xx_hal_adc.o
    0x080015c0   0x080015c0   0x000001a0   Code   RO         2495    i.HAL_ADC_Init      stm32l1xx_hal_adc.o
    0x08001760   0x08001760   0x00000060   Code   RO          410    i.HAL_ADC_MspInit   stm32l1xx_hal_msp.o
    0x080017c0   0x080017c0   0x00000046   Code   RO         2726    i.HAL_DAC_ConfigChannel  stm32l1xx_hal_dac.o
    0x08001806   0x08001806   0x00000028   Code   RO         2736    i.HAL_DAC_Init      stm32l1xx_hal_dac.o
    0x0800182e   0x0800182e   0x00000002   PAD
    0x08001830   0x08001830   0x00000060   Code   RO          412    i.HAL_DAC_MspInit   stm32l1xx_hal_msp.o
    0x08001890   0x08001890   0x00000024   Code   RO         1303    i.HAL_Delay         stm32l1xx_hal.o
    0x080018b4   0x080018b4   0x000000f4   Code   RO           14    i.HAL_GPIO_EXTI_Callback  main.o
    0x080019a8   0x080019a8   0x00000018   Code   RO         1934    i.HAL_GPIO_EXTI_IRQHandler  stm32l1xx_hal_gpio.o
    0x080019c0   0x080019c0   0x00000234   Code   RO         1935    i.HAL_GPIO_Init     stm32l1xx_hal_gpio.o
    0x08001bf4   0x08001bf4   0x0000000a   Code   RO         1937    i.HAL_GPIO_ReadPin  stm32l1xx_hal_gpio.o
    0x08001bfe   0x08001bfe   0x0000000a   Code   RO         1939    i.HAL_GPIO_WritePin  stm32l1xx_hal_gpio.o
    0x08001c08   0x08001c08   0x0000000c   Code   RO         1307    i.HAL_GetTick       stm32l1xx_hal.o
    0x08001c14   0x08001c14   0x00000188   Code   RO         2974    i.HAL_I2C_Init      stm32l1xx_hal_i2c.o
    0x08001d9c   0x08001d9c   0x0000012c   Code   RO         2987    i.HAL_I2C_Master_Transmit  stm32l1xx_hal_i2c.o
    0x08001ec8   0x08001ec8   0x00000068   Code   RO          414    i.HAL_I2C_MspInit   stm32l1xx_hal_msp.o
    0x08001f30   0x08001f30   0x00000010   Code   RO         1313    i.HAL_IncTick       stm32l1xx_hal.o
    0x08001f40   0x08001f40   0x0000001e   Code   RO         1314    i.HAL_Init          stm32l1xx_hal.o
    0x08001f5e   0x08001f5e   0x00000002   PAD
    0x08001f60   0x08001f60   0x00000044   Code   RO         1315    i.HAL_InitTick      stm32l1xx_hal.o
    0x08001fa4   0x08001fa4   0x0000003c   Code   RO          415    i.HAL_MspInit       stm32l1xx_hal_msp.o
    0x08001fe0   0x08001fe0   0x0000001a   Code   RO         2278    i.HAL_NVIC_EnableIRQ  stm32l1xx_hal_cortex.o
    0x08001ffa   0x08001ffa   0x00000002   PAD
    0x08001ffc   0x08001ffc   0x00000040   Code   RO         2284    i.HAL_NVIC_SetPriority  stm32l1xx_hal_cortex.o
    0x0800203c   0x0800203c   0x00000024   Code   RO         2285    i.HAL_NVIC_SetPriorityGrouping  stm32l1xx_hal_cortex.o
    0x08002060   0x08002060   0x0000003c   Code   RO         1124    i.HAL_PCDEx_PMAConfig  stm32l1xx_hal_pcd_ex.o
    0x0800209c   0x0800209c   0x0000001c   Code   RO          679    i.HAL_PCDEx_SetConnectionState  usbd_conf.o
    0x080020b8   0x080020b8   0x00000012   Code   RO          681    i.HAL_PCD_DataInStageCallback  usbd_conf.o
    0x080020ca   0x080020ca   0x00000014   Code   RO          682    i.HAL_PCD_DataOutStageCallback  usbd_conf.o
    0x080020de   0x080020de   0x0000004c   Code   RO          900    i.HAL_PCD_EP_Close  stm32l1xx_hal_pcd.o
    0x0800212a   0x0800212a   0x0000005c   Code   RO          901    i.HAL_PCD_EP_ClrStall  stm32l1xx_hal_pcd.o
    0x08002186   0x08002186   0x000000e6   Code   RO          902    i.HAL_PCD_EP_DB_Receive  stm32l1xx_hal_pcd.o
    0x0800226c   0x0800226c   0x00000330   Code   RO          903    i.HAL_PCD_EP_DB_Transmit  stm32l1xx_hal_pcd.o
    0x0800259c   0x0800259c   0x00000012   Code   RO          905    i.HAL_PCD_EP_GetRxCount  stm32l1xx_hal_pcd.o
    0x080025ae   0x080025ae   0x00000060   Code   RO          906    i.HAL_PCD_EP_Open   stm32l1xx_hal_pcd.o
    0x0800260e   0x0800260e   0x00000032   Code   RO          907    i.HAL_PCD_EP_Receive  stm32l1xx_hal_pcd.o
    0x08002640   0x08002640   0x00000060   Code   RO          908    i.HAL_PCD_EP_SetStall  stm32l1xx_hal_pcd.o
    0x080026a0   0x080026a0   0x00000034   Code   RO          909    i.HAL_PCD_EP_Transmit  stm32l1xx_hal_pcd.o
    0x080026d4   0x080026d4   0x00000100   Code   RO          911    i.HAL_PCD_IRQHandler  stm32l1xx_hal_pcd.o
    0x080027d4   0x080027d4   0x000000a6   Code   RO          914    i.HAL_PCD_Init      stm32l1xx_hal_pcd.o
    0x0800287a   0x0800287a   0x00000002   PAD
    0x0800287c   0x0800287c   0x0000003c   Code   RO          687    i.HAL_PCD_MspInit   usbd_conf.o
    0x080028b8   0x080028b8   0x00000026   Code   RO          688    i.HAL_PCD_ResetCallback  usbd_conf.o
    0x080028de   0x080028de   0x00000008   Code   RO          689    i.HAL_PCD_ResumeCallback  usbd_conf.o
    0x080028e6   0x080028e6   0x00000008   Code   RO          690    i.HAL_PCD_SOFCallback  usbd_conf.o
    0x080028ee   0x080028ee   0x00000028   Code   RO          920    i.HAL_PCD_SetAddress  stm32l1xx_hal_pcd.o
    0x08002916   0x08002916   0x0000000e   Code   RO          691    i.HAL_PCD_SetupStageCallback  usbd_conf.o
    0x08002924   0x08002924   0x00000032   Code   RO          922    i.HAL_PCD_Start     stm32l1xx_hal_pcd.o
    0x08002956   0x08002956   0x00000002   PAD
    0x08002958   0x08002958   0x00000024   Code   RO          692    i.HAL_PCD_SuspendCallback  usbd_conf.o
    0x0800297c   0x0800297c   0x000001a4   Code   RO         1471    i.HAL_RCC_ClockConfig  stm32l1xx_hal_rcc.o
    0x08002b20   0x08002b20   0x00000020   Code   RO         1478    i.HAL_RCC_GetPCLK1Freq  stm32l1xx_hal_rcc.o
    0x08002b40   0x08002b40   0x00000020   Code   RO         1479    i.HAL_RCC_GetPCLK2Freq  stm32l1xx_hal_rcc.o
    0x08002b60   0x08002b60   0x00000064   Code   RO         1480    i.HAL_RCC_GetSysClockFreq  stm32l1xx_hal_rcc.o
    0x08002bc4   0x08002bc4   0x00000428   Code   RO         1483    i.HAL_RCC_OscConfig  stm32l1xx_hal_rcc.o
    0x08002fec   0x08002fec   0x00000028   Code   RO         2289    i.HAL_SYSTICK_Config  stm32l1xx_hal_cortex.o
    0x08003014   0x08003014   0x00000068   Code   RO         4096    i.HAL_TIMEx_MasterConfigSynchronization  stm32l1xx_hal_tim_ex.o
    0x0800307c   0x0800307c   0x0000004a   Code   RO         3397    i.HAL_TIM_Base_Init  stm32l1xx_hal_tim.o
    0x080030c6   0x080030c6   0x00000002   PAD
    0x080030c8   0x080030c8   0x00000038   Code   RO          417    i.HAL_TIM_Base_MspInit  stm32l1xx_hal_msp.o
    0x08003100   0x08003100   0x00000058   Code   RO         3402    i.HAL_TIM_Base_Start_IT  stm32l1xx_hal_tim.o
    0x08003158   0x08003158   0x00000028   Code   RO         3405    i.HAL_TIM_Base_Stop_IT  stm32l1xx_hal_tim.o
    0x08003180   0x08003180   0x000000d6   Code   RO         3406    i.HAL_TIM_ConfigClockSource  stm32l1xx_hal_tim.o
    0x08003256   0x08003256   0x00000002   Code   RO         3431    i.HAL_TIM_IC_CaptureCallback  stm32l1xx_hal_tim.o
    0x08003258   0x08003258   0x00000126   Code   RO         3445    i.HAL_TIM_IRQHandler  stm32l1xx_hal_tim.o
    0x0800337e   0x0800337e   0x00000002   Code   RO         3448    i.HAL_TIM_OC_DelayElapsedCallback  stm32l1xx_hal_tim.o
    0x08003380   0x08003380   0x00000002   Code   RO         3475    i.HAL_TIM_PWM_PulseFinishedCallback  stm32l1xx_hal_tim.o
    0x08003382   0x08003382   0x00000002   PAD
    0x08003384   0x08003384   0x000001fc   Code   RO           15    i.HAL_TIM_PeriodElapsedCallback  main.o
    0x08003580   0x08003580   0x00000002   Code   RO         3488    i.HAL_TIM_TriggerCallback  stm32l1xx_hal_tim.o
    0x08003582   0x08003582   0x00000062   Code   RO         4155    i.HAL_UART_Init     stm32l1xx_hal_uart.o
    0x080035e4   0x080035e4   0x0000006c   Code   RO          419    i.HAL_UART_MspInit  stm32l1xx_hal_msp.o
    0x08003650   0x08003650   0x00000002   Code   RO          318    i.HardFault_Handler  stm32l1xx_it.o
    0x08003652   0x08003652   0x0000002e   Code   RO         3016    i.I2C_IsAcknowledgeFailed  stm32l1xx_hal_i2c.o
    0x08003680   0x08003680   0x0000009c   Code   RO         3020    i.I2C_MasterRequestWrite  stm32l1xx_hal_i2c.o
    0x0800371c   0x0800371c   0x0000004c   Code   RO         3031    i.I2C_WaitOnBTFFlagUntilTimeout  stm32l1xx_hal_i2c.o
    0x08003768   0x08003768   0x00000068   Code   RO         3032    i.I2C_WaitOnFlagUntilTimeout  stm32l1xx_hal_i2c.o
    0x080037d0   0x080037d0   0x00000096   Code   RO         3033    i.I2C_WaitOnMasterAddressFlagUntilTimeout  stm32l1xx_hal_i2c.o
    0x08003866   0x08003866   0x0000004c   Code   RO         3035    i.I2C_WaitOnTXEFlagUntilTimeout  stm32l1xx_hal_i2c.o
    0x080038b2   0x080038b2   0x00000002   PAD
    0x080038b4   0x080038b4   0x00000038   Code   RO          541    i.IntToUnicode      usbd_desc.o
    0x080038ec   0x080038ec   0x00000026   Code   RO           17    i.LCD_CursorBlinkOnOff  main.o
    0x08003912   0x08003912   0x00000002   PAD
    0x08003914   0x08003914   0x00000060   Code   RO           18    i.MX_ADC_Init       main.o
    0x08003974   0x08003974   0x000000e4   Code   RO           19    i.MX_GPIO_Init      main.o
    0x08003a58   0x08003a58   0x00000064   Code   RO           20    i.MX_TIM2_Init      main.o
    0x08003abc   0x08003abc   0x00000054   Code   RO          493    i.MX_USB_DEVICE_Init  usb_device.o
    0x08003b10   0x08003b10   0x00000002   Code   RO          319    i.MemManage_Handler  stm32l1xx_it.o
    0x08003b12   0x08003b12   0x00000002   Code   RO          320    i.NMI_Handler       stm32l1xx_it.o
    0x08003b14   0x08003b14   0x00000314   Code   RO          926    i.PCD_EP_ISR_Handler  stm32l1xx_hal_pcd.o
    0x08003e28   0x08003e28   0x00000002   Code   RO          321    i.PendSV_Handler    stm32l1xx_it.o
    0x08003e2a   0x08003e2a   0x00000002   PAD
    0x08003e2c   0x08003e2c   0x00000080   Code   RO         1484    i.RCC_SetFlashLatencyFromMSIRange  stm32l1xx_hal_rcc.o
    0x08003eac   0x08003eac   0x00000002   Code   RO          322    i.SVC_Handler       stm32l1xx_it.o
    0x08003eae   0x08003eae   0x00000004   Code   RO          323    i.SysTick_Handler   stm32l1xx_it.o
    0x08003eb2   0x08003eb2   0x00000002   PAD
    0x08003eb4   0x08003eb4   0x00000074   Code   RO           21    i.SystemClock_Config  main.o
    0x08003f28   0x08003f28   0x00000002   Code   RO         4484    i.SystemInit        system_stm32l1xx.o
    0x08003f2a   0x08003f2a   0x00000002   PAD
    0x08003f2c   0x08003f2c   0x0000000c   Code   RO          324    i.TIM2_IRQHandler   stm32l1xx_it.o
    0x08003f38   0x08003f38   0x00000074   Code   RO         3490    i.TIM_Base_SetConfig  stm32l1xx_hal_tim.o
    0x08003fac   0x08003fac   0x00000014   Code   RO         3501    i.TIM_ETR_SetConfig  stm32l1xx_hal_tim.o
    0x08003fc0   0x08003fc0   0x00000010   Code   RO         3502    i.TIM_ITRx_SetConfig  stm32l1xx_hal_tim.o
    0x08003fd0   0x08003fd0   0x00000022   Code   RO         3508    i.TIM_TI1_ConfigInputStage  stm32l1xx_hal_tim.o
    0x08003ff2   0x08003ff2   0x00000024   Code   RO         3510    i.TIM_TI2_ConfigInputStage  stm32l1xx_hal_tim.o
    0x08004016   0x08004016   0x00000002   PAD
    0x08004018   0x08004018   0x0000011c   Code   RO         4181    i.UART_SetConfig    stm32l1xx_hal_uart.o
    0x08004134   0x08004134   0x00000046   Code   RO         4784    i.USBD_CDC_DataIn   usbd_cdc.o
    0x0800417a   0x0800417a   0x0000002e   Code   RO         4785    i.USBD_CDC_DataOut  usbd_cdc.o
    0x080041a8   0x080041a8   0x00000044   Code   RO         4786    i.USBD_CDC_DeInit   usbd_cdc.o
    0x080041ec   0x080041ec   0x00000024   Code   RO         4787    i.USBD_CDC_EP0_RxReady  usbd_cdc.o
    0x08004210   0x08004210   0x0000000c   Code   RO         4788    i.USBD_CDC_GetDeviceQualifierDescriptor  usbd_cdc.o
    0x0800421c   0x0800421c   0x0000000c   Code   RO         4789    i.USBD_CDC_GetFSCfgDesc  usbd_cdc.o
    0x08004228   0x08004228   0x0000000c   Code   RO         4790    i.USBD_CDC_GetHSCfgDesc  usbd_cdc.o
    0x08004234   0x08004234   0x0000000c   Code   RO         4791    i.USBD_CDC_GetOtherSpeedCfgDesc  usbd_cdc.o
    0x08004240   0x08004240   0x00000094   Code   RO         4792    i.USBD_CDC_Init     usbd_cdc.o
    0x080042d4   0x080042d4   0x00000028   Code   RO         4793    i.USBD_CDC_ReceivePacket  usbd_cdc.o
    0x080042fc   0x080042fc   0x00000010   Code   RO         4794    i.USBD_CDC_RegisterInterface  usbd_cdc.o
    0x0800430c   0x0800430c   0x0000000c   Code   RO         4795    i.USBD_CDC_SetRxBuffer  usbd_cdc.o
    0x08004318   0x08004318   0x00000010   Code   RO         4796    i.USBD_CDC_SetTxBuffer  usbd_cdc.o
    0x08004328   0x08004328   0x000000ac   Code   RO         4797    i.USBD_CDC_Setup    usbd_cdc.o
    0x080043d4   0x080043d4   0x0000000e   Code   RO         4521    i.USBD_ClrClassConfig  usbd_core.o
    0x080043e2   0x080043e2   0x00000010   Code   RO         4724    i.USBD_CtlContinueRx  usbd_ioreq.o
    0x080043f2   0x080043f2   0x00000010   Code   RO         4725    i.USBD_CtlContinueSendData  usbd_ioreq.o
    0x08004402   0x08004402   0x00000016   Code   RO         4659    i.USBD_CtlError     usbd_ctlreq.o
    0x08004418   0x08004418   0x0000001e   Code   RO         4726    i.USBD_CtlPrepareRx  usbd_ioreq.o
    0x08004436   0x08004436   0x00000016   Code   RO         4727    i.USBD_CtlReceiveStatus  usbd_ioreq.o
    0x0800444c   0x0800444c   0x0000001a   Code   RO         4728    i.USBD_CtlSendData  usbd_ioreq.o
    0x08004466   0x08004466   0x00000016   Code   RO         4729    i.USBD_CtlSendStatus  usbd_ioreq.o
    0x0800447c   0x0800447c   0x00000020   Code   RO          542    i.USBD_FS_ConfigStrDescriptor  usbd_desc.o
    0x0800449c   0x0800449c   0x0000000c   Code   RO          543    i.USBD_FS_DeviceDescriptor  usbd_desc.o
    0x080044a8   0x080044a8   0x00000024   Code   RO          544    i.USBD_FS_InterfaceStrDescriptor  usbd_desc.o
    0x080044cc   0x080044cc   0x0000000c   Code   RO          545    i.USBD_FS_LangIDStrDescriptor  usbd_desc.o
    0x080044d8   0x080044d8   0x00000028   Code   RO          546    i.USBD_FS_ManufacturerStrDescriptor  usbd_desc.o
    0x08004500   0x08004500   0x0000002c   Code   RO          547    i.USBD_FS_ProductStrDescriptor  usbd_desc.o
    0x0800452c   0x0800452c   0x00000034   Code   RO          548    i.USBD_FS_SerialStrDescriptor  usbd_desc.o
    0x08004560   0x08004560   0x000000e8   Code   RO         4660    i.USBD_GetDescriptor  usbd_ctlreq.o
    0x08004648   0x08004648   0x00000048   Code   RO         4661    i.USBD_GetString    usbd_ctlreq.o
    0x08004690   0x08004690   0x00000018   Code   RO          693    i.USBD_Get_USB_Status  usbd_conf.o
    0x080046a8   0x080046a8   0x0000002a   Code   RO         4523    i.USBD_Init         usbd_core.o
    0x080046d2   0x080046d2   0x00000012   Code   RO          694    i.USBD_LL_ClearStallEP  usbd_conf.o
    0x080046e4   0x080046e4   0x00000012   Code   RO          695    i.USBD_LL_CloseEP   usbd_conf.o
    0x080046f6   0x080046f6   0x000000c6   Code   RO         4524    i.USBD_LL_DataInStage  usbd_core.o
    0x080047bc   0x080047bc   0x00000082   Code   RO         4525    i.USBD_LL_DataOutStage  usbd_core.o
    0x0800483e   0x0800483e   0x00000008   Code   RO          699    i.USBD_LL_GetRxDataSize  usbd_conf.o
    0x08004846   0x08004846   0x00000002   PAD
    0x08004848   0x08004848   0x00000080   Code   RO          700    i.USBD_LL_Init      usbd_conf.o
    0x080048c8   0x080048c8   0x00000020   Code   RO          701    i.USBD_LL_IsStallEP  usbd_conf.o
    0x080048e8   0x080048e8   0x00000018   Code   RO          702    i.USBD_LL_OpenEP    usbd_conf.o
    0x08004900   0x08004900   0x00000012   Code   RO          703    i.USBD_LL_PrepareReceive  usbd_conf.o
    0x08004912   0x08004912   0x00000050   Code   RO         4530    i.USBD_LL_Reset     usbd_core.o
    0x08004962   0x08004962   0x0000000c   Code   RO         4531    i.USBD_LL_Resume    usbd_core.o
    0x0800496e   0x0800496e   0x00000018   Code   RO         4532    i.USBD_LL_SOF       usbd_core.o
    0x08004986   0x08004986   0x00000006   Code   RO         4533    i.USBD_LL_SetSpeed  usbd_core.o
    0x0800498c   0x0800498c   0x00000012   Code   RO          704    i.USBD_LL_SetUSBAddress  usbd_conf.o
    0x0800499e   0x0800499e   0x0000005a   Code   RO         4534    i.USBD_LL_SetupStage  usbd_core.o
    0x080049f8   0x080049f8   0x00000012   Code   RO          705    i.USBD_LL_StallEP   usbd_conf.o
    0x08004a0a   0x08004a0a   0x00000012   Code   RO          706    i.USBD_LL_Start     usbd_conf.o
    0x08004a1c   0x08004a1c   0x00000012   Code   RO         4535    i.USBD_LL_Suspend   usbd_core.o
    0x08004a2e   0x08004a2e   0x00000012   Code   RO          708    i.USBD_LL_Transmit  usbd_conf.o
    0x08004a40   0x08004a40   0x00000028   Code   RO         4662    i.USBD_ParseSetupRequest  usbd_ctlreq.o
    0x08004a68   0x08004a68   0x00000010   Code   RO         4536    i.USBD_RegisterClass  usbd_core.o
    0x08004a78   0x08004a78   0x00000016   Code   RO         4538    i.USBD_SetClassConfig  usbd_core.o
    0x08004a8e   0x08004a8e   0x00000002   PAD
    0x08004a90   0x08004a90   0x00000084   Code   RO         4663    i.USBD_SetConfig    usbd_ctlreq.o
    0x08004b14   0x08004b14   0x0000000a   Code   RO         4539    i.USBD_Start        usbd_core.o
    0x08004b1e   0x08004b1e   0x00000112   Code   RO         4664    i.USBD_StdDevReq    usbd_ctlreq.o
    0x08004c30   0x08004c30   0x00000150   Code   RO         4665    i.USBD_StdEPReq     usbd_ctlreq.o
    0x08004d80   0x08004d80   0x0000004e   Code   RO         4666    i.USBD_StdItfReq    usbd_ctlreq.o
    0x08004dce   0x08004dce   0x00000002   Code   RO          709    i.USBD_static_free  usbd_conf.o
    0x08004dd0   0x08004dd0   0x00000008   Code   RO          710    i.USBD_static_malloc  usbd_conf.o
    0x08004dd8   0x08004dd8   0x00000258   Code   RO         1164    i.USB_ActivateEndpoint  stm32l1xx_ll_usb.o
    0x08005030   0x08005030   0x0000010e   Code   RO         1168    i.USB_DeactivateEndpoint  stm32l1xx_ll_usb.o
    0x0800513e   0x0800513e   0x00000004   Code   RO         1169    i.USB_DevConnect    stm32l1xx_ll_usb.o
    0x08005142   0x08005142   0x00000012   Code   RO         1171    i.USB_DevInit       stm32l1xx_ll_usb.o
    0x08005154   0x08005154   0x0000000e   Code   RO         1172    i.USB_DisableGlobalInt  stm32l1xx_ll_usb.o
    0x08005162   0x08005162   0x00000078   Code   RO         1173    i.USB_EPClearStall  stm32l1xx_ll_usb.o
    0x080051da   0x080051da   0x00000032   Code   RO         1174    i.USB_EPSetStall    stm32l1xx_ll_usb.o
    0x0800520c   0x0800520c   0x0000060c   Code   RO         1175    i.USB_EPStartXfer   stm32l1xx_ll_usb.o
    0x08005818   0x08005818   0x00000012   Code   RO         1176    i.USB_EnableGlobalInt  stm32l1xx_ll_usb.o
    0x0800582a   0x0800582a   0x00000002   PAD
    0x0800582c   0x0800582c   0x0000000c   Code   RO          325    i.USB_LP_IRQHandler  stm32l1xx_it.o
    0x08005838   0x08005838   0x00000006   Code   RO         1177    i.USB_ReadInterrupts  stm32l1xx_ll_usb.o
    0x0800583e   0x0800583e   0x00000002   PAD
    0x08005840   0x08005840   0x0000002c   Code   RO         1178    i.USB_ReadPMA       stm32l1xx_ll_usb.o
    0x0800586c   0x0800586c   0x0000000c   Code   RO         1180    i.USB_SetDevAddress  stm32l1xx_ll_usb.o
    0x08005878   0x08005878   0x00000026   Code   RO         1182    i.USB_WritePMA      stm32l1xx_ll_usb.o
    0x0800589e   0x0800589e   0x00000002   Code   RO          326    i.UsageFault_Handler  stm32l1xx_it.o
    0x080058a0   0x080058a0   0x00000028   Code   RO         5026    i.__ARM_fpclassify  m_ws.l(fpclassify.o)
    0x080058c8   0x080058c8   0x00000020   Code   RO         2291    i.__NVIC_SetPriority  stm32l1xx_hal_cortex.o
    0x080058e8   0x080058e8   0x0000000e   Code   RO         4907    i._is_digit         c_w.l(__printf_wp.o)
    0x080058f6   0x080058f6   0x00000002   PAD
    0x080058f8   0x080058f8   0x00000034   Code   RO           22    i.checkkeypad       main.o
    0x0800592c   0x0800592c   0x00000018   Code   RO           23    i.clearkeypad       main.o
    0x08005944   0x08005944   0x000001bc   Code   RO           24    i.keypadsm          main.o
    0x08005b00   0x08005b00   0x00000018   Code   RO           25    i.lcd_clear         main.o
    0x08005b18   0x08005b18   0x00000050   Code   RO           26    i.lcd_createChar    main.o
    0x08005b68   0x08005b68   0x0000005a   Code   RO           27    i.lcd_init          main.o
    0x08005bc2   0x08005bc2   0x00000002   PAD
    0x08005bc4   0x08005bc4   0x000000f4   Code   RO           28    i.lcd_psu_init      main.o
    0x08005cb8   0x08005cb8   0x00000024   Code   RO           29    i.lcd_put_cur       main.o
    0x08005cdc   0x08005cdc   0x00000040   Code   RO           30    i.lcd_send_cmd      main.o
    0x08005d1c   0x08005d1c   0x00000040   Code   RO           31    i.lcd_send_data     main.o
    0x08005d5c   0x08005d5c   0x00000014   Code   RO           32    i.lcd_send_string   main.o
    0x08005d70   0x08005d70   0x00000098   Code   RO           33    i.lcd_update_amperage  main.o
    0x08005e08   0x08005e08   0x00000098   Code   RO           34    i.lcd_update_voltage  main.o
    0x08005ea0   0x08005ea0   0x0000010c   Code   RO           35    i.main              main.o
    0x08005fac   0x08005fac   0x000000d4   Code   RO           36    i.translatekeypad   main.o
    0x08006080   0x08006080   0x0000014c   Code   RO           37    i.updatekeypad      main.o
    0x080061cc   0x080061cc   0x0000002c   Code   RO         5022    locale$$code        c_w.l(lc_numeric_c.o)
    0x080061f8   0x080061f8   0x0000000c   Code   RO         4961    x$fpl$dretinf       fz_ws.l(dretinf.o)
    0x08006204   0x08006204   0x00000056   Code   RO         4927    x$fpl$f2d           fz_ws.l(f2d.o)
    0x0800625a   0x0800625a   0x00000002   PAD
    0x0800625c   0x0800625c   0x000000c4   Code   RO         4929    x$fpl$fadd          fz_ws.l(faddsub_clz.o)
    0x08006320   0x08006320   0x00000184   Code   RO         4936    x$fpl$fdiv          fz_ws.l(fdiv.o)
    0x080064a4   0x080064a4   0x00000030   Code   RO         4940    x$fpl$fflt          fz_ws.l(fflt_clz.o)
    0x080064d4   0x080064d4   0x00000026   Code   RO         4939    x$fpl$ffltu         fz_ws.l(fflt_clz.o)
    0x080064fa   0x080064fa   0x0000008c   Code   RO         4963    x$fpl$fnaninf       fz_ws.l(fnaninf.o)
    0x08006586   0x08006586   0x0000000a   Code   RO         4965    x$fpl$fretinf       fz_ws.l(fretinf.o)
    0x08006590   0x08006590   0x000000ea   Code   RO         4931    x$fpl$fsub          fz_ws.l(faddsub_clz.o)
    0x0800667a   0x0800667a   0x00000004   Code   RO         4945    x$fpl$printf1       fz_ws.l(printf1.o)
    0x0800667e   0x0800667e   0x00000000   Code   RO         4967    x$fpl$usenofp       fz_ws.l(usenofp.o)
    0x0800667e   0x0800667e   0x00000040   Data   RO           39    .constdata          main.o
    0x080066be   0x080066be   0x00000019   Data   RO         4485    .constdata          system_stm32l1xx.o
    0x080066d7   0x080066d7   0x00000008   Data   RO         4486    .constdata          system_stm32l1xx.o
    0x080066df   0x080066df   0x00000001   PAD
    0x080066e0   0x080066e0   0x00000094   Data   RO         4997    .constdata          c_w.l(bigflt0.o)
    0x08006774   0x08006774   0x00000020   Data   RO         5173    Region$$Table       anon$$obj.o
    0x08006794   0x08006794   0x0000001c   Data   RO         5021    locale$$data        c_w.l(lc_numeric_c.o)


    Execution Region RW_IRAM1 (Exec base: 0x20000000, Load base: 0x080067b0, Size: 0x000074c8, Max: 0x00008000, ABSOLUTE, COMPRESSED[0x000000d0])

    Exec Addr    Load Addr    Size         Type   Attr      Idx    E Section Name        Object

    0x20000000   COMPRESSED   0x00000029   Data   RW           40    .data               main.o
    0x20000029   COMPRESSED   0x00000003   PAD
    0x2000002c   COMPRESSED   0x0000001c   Data   RW          550    .data               usbd_desc.o
    0x20000048   COMPRESSED   0x00000032   Data   RW          551    .data               usbd_desc.o
    0x2000007a   COMPRESSED   0x00000002   PAD
    0x2000007c   COMPRESSED   0x00000010   Data   RW          633    .data               usbd_cdc_if.o
    0x2000008c   COMPRESSED   0x0000000c   Data   RW         1321    .data               stm32l1xx_hal.o
    0x20000098   COMPRESSED   0x00000004   Data   RW         4487    .data               system_stm32l1xx.o
    0x2000009c   COMPRESSED   0x00000001   Data   RW         4667    .data               usbd_ctlreq.o
    0x2000009d   COMPRESSED   0x00000003   PAD
    0x200000a0   COMPRESSED   0x000000d7   Data   RW         4799    .data               usbd_cdc.o
    0x20000177   COMPRESSED   0x00000001   PAD
    0x20000178   COMPRESSED   0x00000038   Data   RW         4800    .data               usbd_cdc.o
    0x200001b0        -       0x00000140   Zero   RW           38    .bss                main.o
    0x200002f0        -       0x0000029c   Zero   RW          494    .bss                usb_device.o
    0x2000058c        -       0x00000200   Zero   RW          549    .bss                usbd_desc.o
    0x2000078c        -       0x000007d0   Zero   RW          632    .bss                usbd_cdc_if.o
    0x20000f5c        -       0x0000050c   Zero   RW          711    .bss                usbd_conf.o
    0x20001468        -       0x00000060   Zero   RW         5029    .bss                c_w.l(libspace.o)
    0x200014c8        -       0x00002000   Zero   RW            2    HEAP                startup_stm32l151xba.o
    0x200034c8        -       0x00004000   Zero   RW            1    STACK               startup_stm32l151xba.o


==============================================================================

Image component sizes


      Code (inc. data)   RO Data    RW Data    ZI Data      Debug   Object Name

      3592        282         64         41        320     412199   main.o
        64         26        244          0      24576        804   startup_stm32l151xba.o
       162         24          0         12          0       3809   stm32l1xx_hal.o
       744         34          0          0          0       2579   stm32l1xx_hal_adc.o
       198         14          0          0          0      30595   stm32l1xx_hal_cortex.o
       110          0          0          0          0       1839   stm32l1xx_hal_dac.o
       608         40          0          0          0       3418   stm32l1xx_hal_gpio.o
      1300         32          0          0          0       8857   stm32l1xx_hal_i2c.o
       520         60          0          0          0       4222   stm32l1xx_hal_msp.o
      2826          0          0          0          0      13577   stm32l1xx_hal_pcd.o
        60          0          0          0          0       1158   stm32l1xx_hal_pcd_ex.o
      1776        112          0          0          0       6148   stm32l1xx_hal_rcc.o
       940         34          0          0          0      10289   stm32l1xx_hal_tim.o
       104         12          0          0          0       1200   stm32l1xx_hal_tim_ex.o
       382          6          0          0          0       1912   stm32l1xx_hal_uart.o
        98         12          0          0          0       5167   stm32l1xx_it.o
      2742          0          0          0          0      14336   stm32l1xx_ll_usb.o
         2          0         33          4          0       1147   system_stm32l1xx.o
        84         18          0          0        668       2523   usb_device.o
       672         16          0        271          0      12204   usbd_cdc.o
        68         16          0         16       2000       2574   usbd_cdc_if.o
       582         36          0          0       1292      14109   usbd_conf.o
       662          0          0          0          0       9363   usbd_core.o
      1186         28          0          1          0       7816   usbd_ctlreq.o
       284        104          0         78        512       5857   usbd_desc.o
       132          0          0          0          0       4280   usbd_ioreq.o

    ----------------------------------------------------------------------
     19934        906        374        432      29368     581982   Object Totals
         0          0         32          0          0          0   (incl. Generated)
        36          0          1          9          0          0   (incl. Padding)

    ----------------------------------------------------------------------

      Code (inc. data)   RO Data    RW Data    ZI Data      Debug   Library Member Name

        90          0          0          0          0          0   __dczerorl2.o
         8          0          0          0          0         68   __main.o
       284          0          0          0          0        156   __printf_wp.o
         0          0          0          0          0          0   __rtentry.o
        12          0          0          0          0          0   __rtentry2.o
         6          0          0          0          0          0   __rtentry4.o
        52          8          0          0          0          0   __scatter.o
        28          0          0          0          0          0   __scatter_zi.o
        48          6          0          0          0         96   _printf_char_common.o
         6          0          0          0          0          0   _printf_f.o
      1054          0          0          0          0        216   _printf_fp_dec.o
       128         16          0          0          0         84   _printf_fp_infnan.o
         0          0          0          0          0          0   _printf_percent.o
         4          0          0          0          0          0   _printf_percent_end.o
        16          0          0          0          0         68   _snputc.o
        10          0          0          0          0         68   _sputc.o
       228          4        148          0          0         96   bigflt0.o
      1936        128          0          0          0        672   btod.o
        18          0          0          0          0         80   exit.o
         6          0          0          0          0        152   heapauxi.o
         0          0          0          0          0          0   indicate_semi.o
        44         10         28          0          0         76   lc_numeric_c.o
         2          0          0          0          0          0   libinit.o
        18          0          0          0          0          0   libinit2.o
         2          0          0          0          0          0   libshutdown.o
         2          0          0          0          0          0   libshutdown2.o
         8          4          0          0         96         68   libspace.o
       138          0          0          0          0         80   lludiv10.o
       238          0          0          0          0        100   lludivv7m.o
        52          4          0          0          0         84   noretval__2snprintf.o
         8          4          0          0          0         68   rt_locale_intlibspace.o
        78          0          0          0          0         80   rt_memclr_w.o
       100          0          0          0          0         80   rt_memcpy_w.o
         2          0          0          0          0          0   rtexit.o
        10          0          0          0          0          0   rtexit2.o
       128          0          0          0          0         68   strcmpv7m.o
        12          4          0          0          0         68   sys_exit.o
        74          0          0          0          0         80   sys_stackheap_outer.o
         2          0          0          0          0         68   use_no_semi.o
        12          0          0          0          0         68   dretinf.o
        86          4          0          0          0         84   f2d.o
       430          8          0          0          0        168   faddsub_clz.o
       388         76          0          0          0         96   fdiv.o
        86          0          0          0          0        136   fflt_clz.o
       140          4          0          0          0         84   fnaninf.o
        10          0          0          0          0         68   fretinf.o
         4          0          0          0          0         68   printf1.o
         0          0          0          0          0          0   usenofp.o
        40          0          0          0          0         68   fpclassify.o

    ----------------------------------------------------------------------
      6060        280        176          0         96       3516   Library Totals
        12          0          0          0          0          0   (incl. Padding)

    ----------------------------------------------------------------------

      Code (inc. data)   RO Data    RW Data    ZI Data      Debug   Library Name

      4852        188        176          0         96       2676   c_w.l
      1156         92          0          0          0        772   fz_ws.l
        40          0          0          0          0         68   m_ws.l

    ----------------------------------------------------------------------
      6060        280        176          0         96       3516   Library Totals

    ----------------------------------------------------------------------

==============================================================================


      Code (inc. data)   RO Data    RW Data    ZI Data      Debug   

     25994       1186        550        432      29464     573482   Grand Totals
     25994       1186        550        208      29464     573482   ELF Image Totals (compressed)
     25994       1186        550        208          0          0   ROM Totals

==============================================================================

    Total RO  Size (Code + RO Data)                26544 (  25.92kB)
    Total RW  Size (RW Data + ZI Data)             29896 (  29.20kB)
    Total ROM Size (Code + RO Data + RW Data)      26752 (  26.13kB)

==============================================================================

