../Core/Src/main.c:731:13:MX_ADC_Init	56	static,ignoring_inline_asm
../Core/Src/main.c:1849:6:update_keypad.part.0	4	static
../Core/Src/main.c:1849:6:update_keypad.constprop	0	static
../Core/Src/main.c:686:6:SystemClock_Config	104	static,ignoring_inline_asm
../Core/Src/main.c:1385:6:USB_EXTIinit	32	static
../Core/Src/main.c:1401:6:EXTI1_IRQHandler	12	static
../Core/Src/main.c:1409:6:update_ADC_watchdog	16	static
../Core/Src/main.c:1440:6:lcd_send_cmd	24	static
../Core/Src/main.c:1453:6:lcd_send_data	24	static
../Core/Src/main.c:1466:6:LCD_CursorBlinkOnOff	32	static
../Core/Src/main.c:1482:6:LCD_BlinkOnOff	32	static
../Core/Src/main.c:1492:6:lcd_clear	40	static
../Core/Src/main.c:1501:6:lcd_put_cur	24	static
../Core/Src/main.c:1543:6:lcd_send_string	40	static
../Core/Src/main.c:1547:6:lcd_createChar	48	static
../Core/Src/main.c:1523:6:lcd_init	40	static
../Core/Src/main.c:1334:6:ourInit	72	static
../Core/Src/main.c:257:5:main	120	static,ignoring_inline_asm
../Core/Src/main.c:1565:6:lcd_psu_init	40	static
../Core/Src/main.c:1603:6:lcd_psu_welcome	40	static
../Core/Src/main.c:1759:6:lcd_update_voltage	48	static
../Core/Src/main.c:1799:6:lcd_update_amperage	48	static
../Core/Src/main.c:1609:6:lcd_psu_update	32	static
../Core/Src/main.c:1849:6:update_keypad	0	static
../Core/Src/main.c:2011:6:clear_keypad	28	static
../Core/Src/main.c:2017:7:translate_keypad	32	static
../Core/Src/main.c:2059:9:check_keypad	16	static
../Core/Src/main.c:2070:6:fill_keypad	40	static
../Core/Src/main.c:2142:6:inc_arr_v	8	static
../Core/Src/main.c:2186:6:inc_arr_a	8	static
../Core/Src/main.c:2228:6:dec_arr_v	8	static
../Core/Src/main.c:2268:6:dec_arr_a	8	static
../Core/Src/main.c:2308:6:keypad_sm	32	static
../Core/Src/main.c:3017:6:row_input	40	static
../Core/Src/main.c:3061:6:column_input	40	static
../Core/Src/main.c:3102:6:USB_Interrupt_Callback	12	static
../Core/Src/main.c:3121:6:HAL_GPIO_EXTI_Callback	16	static
../Core/Src/main.c:3145:6:HAL_TIM_PeriodElapsedCallback	24	static
../Core/Src/main.c:3269:6:HAL_ADC_ConvHalfCpltCallback	0	static
../Core/Src/main.c:3275:6:HAL_ADC_ConvCpltCallback	0	static
../Core/Src/main.c:3281:6:HAL_ADC_LevelOutOfWindowCallback	8	static
../Core/Src/main.c:3293:6:HAL_UART_RxCpltCallback	80	static
../Core/Src/main.c:3367:6:HAL_UART_ErrorCallback	0	static
../Core/Src/main.c:3371:6:HAL_UART_TxHalfCpltCallback	8	static
../Core/Src/main.c:3382:6:HAL_UART_TxCpltCallback	40	static
../Core/Src/main.c:3400:6:Error_Handler	0	static,ignoring_inline_asm
