../Core/Src/main.c:810:13:MX_ADC_Init	56	static,ignoring_inline_asm
../Core/Src/main.c:1928:6:update_keypad.part.0	4	static
../Core/Src/main.c:1928:6:update_keypad.constprop	0	static
../Core/Src/main.c:765:6:SystemClock_Config	104	static,ignoring_inline_asm
../Core/Src/main.c:1464:6:USB_EXTIinit	32	static
../Core/Src/main.c:1480:6:EXTI1_IRQHandler	12	static
../Core/Src/main.c:1488:6:update_ADC_watchdog	16	static
../Core/Src/main.c:1519:6:lcd_send_cmd	24	static
../Core/Src/main.c:1532:6:lcd_send_data	24	static
../Core/Src/main.c:1545:6:LCD_CursorBlinkOnOff	32	static
../Core/Src/main.c:1561:6:LCD_BlinkOnOff	32	static
../Core/Src/main.c:1571:6:lcd_clear	40	static
../Core/Src/main.c:1580:6:lcd_put_cur	24	static
../Core/Src/main.c:1622:6:lcd_send_string	40	static
../Core/Src/main.c:1626:6:lcd_createChar	48	static
../Core/Src/main.c:1602:6:lcd_init	40	static
../Core/Src/main.c:1413:6:ourInit	72	static
../Core/Src/main.c:260:5:main	128	static,ignoring_inline_asm
../Core/Src/main.c:1644:6:lcd_psu_init	40	static
../Core/Src/main.c:1682:6:lcd_psu_welcome	40	static
../Core/Src/main.c:1838:6:lcd_update_voltage	48	static
../Core/Src/main.c:1878:6:lcd_update_amperage	48	static
../Core/Src/main.c:1688:6:lcd_psu_update	32	static
../Core/Src/main.c:1928:6:update_keypad	0	static
../Core/Src/main.c:2090:6:clear_keypad	28	static
../Core/Src/main.c:2096:7:translate_keypad	32	static
../Core/Src/main.c:2138:9:check_keypad	16	static
../Core/Src/main.c:2149:6:fill_keypad	40	static
../Core/Src/main.c:2221:6:inc_arr_v	8	static
../Core/Src/main.c:2265:6:inc_arr_a	8	static
../Core/Src/main.c:2307:6:dec_arr_v	8	static
../Core/Src/main.c:2347:6:dec_arr_a	8	static
../Core/Src/main.c:2387:6:keypad_sm	32	static
../Core/Src/main.c:3204:6:row_input	40	static
../Core/Src/main.c:3248:6:column_input	40	static
../Core/Src/main.c:3289:6:USB_Interrupt_Callback	12	static
../Core/Src/main.c:3308:6:HAL_GPIO_EXTI_Callback	16	static
../Core/Src/main.c:3332:6:HAL_TIM_PeriodElapsedCallback	24	static
../Core/Src/main.c:3443:6:HAL_ADC_ConvHalfCpltCallback	0	static
../Core/Src/main.c:3449:6:HAL_ADC_ConvCpltCallback	0	static
../Core/Src/main.c:3455:6:HAL_ADC_LevelOutOfWindowCallback	8	static
../Core/Src/main.c:3467:6:HAL_UART_RxCpltCallback	80	static
../Core/Src/main.c:3541:6:HAL_UART_ErrorCallback	0	static
../Core/Src/main.c:3545:6:HAL_UART_TxHalfCpltCallback	8	static
../Core/Src/main.c:3556:6:HAL_UART_TxCpltCallback	40	static
../Core/Src/main.c:3574:6:Error_Handler	0	static,ignoring_inline_asm
