../Core/Src/main.c:422:13:MX_ADC_Init	40	static,ignoring_inline_asm
../Core/Src/main.c:377:6:SystemClock_Config	104	static,ignoring_inline_asm
../Core/Src/main.c:1005:6:USB_EXTIinit	32	static
../Core/Src/main.c:1021:6:EXTI1_IRQHandler	4	static
../Core/Src/main.c:1035:6:lcd_send_cmd	24	static
../Core/Src/main.c:1048:6:lcd_send_data	24	static
../Core/Src/main.c:1061:6:lcd_cursor_onoff	32	static
../Core/Src/main.c:1066:6:lcd_blink_onoff	32	static
../Core/Src/main.c:1071:6:lcd_cursorblink_onoff	32	static
../Core/Src/main.c:1084:6:lcd_clear	40	static
../Core/Src/main.c:1092:6:lcd_put_cur	24	static
../Core/Src/main.c:1135:6:lcd_send_string	40	static
../Core/Src/main.c:1140:6:lcd_createChar	48	static
../Core/Src/main.c:1115:6:lcd_init	40	static
../Core/Src/main.c:1158:6:lcd_psu_init	40	static
../Core/Src/main.c:966:6:our_init	88	static
../Core/Src/main.c:216:5:main	104	static,ignoring_inline_asm
../Core/Src/main.c:1300:6:lcd_update_voltage	48	static
../Core/Src/main.c:1344:6:lcd_update_amperage	48	static
../Core/Src/main.c:1191:6:lcd_psu_update	32	static
../Core/Src/main.c:1465:6:clear_keypad	0	static
../Core/Src/main.c:1472:7:translate_keypad	40	static
../Core/Src/main.c:1397:6:update_keypad	16	static
../Core/Src/main.c:1513:9:check_keypad	16	static
../Core/Src/main.c:1520:6:keypad_sm	16	static
../Core/Src/main.c:1714:6:row_input	40	static
../Core/Src/main.c:1754:6:column_input	40	static
../Core/Src/main.c:1794:6:keypad_decode	24	static
../Core/Src/main.c:1822:6:set_rowpin	8	static
../Core/Src/main.c:1850:6:USB_Interrupt_Callback	0	static
../Core/Src/main.c:1855:6:HAL_GPIO_EXTI_Callback	24	static
../Core/Src/main.c:1900:6:HAL_TIM_PeriodElapsedCallback	32	static
../Core/Src/main.c:2073:6:HAL_UART_RxCpltCallback	80	static
../Core/Src/main.c:2154:6:HAL_UART_TxCpltCallback	48	static
../Core/Src/main.c:2167:6:Error_Handler	0	static,ignoring_inline_asm
