../Core/Src/main.c:454:13:MX_ADC_Init	56	static,ignoring_inline_asm
../Core/Src/main.c:409:6:SystemClock_Config	104	static,ignoring_inline_asm
../Core/Src/main.c:933:6:USB_EXTIinit	32	static
../Core/Src/main.c:949:6:EXTI1_IRQHandler	4	static
../Core/Src/main.c:957:6:update_ADC_watchdog	24	static
../Core/Src/main.c:980:6:lcd_send_cmd	24	static
../Core/Src/main.c:993:6:lcd_send_data	24	static
../Core/Src/main.c:1006:6:LCD_CursorBlinkOnOff	32	static
../Core/Src/main.c:1022:6:LCD_BlinkOnOff	32	static
../Core/Src/main.c:1032:6:lcd_clear	40	static
../Core/Src/main.c:1041:6:lcd_put_cur	24	static
../Core/Src/main.c:1083:6:lcd_send_string	40	static
../Core/Src/main.c:1087:6:lcd_createChar	48	static
../Core/Src/main.c:1063:6:lcd_init	40	static
../Core/Src/main.c:1105:6:lcd_psu_init	40	static
../Core/Src/main.c:892:6:ourInit	88	static
../Core/Src/main.c:226:5:main	120	static,ignoring_inline_asm
../Core/Src/main.c:1274:6:lcd_update_voltage	48	static
../Core/Src/main.c:1314:6:lcd_update_amperage	48	static
../Core/Src/main.c:1137:6:lcd_psu_update	32	static
../Core/Src/main.c:1440:6:clearkeypad	4	static
../Core/Src/main.c:1446:7:translate_keypad	32	static
../Core/Src/main.c:1364:6:update_keypad	16	static
../Core/Src/main.c:1488:9:check_keypad	16	static
../Core/Src/main.c:1494:6:keypad_sm	16	static
../Core/Src/main.c:1731:6:row_input	40	static
../Core/Src/main.c:1770:6:column_input	40	static
../Core/Src/main.c:1811:6:USB_Interrupt_Callback	0	static
../Core/Src/main.c:1816:6:HAL_GPIO_EXTI_Callback	8	static
../Core/Src/main.c:1840:6:HAL_TIM_PeriodElapsedCallback	16	static
../Core/Src/main.c:1910:6:HAL_ADC_ConvHalfCpltCallback	0	static
../Core/Src/main.c:1916:6:HAL_ADC_ConvCpltCallback	0	static
../Core/Src/main.c:1922:6:HAL_ADC_LevelOutOfWindowCallback	0	static
../Core/Src/main.c:1935:6:HAL_UART_RxCpltCallback	72	static
../Core/Src/main.c:2009:6:HAL_UART_ErrorCallback	0	static
../Core/Src/main.c:2013:6:HAL_UART_TxHalfCpltCallback	8	static
../Core/Src/main.c:2024:6:HAL_UART_TxCpltCallback	40	static
../Core/Src/main.c:2042:6:Error_Handler	0	static,ignoring_inline_asm
