../Core/Src/main.c:195:5:main	40	static
../Core/Src/main.c:342:6:SystemClock_Config	80	static
../Core/Src/main.c:387:13:MX_ADC_Init	24	static
../Core/Src/main.c:478:13:MX_DAC_Init	16	static
../Core/Src/main.c:525:13:MX_I2C1_Init	8	static
../Core/Src/main.c:559:13:MX_TIM2_Init	32	static
../Core/Src/main.c:604:13:MX_TIM3_Init	32	static
../Core/Src/main.c:649:13:MX_USART1_UART_Init	8	static
../Core/Src/main.c:680:13:MX_DMA_Init	16	static
../Core/Src/main.c:701:13:MX_GPIO_Init	48	static
../Core/Src/main.c:762:6:ourInit	8	static
../Core/Src/main.c:798:6:USB_EXTIinit	24	static
../Core/Src/main.c:814:6:EXTI1_IRQHandler	8	static
../Core/Src/main.c:828:6:lcd_send_cmd	32	static
../Core/Src/main.c:841:6:lcd_send_data	32	static
../Core/Src/main.c:854:6:LCD_CursorBlinkOnOff	16	static
../Core/Src/main.c:870:6:LCD_BlinkOnOff	16	static
../Core/Src/main.c:880:6:lcd_clear	16	static
../Core/Src/main.c:889:6:lcd_put_cur	16	static
../Core/Src/main.c:911:6:lcd_init	16	static
../Core/Src/main.c:931:6:lcd_send_string	16	static
../Core/Src/main.c:935:6:lcd_createChar	16	static
../Core/Src/main.c:953:6:lcd_psu_init	8	static
../Core/Src/main.c:985:6:lcd_psu_update	8	static
../Core/Src/main.c:1117:6:lcd_update_voltage	32	static
../Core/Src/main.c:1157:6:lcd_update_amperage	32	static
../Core/Src/main.c:1207:6:updatekeypad	40	static
../Core/Src/main.c:1276:6:clearkeypad	8	static
../Core/Src/main.c:1282:7:translatekeypad	48	static
../Core/Src/main.c:1324:9:checkkeypad	24	static
../Core/Src/main.c:1345:6:keypadsm	24	static
../Core/Src/main.c:1568:6:rowInput	32	static
../Core/Src/main.c:1607:6:columnInput	32	static
../Core/Src/main.c:1648:6:USB_Interrupt_Callback	8	static
../Core/Src/main.c:1655:6:HAL_GPIO_EXTI_Callback	16	static
../Core/Src/main.c:1778:6:HAL_TIM_PeriodElapsedCallback	16	static
../Core/Src/main.c:1909:6:HAL_ADC_ConvCpltCallback	16	static
../Core/Src/main.c:1918:6:HAL_UART_RxHalfCpltCallback	24	static
../Core/Src/main.c:1925:6:HAL_UART_RxCpltCallback	304	static
../Core/Src/main.c:1958:6:Error_Handler	4	static,ignoring_inline_asm
