../Core/Src/main.c:467:13:MX_ADC_Init	56	static,ignoring_inline_asm
../Core/Src/main.c:422:6:SystemClock_Config	104	static,ignoring_inline_asm
../Core/Src/main.c:1050:6:USB_EXTIinit	32	static
../Core/Src/main.c:1066:6:EXTI1_IRQHandler	4	static
../Core/Src/main.c:1074:6:update_ADC_watchdog	24	static
../Core/Src/main.c:1097:6:lcd_send_cmd	24	static
../Core/Src/main.c:1110:6:lcd_send_data	24	static
../Core/Src/main.c:1123:6:LCD_CursorBlinkOnOff	32	static
../Core/Src/main.c:1139:6:LCD_BlinkOnOff	32	static
../Core/Src/main.c:1149:6:lcd_clear	40	static
../Core/Src/main.c:1158:6:lcd_put_cur	24	static
../Core/Src/main.c:1200:6:lcd_send_string	40	static
../Core/Src/main.c:1205:6:lcd_createChar	48	static
../Core/Src/main.c:1180:6:lcd_init	40	static
../Core/Src/main.c:1223:6:lcd_psu_init	40	static
../Core/Src/main.c:1009:6:ourInit	88	static
../Core/Src/main.c:235:5:main	104	static,ignoring_inline_asm
../Core/Src/main.c:1393:6:lcd_update_voltage	48	static
../Core/Src/main.c:1433:6:lcd_update_amperage	48	static
../Core/Src/main.c:1256:6:lcd_psu_update	32	static
../Core/Src/main.c:1559:6:clearkeypad	4	static
../Core/Src/main.c:1565:7:translate_keypad	32	static
../Core/Src/main.c:1483:6:update_keypad	16	static
../Core/Src/main.c:1607:9:check_keypad	16	static
../Core/Src/main.c:1613:6:keypad_sm	16	static
../Core/Src/main.c:1850:6:row_input	40	static
../Core/Src/main.c:1889:6:column_input	40	static
../Core/Src/main.c:1930:6:USB_Interrupt_Callback	0	static
../Core/Src/main.c:1935:6:HAL_GPIO_EXTI_Callback	16	static
../Core/Src/main.c:1973:6:HAL_TIM_PeriodElapsedCallback	16	static
../Core/Src/main.c:2082:6:HAL_ADC_ConvHalfCpltCallback	0	static
../Core/Src/main.c:2088:6:HAL_ADC_ConvCpltCallback	0	static
../Core/Src/main.c:2094:6:HAL_ADC_LevelOutOfWindowCallback	0	static
../Core/Src/main.c:2107:6:HAL_UART_RxCpltCallback	72	static
../Core/Src/main.c:2181:6:HAL_UART_ErrorCallback	0	static
../Core/Src/main.c:2185:6:HAL_UART_TxHalfCpltCallback	8	static
../Core/Src/main.c:2196:6:HAL_UART_TxCpltCallback	40	static
../Core/Src/main.c:2214:6:Error_Handler	0	static,ignoring_inline_asm
