../Core/Src/main.c:467:13:MX_ADC_Init	56	static,ignoring_inline_asm
../Core/Src/main.c:1472:6:update_keypad.part.0	0	static
../Core/Src/main.c:1472:6:update_keypad.constprop	0	static
../Core/Src/main.c:422:6:SystemClock_Config	104	static,ignoring_inline_asm
../Core/Src/main.c:1029:6:USB_EXTIinit	32	static
../Core/Src/main.c:1045:6:EXTI1_IRQHandler	4	static
../Core/Src/main.c:1053:6:update_ADC_watchdog	24	static
../Core/Src/main.c:1076:6:lcd_send_cmd	24	static
../Core/Src/main.c:1089:6:lcd_send_data	24	static
../Core/Src/main.c:1102:6:LCD_CursorBlinkOnOff	32	static
../Core/Src/main.c:1118:6:LCD_BlinkOnOff	32	static
../Core/Src/main.c:1128:6:lcd_clear	40	static
../Core/Src/main.c:1137:6:lcd_put_cur	24	static
../Core/Src/main.c:1179:6:lcd_send_string	40	static
../Core/Src/main.c:1183:6:lcd_createChar	48	static
../Core/Src/main.c:1159:6:lcd_init	40	static
../Core/Src/main.c:1201:6:lcd_psu_init	40	static
../Core/Src/main.c:988:6:ourInit	80	static
../Core/Src/main.c:237:5:main	120	static,ignoring_inline_asm
../Core/Src/main.c:1382:6:lcd_update_voltage	48	static
../Core/Src/main.c:1422:6:lcd_update_amperage	48	static
../Core/Src/main.c:1233:6:lcd_psu_update	32	static
../Core/Src/main.c:1472:6:update_keypad	0	static
../Core/Src/main.c:1634:6:clear_keypad	4	static
../Core/Src/main.c:1640:7:translate_keypad	32	static
../Core/Src/main.c:1682:9:check_keypad	16	static
../Core/Src/main.c:1693:6:fill_keypad	32	static
../Core/Src/main.c:1761:6:keypad_sm	24	static
../Core/Src/main.c:2588:6:row_input	40	static
../Core/Src/main.c:2627:6:column_input	40	static
../Core/Src/main.c:2668:6:USB_Interrupt_Callback	0	static
../Core/Src/main.c:2673:6:HAL_GPIO_EXTI_Callback	16	static
../Core/Src/main.c:2723:6:HAL_TIM_PeriodElapsedCallback	16	static
../Core/Src/main.c:2825:6:HAL_ADC_ConvHalfCpltCallback	0	static
../Core/Src/main.c:2831:6:HAL_ADC_ConvCpltCallback	0	static
../Core/Src/main.c:2837:6:HAL_ADC_LevelOutOfWindowCallback	8	static
../Core/Src/main.c:2851:6:HAL_UART_RxCpltCallback	72	static
../Core/Src/main.c:2925:6:HAL_UART_ErrorCallback	0	static
../Core/Src/main.c:2929:6:HAL_UART_TxHalfCpltCallback	8	static
../Core/Src/main.c:2940:6:HAL_UART_TxCpltCallback	40	static
../Core/Src/main.c:2958:6:Error_Handler	0	static,ignoring_inline_asm
