../Core/Src/main.c:420:13:MX_ADC_Init	40	static,ignoring_inline_asm
../Core/Src/main.c:375:6:SystemClock_Config	104	static,ignoring_inline_asm
../Core/Src/main.c:1003:6:USB_EXTIinit	32	static
../Core/Src/main.c:1019:6:EXTI1_IRQHandler	4	static
../Core/Src/main.c:1033:6:lcd_send_cmd	24	static
../Core/Src/main.c:1046:6:lcd_send_data	24	static
../Core/Src/main.c:1059:6:lcd_cursor_onoff	32	static
../Core/Src/main.c:1064:6:lcd_blink_onoff	32	static
../Core/Src/main.c:1069:6:lcd_cursorblink_onoff	32	static
../Core/Src/main.c:1082:6:lcd_clear	40	static
../Core/Src/main.c:1090:6:lcd_put_cur	24	static
../Core/Src/main.c:1133:6:lcd_send_string	40	static
../Core/Src/main.c:1138:6:lcd_createChar	48	static
../Core/Src/main.c:1113:6:lcd_init	40	static
../Core/Src/main.c:1156:6:lcd_psu_init	40	static
../Core/Src/main.c:964:6:our_init	88	static
../Core/Src/main.c:213:5:main	104	static,ignoring_inline_asm
../Core/Src/main.c:1298:6:lcd_update_voltage	48	static
../Core/Src/main.c:1342:6:lcd_update_amperage	48	static
../Core/Src/main.c:1189:6:lcd_psu_update	32	static
../Core/Src/main.c:1463:6:clear_keypad	0	static
../Core/Src/main.c:1470:7:translate_keypad	40	static
../Core/Src/main.c:1395:6:update_keypad	16	static
../Core/Src/main.c:1511:9:check_keypad	16	static
../Core/Src/main.c:1518:6:keypad_sm	16	static
../Core/Src/main.c:1712:6:row_input	40	static
../Core/Src/main.c:1752:6:column_input	40	static
../Core/Src/main.c:1792:6:keypad_decode	24	static
../Core/Src/main.c:1820:6:set_rowpin	8	static
../Core/Src/main.c:1848:6:USB_Interrupt_Callback	0	static
../Core/Src/main.c:1853:6:HAL_GPIO_EXTI_Callback	24	static
../Core/Src/main.c:1898:6:HAL_TIM_PeriodElapsedCallback	32	static
../Core/Src/main.c:2071:6:HAL_UART_RxCpltCallback	80	static
../Core/Src/main.c:2152:6:HAL_UART_TxCpltCallback	48	static
../Core/Src/main.c:2165:6:Error_Handler	0	static,ignoring_inline_asm
