../Core/Src/main.c:399:13:MX_ADC_Init	40	static,ignoring_inline_asm
../Core/Src/main.c:354:6:SystemClock_Config	104	static,ignoring_inline_asm
../Core/Src/main.c:821:6:USB_EXTIinit	32	static
../Core/Src/main.c:837:6:EXTI1_IRQHandler	4	static
../Core/Src/main.c:851:6:lcd_send_cmd	24	static
../Core/Src/main.c:864:6:lcd_send_data	24	static
../Core/Src/main.c:877:6:LCD_CursorBlinkOnOff	32	static
../Core/Src/main.c:893:6:LCD_BlinkOnOff	32	static
../Core/Src/main.c:903:6:lcd_clear	40	static
../Core/Src/main.c:912:6:lcd_put_cur	24	static
../Core/Src/main.c:954:6:lcd_send_string	40	static
../Core/Src/main.c:958:6:lcd_createChar	48	static
../Core/Src/main.c:934:6:lcd_init	40	static
../Core/Src/main.c:976:6:lcd_psu_init	40	static
../Core/Src/main.c:783:6:ourInit	88	static
../Core/Src/main.c:201:5:main	104	static,ignoring_inline_asm
../Core/Src/main.c:1145:6:lcd_update_voltage	48	static
../Core/Src/main.c:1185:6:lcd_update_amperage	48	static
../Core/Src/main.c:1008:6:lcd_psu_update	32	static
../Core/Src/main.c:1304:6:clearkeypad	32	static
../Core/Src/main.c:1310:7:translatekeypad	40	static
../Core/Src/main.c:1235:6:updatekeypad	24	static
../Core/Src/main.c:1352:9:checkkeypad	16	static
../Core/Src/main.c:1373:6:keypadsm	32	static
../Core/Src/main.c:1595:6:rowInput	40	static
../Core/Src/main.c:1634:6:columnInput	40	static
../Core/Src/main.c:1675:6:USB_Interrupt_Callback	0	static
../Core/Src/main.c:1680:6:HAL_GPIO_EXTI_Callback	8	static
../Core/Src/main.c:1807:6:HAL_TIM_PeriodElapsedCallback	8	static
../Core/Src/main.c:1949:6:HAL_ADC_ConvCpltCallback	4	static
../Core/Src/main.c:1958:6:HAL_UART_RxHalfCpltCallback	0	static
../Core/Src/main.c:1962:6:HAL_UART_RxCpltCallback	80	static
../Core/Src/main.c:2037:6:HAL_UART_TxHalfCpltCallback	0	static
../Core/Src/main.c:2041:6:HAL_UART_TxCpltCallback	48	static
../Core/Src/main.c:2053:6:Error_Handler	0	static,ignoring_inline_asm
