../Core/Src/main.c:469:13:MX_ADC_Init	56	static,ignoring_inline_asm
../Core/Src/main.c:424:6:SystemClock_Config	104	static,ignoring_inline_asm
../Core/Src/main.c:1031:6:USB_EXTIinit	32	static
../Core/Src/main.c:1047:6:EXTI1_IRQHandler	4	static
../Core/Src/main.c:1055:6:update_ADC_watchdog	24	static
../Core/Src/main.c:1078:6:lcd_send_cmd	24	static
../Core/Src/main.c:1091:6:lcd_send_data	24	static
../Core/Src/main.c:1104:6:LCD_CursorBlinkOnOff	32	static
../Core/Src/main.c:1120:6:LCD_BlinkOnOff	32	static
../Core/Src/main.c:1130:6:lcd_clear	40	static
../Core/Src/main.c:1139:6:lcd_put_cur	24	static
../Core/Src/main.c:1181:6:lcd_send_string	40	static
../Core/Src/main.c:1186:6:lcd_createChar	48	static
../Core/Src/main.c:1161:6:lcd_init	40	static
../Core/Src/main.c:1204:6:lcd_psu_init	40	static
../Core/Src/main.c:990:6:ourInit	88	static
../Core/Src/main.c:237:5:main	104	static,ignoring_inline_asm
../Core/Src/main.c:1374:6:lcd_update_voltage	48	static
../Core/Src/main.c:1414:6:lcd_update_amperage	48	static
../Core/Src/main.c:1237:6:lcd_psu_update	32	static
../Core/Src/main.c:1540:6:clearkeypad	4	static
../Core/Src/main.c:1546:7:translate_keypad	32	static
../Core/Src/main.c:1464:6:update_keypad	16	static
../Core/Src/main.c:1588:9:check_keypad	16	static
../Core/Src/main.c:1594:6:keypad_sm	16	static
../Core/Src/main.c:1831:6:row_input	40	static
../Core/Src/main.c:1870:6:column_input	40	static
../Core/Src/main.c:1911:6:USB_Interrupt_Callback	0	static
../Core/Src/main.c:1916:6:HAL_GPIO_EXTI_Callback	8	static
../Core/Src/main.c:1955:6:HAL_TIM_PeriodElapsedCallback	16	static
../Core/Src/main.c:2082:6:HAL_ADC_ConvHalfCpltCallback	0	static
../Core/Src/main.c:2088:6:HAL_ADC_ConvCpltCallback	0	static
../Core/Src/main.c:2094:6:HAL_ADC_LevelOutOfWindowCallback	4	static
../Core/Src/main.c:2108:6:HAL_UART_RxCpltCallback	72	static
../Core/Src/main.c:2182:6:HAL_UART_ErrorCallback	0	static
../Core/Src/main.c:2186:6:HAL_UART_TxHalfCpltCallback	8	static
../Core/Src/main.c:2197:6:HAL_UART_TxCpltCallback	40	static
../Core/Src/main.c:2215:6:Error_Handler	0	static,ignoring_inline_asm
