../Core/Src/main.c:399:13:MX_ADC_Init	40	static,ignoring_inline_asm
../Core/Src/main.c:354:6:SystemClock_Config	104	static,ignoring_inline_asm
../Core/Src/main.c:815:6:USB_EXTIinit	32	static
../Core/Src/main.c:831:6:EXTI1_IRQHandler	4	static
../Core/Src/main.c:845:6:lcd_send_cmd	24	static
../Core/Src/main.c:858:6:lcd_send_data	24	static
../Core/Src/main.c:871:6:LCD_CursorBlinkOnOff	32	static
../Core/Src/main.c:887:6:LCD_BlinkOnOff	32	static
../Core/Src/main.c:897:6:lcd_clear	40	static
../Core/Src/main.c:906:6:lcd_put_cur	24	static
../Core/Src/main.c:948:6:lcd_send_string	40	static
../Core/Src/main.c:952:6:lcd_createChar	48	static
../Core/Src/main.c:928:6:lcd_init	40	static
../Core/Src/main.c:970:6:lcd_psu_init	40	static
../Core/Src/main.c:777:6:ourInit	88	static
../Core/Src/main.c:201:5:main	104	static,ignoring_inline_asm
../Core/Src/main.c:1139:6:lcd_update_voltage	48	static
../Core/Src/main.c:1179:6:lcd_update_amperage	48	static
../Core/Src/main.c:1002:6:lcd_psu_update	32	static
../Core/Src/main.c:1298:6:clearkeypad	32	static
../Core/Src/main.c:1304:7:translatekeypad	40	static
../Core/Src/main.c:1229:6:updatekeypad	24	static
../Core/Src/main.c:1346:9:checkkeypad	16	static
../Core/Src/main.c:1367:6:keypadsm	32	static
../Core/Src/main.c:1589:6:rowInput	40	static
../Core/Src/main.c:1628:6:columnInput	40	static
../Core/Src/main.c:1669:6:USB_Interrupt_Callback	0	static
../Core/Src/main.c:1674:6:HAL_GPIO_EXTI_Callback	8	static
../Core/Src/main.c:1797:6:HAL_TIM_PeriodElapsedCallback	8	static
../Core/Src/main.c:1928:6:HAL_ADC_ConvCpltCallback	4	static
../Core/Src/main.c:1937:6:HAL_UART_RxHalfCpltCallback	0	static
../Core/Src/main.c:1941:6:HAL_UART_RxCpltCallback	80	static
../Core/Src/main.c:2016:6:HAL_UART_TxHalfCpltCallback	0	static
../Core/Src/main.c:2020:6:HAL_UART_TxCpltCallback	48	static
../Core/Src/main.c:2032:6:Error_Handler	0	static,ignoring_inline_asm
