../Core/Src/main.c:471:13:MX_ADC_Init	56	static,ignoring_inline_asm
../Core/Src/main.c:1476:6:update_keypad.part.0	0	static
../Core/Src/main.c:1476:6:update_keypad.constprop	0	static
../Core/Src/main.c:426:6:SystemClock_Config	104	static,ignoring_inline_asm
../Core/Src/main.c:1033:6:USB_EXTIinit	32	static
../Core/Src/main.c:1049:6:EXTI1_IRQHandler	4	static
../Core/Src/main.c:1057:6:update_ADC_watchdog	24	static
../Core/Src/main.c:1080:6:lcd_send_cmd	24	static
../Core/Src/main.c:1093:6:lcd_send_data	24	static
../Core/Src/main.c:1106:6:LCD_CursorBlinkOnOff	32	static
../Core/Src/main.c:1122:6:LCD_BlinkOnOff	32	static
../Core/Src/main.c:1132:6:lcd_clear	40	static
../Core/Src/main.c:1141:6:lcd_put_cur	24	static
../Core/Src/main.c:1183:6:lcd_send_string	40	static
../Core/Src/main.c:1187:6:lcd_createChar	48	static
../Core/Src/main.c:1163:6:lcd_init	40	static
../Core/Src/main.c:1205:6:lcd_psu_init	40	static
../Core/Src/main.c:992:6:ourInit	80	static
../Core/Src/main.c:241:5:main	120	static,ignoring_inline_asm
../Core/Src/main.c:1386:6:lcd_update_voltage	48	static
../Core/Src/main.c:1426:6:lcd_update_amperage	48	static
../Core/Src/main.c:1237:6:lcd_psu_update	32	static
../Core/Src/main.c:1476:6:update_keypad	0	static
../Core/Src/main.c:1638:6:clear_keypad	4	static
../Core/Src/main.c:1644:7:translate_keypad	32	static
../Core/Src/main.c:1686:9:check_keypad	16	static
../Core/Src/main.c:1697:6:fill_keypad	32	static
../Core/Src/main.c:1769:6:inc_arr_v	8	static
../Core/Src/main.c:1813:6:inc_arr_a	8	static
../Core/Src/main.c:1855:6:dec_arr_v	8	static
../Core/Src/main.c:1895:6:dec_arr_a	8	static
../Core/Src/main.c:1935:6:keypad_sm	24	static
../Core/Src/main.c:2594:6:row_input	40	static
../Core/Src/main.c:2633:6:column_input	40	static
../Core/Src/main.c:2674:6:USB_Interrupt_Callback	0	static
../Core/Src/main.c:2679:6:HAL_GPIO_EXTI_Callback	16	static
../Core/Src/main.c:2729:6:HAL_TIM_PeriodElapsedCallback	16	static
../Core/Src/main.c:2831:6:HAL_ADC_ConvHalfCpltCallback	0	static
../Core/Src/main.c:2837:6:HAL_ADC_ConvCpltCallback	0	static
../Core/Src/main.c:2843:6:HAL_ADC_LevelOutOfWindowCallback	8	static
../Core/Src/main.c:2857:6:HAL_UART_RxCpltCallback	72	static
../Core/Src/main.c:2931:6:HAL_UART_ErrorCallback	0	static
../Core/Src/main.c:2935:6:HAL_UART_TxHalfCpltCallback	8	static
../Core/Src/main.c:2946:6:HAL_UART_TxCpltCallback	40	static
../Core/Src/main.c:2964:6:Error_Handler	0	static,ignoring_inline_asm
