../Core/Src/main.c:476:13:MX_ADC_Init	56	static,ignoring_inline_asm
../Core/Src/main.c:1574:6:update_keypad.part.0	0	static
../Core/Src/main.c:1574:6:update_keypad.constprop	0	static
../Core/Src/main.c:431:6:SystemClock_Config	104	static,ignoring_inline_asm
../Core/Src/main.c:1118:6:USB_EXTIinit	32	static
../Core/Src/main.c:1134:6:EXTI1_IRQHandler	4	static
../Core/Src/main.c:1142:6:update_ADC_watchdog	24	static
../Core/Src/main.c:1165:6:lcd_send_cmd	24	static
../Core/Src/main.c:1178:6:lcd_send_data	24	static
../Core/Src/main.c:1191:6:LCD_CursorBlinkOnOff	32	static
../Core/Src/main.c:1207:6:LCD_BlinkOnOff	32	static
../Core/Src/main.c:1217:6:lcd_clear	40	static
../Core/Src/main.c:1226:6:lcd_put_cur	24	static
../Core/Src/main.c:1268:6:lcd_send_string	40	static
../Core/Src/main.c:1272:6:lcd_createChar	48	static
../Core/Src/main.c:1248:6:lcd_init	40	static
../Core/Src/main.c:1073:6:ourInit	72	static
../Core/Src/main.c:245:5:main	128	static,ignoring_inline_asm
../Core/Src/main.c:1290:6:lcd_psu_init	40	static
../Core/Src/main.c:1322:6:lcd_psu_welcome	40	static
../Core/Src/main.c:1484:6:lcd_update_voltage	48	static
../Core/Src/main.c:1524:6:lcd_update_amperage	48	static
../Core/Src/main.c:1331:6:lcd_psu_update	32	static
../Core/Src/main.c:1574:6:update_keypad	0	static
../Core/Src/main.c:1736:6:clear_keypad	4	static
../Core/Src/main.c:1742:7:translate_keypad	32	static
../Core/Src/main.c:1784:9:check_keypad	16	static
../Core/Src/main.c:1795:6:fill_keypad	32	static
../Core/Src/main.c:1867:6:inc_arr_v	8	static
../Core/Src/main.c:1911:6:inc_arr_a	8	static
../Core/Src/main.c:1953:6:dec_arr_v	8	static
../Core/Src/main.c:1993:6:dec_arr_a	8	static
../Core/Src/main.c:2033:6:keypad_sm	24	static
../Core/Src/main.c:2694:6:row_input	40	static
../Core/Src/main.c:2733:6:column_input	40	static
../Core/Src/main.c:2774:6:USB_Interrupt_Callback	0	static
../Core/Src/main.c:2779:6:HAL_GPIO_EXTI_Callback	16	static
../Core/Src/main.c:2829:6:HAL_TIM_PeriodElapsedCallback	16	static
../Core/Src/main.c:2943:6:HAL_ADC_ConvHalfCpltCallback	0	static
../Core/Src/main.c:2949:6:HAL_ADC_ConvCpltCallback	0	static
../Core/Src/main.c:2955:6:HAL_ADC_LevelOutOfWindowCallback	8	static
../Core/Src/main.c:2969:6:HAL_UART_RxCpltCallback	72	static
../Core/Src/main.c:3043:6:HAL_UART_ErrorCallback	0	static
../Core/Src/main.c:3047:6:HAL_UART_TxHalfCpltCallback	8	static
../Core/Src/main.c:3058:6:HAL_UART_TxCpltCallback	40	static
../Core/Src/main.c:3076:6:Error_Handler	0	static,ignoring_inline_asm
