../Core/Src/main.c:411:13:MX_ADC_Init	40	static,ignoring_inline_asm
../Core/Src/main.c:366:6:SystemClock_Config	104	static,ignoring_inline_asm
../Core/Src/main.c:993:6:USB_EXTIinit	32	static
../Core/Src/main.c:1009:6:EXTI1_IRQHandler	4	static
../Core/Src/main.c:1023:6:lcd_send_cmd	24	static
../Core/Src/main.c:1036:6:lcd_send_data	24	static
../Core/Src/main.c:1049:6:lcd_cursorblink_onoff	32	static
../Core/Src/main.c:1062:6:lcd_blink_onoff	32	static
../Core/Src/main.c:1067:6:lcd_clear	40	static
../Core/Src/main.c:1075:6:lcd_put_cur	24	static
../Core/Src/main.c:1118:6:lcd_send_string	40	static
../Core/Src/main.c:1123:6:lcd_createChar	48	static
../Core/Src/main.c:1098:6:lcd_init	40	static
../Core/Src/main.c:1141:6:lcd_psu_init	40	static
../Core/Src/main.c:955:6:our_init	88	static
../Core/Src/main.c:210:5:main	104	static,ignoring_inline_asm
../Core/Src/main.c:1281:6:lcd_update_voltage	48	static
../Core/Src/main.c:1324:6:lcd_update_amperage	48	static
../Core/Src/main.c:1173:6:lcd_psu_update	32	static
../Core/Src/main.c:1443:6:clear_keypad	0	static
../Core/Src/main.c:1450:7:translate_keypad	40	static
../Core/Src/main.c:1376:6:update_keypad	16	static
../Core/Src/main.c:1491:9:check_keypad	16	static
../Core/Src/main.c:1498:6:keypad_sm	16	static
../Core/Src/main.c:1692:6:row_input	40	static
../Core/Src/main.c:1731:6:column_input	40	static
../Core/Src/main.c:1770:6:keypad_decode	24	static
../Core/Src/main.c:1797:6:set_rowpin	8	static
../Core/Src/main.c:1824:6:USB_Interrupt_Callback	0	static
../Core/Src/main.c:1829:6:HAL_GPIO_EXTI_Callback	24	static
../Core/Src/main.c:1874:6:HAL_TIM_PeriodElapsedCallback	32	static
../Core/Src/main.c:2032:6:HAL_ADC_ConvCpltCallback	4	static
../Core/Src/main.c:2041:6:HAL_UART_RxHalfCpltCallback	0	static
../Core/Src/main.c:2045:6:HAL_UART_RxCpltCallback	80	static
../Core/Src/main.c:2120:6:HAL_UART_TxHalfCpltCallback	0	static
../Core/Src/main.c:2125:6:HAL_UART_TxCpltCallback	48	static
../Core/Src/main.c:2138:6:Error_Handler	0	static,ignoring_inline_asm
