../Core/Src/stm32l1xx_it.c:77:6:NMI_Handler	0	static
../Core/Src/stm32l1xx_it.c:92:6:HardFault_Handler	0	static
../Core/Src/stm32l1xx_it.c:107:6:MemManage_Handler	0	static
../Core/Src/stm32l1xx_it.c:122:6:BusFault_Handler	0	static
../Core/Src/stm32l1xx_it.c:137:6:UsageFault_Handler	0	static
../Core/Src/stm32l1xx_it.c:152:6:SVC_Handler	0	static
../Core/Src/stm32l1xx_it.c:165:6:DebugMon_Handler	0	static
../Core/Src/stm32l1xx_it.c:178:6:PendSV_Handler	0	static
../Core/Src/stm32l1xx_it.c:191:6:SysTick_Handler	0	static
../Core/Src/stm32l1xx_it.c:212:6:EXTI0_IRQHandler	0	static
../Core/Src/stm32l1xx_it.c:226:6:EXTI2_IRQHandler	0	static
../Core/Src/stm32l1xx_it.c:240:6:DMA1_Channel1_IRQHandler	0	static
../Core/Src/stm32l1xx_it.c:254:6:DMA1_Channel4_IRQHandler	0	static
../Core/Src/stm32l1xx_it.c:268:6:DMA1_Channel5_IRQHandler	0	static
../Core/Src/stm32l1xx_it.c:282:6:USB_LP_IRQHandler	0	static
../Core/Src/stm32l1xx_it.c:296:6:TIM9_IRQHandler	0	static
../Core/Src/stm32l1xx_it.c:310:6:TIM2_IRQHandler	0	static
../Core/Src/stm32l1xx_it.c:324:6:TIM3_IRQHandler	0	static
../Core/Src/stm32l1xx_it.c:338:6:TIM4_IRQHandler	0	static
../Core/Src/stm32l1xx_it.c:352:6:USART1_IRQHandler	0	static
../Core/Src/stm32l1xx_it.c:366:6:EXTI15_10_IRQHandler	8	static
