../Core/Src/stm32l1xx_hal_msp.c:68:6:HAL_MspInit	16	static
../Core/Src/stm32l1xx_hal_msp.c:91:6:HAL_ADC_MspInit	48	static
../Core/Src/stm32l1xx_hal_msp.c:144:6:HAL_ADC_MspDeInit	8	static
../Core/Src/stm32l1xx_hal_msp.c:177:6:HAL_DAC_MspInit	48	static
../Core/Src/stm32l1xx_hal_msp.c:211:6:HAL_DAC_MspDeInit	0	static
../Core/Src/stm32l1xx_hal_msp.c:240:6:HAL_I2C_MspInit	48	static
../Core/Src/stm32l1xx_hal_msp.c:276:6:HAL_I2C_MspDeInit	8	static
../Core/Src/stm32l1xx_hal_msp.c:307:6:HAL_TIM_Base_MspInit	24	static
../Core/Src/stm32l1xx_hal_msp.c:374:6:HAL_TIM_Base_MspDeInit	0	static
../Core/Src/stm32l1xx_hal_msp.c:441:6:HAL_UART_MspInit	48	static
../Core/Src/stm32l1xx_hal_msp.c:513:6:HAL_UART_MspDeInit	8	static
