../Core/Src/stm32l1xx_it.c:79:6:NMI_Handler	0	static
../Core/Src/stm32l1xx_it.c:94:6:HardFault_Handler	0	static
../Core/Src/stm32l1xx_it.c:109:6:MemManage_Handler	0	static
../Core/Src/stm32l1xx_it.c:124:6:BusFault_Handler	0	static
../Core/Src/stm32l1xx_it.c:139:6:UsageFault_Handler	0	static
../Core/Src/stm32l1xx_it.c:154:6:SVC_Handler	0	static
../Core/Src/stm32l1xx_it.c:167:6:DebugMon_Handler	0	static
../Core/Src/stm32l1xx_it.c:180:6:PendSV_Handler	0	static
../Core/Src/stm32l1xx_it.c:193:6:SysTick_Handler	0	static
../Core/Src/stm32l1xx_it.c:214:6:EXTI0_IRQHandler	0	static
../Core/Src/stm32l1xx_it.c:228:6:EXTI2_IRQHandler	0	static
../Core/Src/stm32l1xx_it.c:242:6:DMA1_Channel1_IRQHandler	0	static
../Core/Src/stm32l1xx_it.c:256:6:DMA1_Channel4_IRQHandler	0	static
../Core/Src/stm32l1xx_it.c:270:6:DMA1_Channel5_IRQHandler	0	static
../Core/Src/stm32l1xx_it.c:284:6:ADC1_IRQHandler	0	static
../Core/Src/stm32l1xx_it.c:298:6:USB_LP_IRQHandler	0	static
../Core/Src/stm32l1xx_it.c:312:6:TIM9_IRQHandler	0	static
../Core/Src/stm32l1xx_it.c:326:6:TIM10_IRQHandler	0	static
../Core/Src/stm32l1xx_it.c:340:6:TIM11_IRQHandler	0	static
../Core/Src/stm32l1xx_it.c:354:6:TIM2_IRQHandler	0	static
../Core/Src/stm32l1xx_it.c:368:6:TIM3_IRQHandler	0	static
../Core/Src/stm32l1xx_it.c:382:6:USART1_IRQHandler	0	static
../Core/Src/stm32l1xx_it.c:396:6:EXTI15_10_IRQHandler	8	static
