../Drivers/STM32L1xx_HAL_Driver/Src/stm32l1xx_hal_dac.c:388:13:HAL_DAC_MspInit	0	static
../Drivers/STM32L1xx_HAL_Driver/Src/stm32l1xx_hal_dac.c:282:19:HAL_DAC_Init	8	static
../Drivers/STM32L1xx_HAL_Driver/Src/stm32l1xx_hal_dac.c:404:13:HAL_DAC_MspDeInit	0	static
../Drivers/STM32L1xx_HAL_Driver/Src/stm32l1xx_hal_dac.c:343:19:HAL_DAC_DeInit	8	static
../Drivers/STM32L1xx_HAL_Driver/Src/stm32l1xx_hal_dac.c:446:19:HAL_DAC_Start	4	static
../Drivers/STM32L1xx_HAL_Driver/Src/stm32l1xx_hal_dac.c:501:19:HAL_DAC_Stop	4	static
../Drivers/STM32L1xx_HAL_Driver/Src/stm32l1xx_hal_dac.c:533:19:HAL_DAC_Start_DMA	24	static
../Drivers/STM32L1xx_HAL_Driver/Src/stm32l1xx_hal_dac.c:665:19:HAL_DAC_Stop_DMA	8	static
../Drivers/STM32L1xx_HAL_Driver/Src/stm32l1xx_hal_dac.c:786:19:HAL_DAC_SetValue	16	static
../Drivers/STM32L1xx_HAL_Driver/Src/stm32l1xx_hal_dac.c:820:13:HAL_DAC_ConvCpltCallbackCh1	0	static
../Drivers/STM32L1xx_HAL_Driver/Src/stm32l1xx_hal_dac.c:1285:6:DAC_DMAConvCpltCh1	8	static
../Drivers/STM32L1xx_HAL_Driver/Src/stm32l1xx_hal_dac.c:836:13:HAL_DAC_ConvHalfCpltCallbackCh1	0	static
../Drivers/STM32L1xx_HAL_Driver/Src/stm32l1xx_hal_dac.c:1304:6:DAC_DMAHalfConvCpltCh1	8	static
../Drivers/STM32L1xx_HAL_Driver/Src/stm32l1xx_hal_dac.c:852:13:HAL_DAC_ErrorCallbackCh1	0	static
../Drivers/STM32L1xx_HAL_Driver/Src/stm32l1xx_hal_dac.c:1321:6:DAC_DMAErrorCh1	8	static
../Drivers/STM32L1xx_HAL_Driver/Src/stm32l1xx_hal_dac.c:868:13:HAL_DAC_DMAUnderrunCallbackCh1	0	static
../Drivers/STM32L1xx_HAL_Driver/Src/stm32l1xx_hal_dac.c:713:6:HAL_DAC_IRQHandler	8	static
../Drivers/STM32L1xx_HAL_Driver/Src/stm32l1xx_hal_dac.c:907:10:HAL_DAC_GetValue	0	static
../Drivers/STM32L1xx_HAL_Driver/Src/stm32l1xx_hal_dac.c:939:19:HAL_DAC_ConfigChannel	16	static
../Drivers/STM32L1xx_HAL_Driver/Src/stm32l1xx_hal_dac.c:1006:22:HAL_DAC_GetState	0	static
../Drivers/STM32L1xx_HAL_Driver/Src/stm32l1xx_hal_dac.c:1019:10:HAL_DAC_GetError	0	static
