Archive member included to satisfy reference by file (symbol)

c:/st/stm32cubeide_1.10.1/stm32cubeide/plugins/com.st.stm32cube.ide.mcu.externaltools.gnu-tools-for-stm32.10.3-2021.10.win32_1.0.0.202111181127/tools/bin/../lib/gcc/arm-none-eabi/10.3.1/../../../../arm-none-eabi/lib/thumb/v7-m/nofp\libc_nano.a(lib_a-errno.o)
                              ./Core/Src/syscalls.o (__errno)
c:/st/stm32cubeide_1.10.1/stm32cubeide/plugins/com.st.stm32cube.ide.mcu.externaltools.gnu-tools-for-stm32.10.3-2021.10.win32_1.0.0.202111181127/tools/bin/../lib/gcc/arm-none-eabi/10.3.1/../../../../arm-none-eabi/lib/thumb/v7-m/nofp\libc_nano.a(lib_a-exit.o)
                              c:/st/stm32cubeide_1.10.1/stm32cubeide/plugins/com.st.stm32cube.ide.mcu.externaltools.gnu-tools-for-stm32.10.3-2021.10.win32_1.0.0.202111181127/tools/bin/../lib/gcc/arm-none-eabi/10.3.1/../../../../arm-none-eabi/lib/thumb/v7-m/nofp/crt0.o (exit)
c:/st/stm32cubeide_1.10.1/stm32cubeide/plugins/com.st.stm32cube.ide.mcu.externaltools.gnu-tools-for-stm32.10.3-2021.10.win32_1.0.0.202111181127/tools/bin/../lib/gcc/arm-none-eabi/10.3.1/../../../../arm-none-eabi/lib/thumb/v7-m/nofp\libc_nano.a(lib_a-impure.o)
                              c:/st/stm32cubeide_1.10.1/stm32cubeide/plugins/com.st.stm32cube.ide.mcu.externaltools.gnu-tools-for-stm32.10.3-2021.10.win32_1.0.0.202111181127/tools/bin/../lib/gcc/arm-none-eabi/10.3.1/../../../../arm-none-eabi/lib/thumb/v7-m/nofp\libc_nano.a(lib_a-exit.o) (_global_impure_ptr)
c:/st/stm32cubeide_1.10.1/stm32cubeide/plugins/com.st.stm32cube.ide.mcu.externaltools.gnu-tools-for-stm32.10.3-2021.10.win32_1.0.0.202111181127/tools/bin/../lib/gcc/arm-none-eabi/10.3.1/../../../../arm-none-eabi/lib/thumb/v7-m/nofp\libc_nano.a(lib_a-init.o)
                              c:/st/stm32cubeide_1.10.1/stm32cubeide/plugins/com.st.stm32cube.ide.mcu.externaltools.gnu-tools-for-stm32.10.3-2021.10.win32_1.0.0.202111181127/tools/bin/../lib/gcc/arm-none-eabi/10.3.1/../../../../arm-none-eabi/lib/thumb/v7-m/nofp/crt0.o (__libc_init_array)
c:/st/stm32cubeide_1.10.1/stm32cubeide/plugins/com.st.stm32cube.ide.mcu.externaltools.gnu-tools-for-stm32.10.3-2021.10.win32_1.0.0.202111181127/tools/bin/../lib/gcc/arm-none-eabi/10.3.1/../../../../arm-none-eabi/lib/thumb/v7-m/nofp\libc_nano.a(lib_a-memcpy-stub.o)
                              ./USB_DEVICE/App/usbd_cdc_if.o (memcpy)
c:/st/stm32cubeide_1.10.1/stm32cubeide/plugins/com.st.stm32cube.ide.mcu.externaltools.gnu-tools-for-stm32.10.3-2021.10.win32_1.0.0.202111181127/tools/bin/../lib/gcc/arm-none-eabi/10.3.1/../../../../arm-none-eabi/lib/thumb/v7-m/nofp\libc_nano.a(lib_a-memmove.o)
                              ./Core/Src/main.o (memmove)
c:/st/stm32cubeide_1.10.1/stm32cubeide/plugins/com.st.stm32cube.ide.mcu.externaltools.gnu-tools-for-stm32.10.3-2021.10.win32_1.0.0.202111181127/tools/bin/../lib/gcc/arm-none-eabi/10.3.1/../../../../arm-none-eabi/lib/thumb/v7-m/nofp\libc_nano.a(lib_a-memset.o)
                              c:/st/stm32cubeide_1.10.1/stm32cubeide/plugins/com.st.stm32cube.ide.mcu.externaltools.gnu-tools-for-stm32.10.3-2021.10.win32_1.0.0.202111181127/tools/bin/../lib/gcc/arm-none-eabi/10.3.1/../../../../arm-none-eabi/lib/thumb/v7-m/nofp/crt0.o (memset)
c:/st/stm32cubeide_1.10.1/stm32cubeide/plugins/com.st.stm32cube.ide.mcu.externaltools.gnu-tools-for-stm32.10.3-2021.10.win32_1.0.0.202111181127/tools/bin/../lib/gcc/arm-none-eabi/10.3.1/../../../../arm-none-eabi/lib/thumb/v7-m/nofp\libc_nano.a(lib_a-nano-vfprintf_float.o)
                              (_printf_float)
c:/st/stm32cubeide_1.10.1/stm32cubeide/plugins/com.st.stm32cube.ide.mcu.externaltools.gnu-tools-for-stm32.10.3-2021.10.win32_1.0.0.202111181127/tools/bin/../lib/gcc/arm-none-eabi/10.3.1/../../../../arm-none-eabi/lib/thumb/v7-m/nofp\libc_nano.a(lib_a-nano-vfprintf_i.o)
                              c:/st/stm32cubeide_1.10.1/stm32cubeide/plugins/com.st.stm32cube.ide.mcu.externaltools.gnu-tools-for-stm32.10.3-2021.10.win32_1.0.0.202111181127/tools/bin/../lib/gcc/arm-none-eabi/10.3.1/../../../../arm-none-eabi/lib/thumb/v7-m/nofp\libc_nano.a(lib_a-nano-vfprintf_float.o) (_printf_common)
c:/st/stm32cubeide_1.10.1/stm32cubeide/plugins/com.st.stm32cube.ide.mcu.externaltools.gnu-tools-for-stm32.10.3-2021.10.win32_1.0.0.202111181127/tools/bin/../lib/gcc/arm-none-eabi/10.3.1/../../../../arm-none-eabi/lib/thumb/v7-m/nofp\libc_nano.a(lib_a-snprintf.o)
                              ./Core/Src/main.o (snprintf)
c:/st/stm32cubeide_1.10.1/stm32cubeide/plugins/com.st.stm32cube.ide.mcu.externaltools.gnu-tools-for-stm32.10.3-2021.10.win32_1.0.0.202111181127/tools/bin/../lib/gcc/arm-none-eabi/10.3.1/../../../../arm-none-eabi/lib/thumb/v7-m/nofp\libc_nano.a(lib_a-strlen.o)
[...]
Memory Configuration

Name             Origin             Length             Attributes
RAM              0x0000000020000000 0x0000000000008000 xrw
FLASH            0x0000000008000000 0x0000000000020000 xr
*default*        0x0000000000000000 0xffffffffffffffff

Linker script and memory map

LOAD c:/st/stm32cubeide_1.10.1/stm32cubeide/plugins/com.st.stm32cube.ide.mcu.externaltools.gnu-tools-for-stm32.10.3-2021.10.win32_1.0.0.202111181127/tools/bin/../lib/gcc/arm-none-eabi/10.3.1/thumb/v7-m/nofp/crti.o
LOAD c:/st/stm32cubeide_1.10.1/stm32cubeide/plugins/com.st.stm32cube.ide.mcu.externaltools.gnu-tools-for-stm32.10.3-2021.10.win32_1.0.0.202111181127/tools/bin/../lib/gcc/arm-none-eabi/10.3.1/thumb/v7-m/nofp/crtbegin.o
LOAD c:/st/stm32cubeide_1.10.1/stm32cubeide/plugins/com.st.stm32cube.ide.mcu.externaltools.gnu-tools-for-stm32.10.3-2021.10.win32_1.0.0.202111181127/tools/bin/../lib/gcc/arm-none-eabi/10.3.1/../../../../arm-none-eabi/lib/thumb/v7-m/nofp/crt0.o
LOAD ./Core/Src/main.o
LOAD ./Core/Src/stm32l1xx_hal_msp.o
LOAD ./Core/Src/stm32l1xx_it.o
LOAD ./Core/Src/syscalls.o
LOAD ./Core/Src/sysmem.o
LOAD ./Core/Src/system_stm32l1xx.o
LOAD ./Core/Startup/startup_stm32l152rbtxa.o
LOAD ./Drivers/STM32L1xx_HAL_Driver/Src/stm32l1xx_hal.o
LOAD ./Drivers/STM32L1xx_HAL_Driver/Src/stm32l1xx_hal_adc.o
LOAD ./Drivers/STM32L1xx_HAL_Driver/Src/stm32l1xx_hal_adc_ex.o
LOAD ./Drivers/STM32L1xx_HAL_Driver/Src/stm32l1xx_hal_cortex.o
LOAD ./Drivers/STM32L1xx_HAL_Driver/Src/stm32l1xx_hal_dac.o
LOAD ./Drivers/STM32L1xx_HAL_Driver/Src/stm32l1xx_hal_dac_ex.o
LOAD ./Drivers/STM32L1xx_HAL_Driver/Src/stm32l1xx_hal_dma.o
LOAD ./Drivers/STM32L1xx_HAL_Driver/Src/stm32l1xx_hal_exti.o
LOAD ./Drivers/STM32L1xx_HAL_Driver/Src/stm32l1xx_hal_flash.o
LOAD ./Drivers/STM32L1xx_HAL_Driver/Src/stm32l1xx_hal_flash_ex.o
LOAD ./Drivers/STM32L1xx_HAL_Driver/Src/stm32l1xx_hal_flash_ramfunc.o
LOAD ./Drivers/STM32L1xx_HAL_Driver/Src/stm32l1xx_hal_gpio.o
LOAD ./Drivers/STM32L1xx_HAL_Driver/Src/stm32l1xx_hal_i2c.o
LOAD ./Drivers/STM32L1xx_HAL_Driver/Src/stm32l1xx_hal_pcd.o
LOAD ./Drivers/STM32L1xx_HAL_Driver/Src/stm32l1xx_hal_pcd_ex.o
LOAD ./Drivers/STM32L1xx_HAL_Driver/Src/stm32l1xx_hal_pwr.o
LOAD ./Drivers/STM32L1xx_HAL_Driver/Src/stm32l1xx_hal_pwr_ex.o
LOAD ./Drivers/STM32L1xx_HAL_Driver/Src/stm32l1xx_hal_rcc.o
LOAD ./Drivers/STM32L1xx_HAL_Driver/Src/stm32l1xx_hal_rcc_ex.o
LOAD ./Drivers/STM32L1xx_HAL_Driver/Src/stm32l1xx_hal_tim.o
LOAD ./Drivers/STM32L1xx_HAL_Driver/Src/stm32l1xx_hal_tim_ex.o
LOAD ./Drivers/STM32L1xx_HAL_Driver/Src/stm32l1xx_hal_uart.o
LOAD ./Drivers/STM32L1xx_HAL_Driver/Src/stm32l1xx_ll_usb.o
LOAD ./Middlewares/ST/STM32_USB_Device_Library/Class/CDC/Src/usbd_cdc.o
LOAD ./Middlewares/ST/STM32_USB_Device_Library/Core/Src/usbd_core.o
LOAD ./Middlewares/ST/STM32_USB_Device_Library/Core/Src/usbd_ctlreq.o
LOAD ./Middlewares/ST/STM32_USB_Device_Library/Core/Src/usbd_ioreq.o
LOAD ./USB_DEVICE/App/usb_device.o
LOAD ./USB_DEVICE/App/usbd_cdc_if.o
LOAD ./USB_DEVICE/App/usbd_desc.o
LOAD ./USB_DEVICE/Target/usbd_conf.o
START GROUP
LOAD c:/st/stm32cubeide_1.10.1/stm32cubeide/plugins/com.st.stm32cube.ide.mcu.externaltools.gnu-tools-for-stm32.10.3-2021.10.win32_1.0.0.202111181127/tools/bin/../lib/gcc/arm-none-eabi/10.3.1/../../../../arm-none-eabi/lib/thumb/v7-m/nofp\libc_nano.a
LOAD c:/st/stm32cubeide_1.10.1/stm32cubeide/plugins/com.st.stm32cube.ide.mcu.externaltools.gnu-tools-for-stm32.10.3-2021.10.win32_1.0.0.202111181127/tools/bin/../lib/gcc/arm-none-eabi/10.3.1/../../../../arm-none-eabi/lib/thumb/v7-m/nofp\libm.a
END GROUP
START GROUP
LOAD c:/st/stm32cubeide_1.10.1/stm32cubeide/plugins/com.st.stm32cube.ide.mcu.externaltools.gnu-tools-for-stm32.10.3-2021.10.win32_1.0.0.202111181127/tools/bin/../lib/gcc/arm-none-eabi/10.3.1/thumb/v7-m/nofp\libgcc.a
LOAD c:/st/stm32cubeide_1.10.1/stm32cubeide/plugins/com.st.stm32cube.ide.mcu.externaltools.gnu-tools-for-stm32.10.3-2021.10.win32_1.0.0.202111181127/tools/bin/../lib/gcc/arm-none-eabi/10.3.1/../../../../arm-none-eabi/lib/thumb/v7-m/nofp\libc_nano.a
END GROUP
START GROUP
LOAD c:/st/stm32cubeide_1.10.1/stm32cubeide/plugins/com.st.stm32cube.ide.mcu.externaltools.gnu-tools-for-stm32.10.3-2021.10.win32_1.0.0.202111181127/tools/bin/../lib/gcc/arm-none-eabi/10.3.1/thumb/v7-m/nofp\libgcc.a
LOAD c:/st/stm32cubeide_1.10.1/stm32cubeide/plugins/com.st.stm32cube.ide.mcu.externaltools.gnu-tools-for-stm32.10.3-2021.10.win32_1.0.0.202111181127/tools/bin/../lib/gcc/arm-none-eabi/10.3.1/../../../../arm-none-eabi/lib/thumb/v7-m/nofp\libc_nano.a
LOAD c:/st/stm32cubeide_1.10.1/stm32cubeide/plugins/com.st.stm32cube.ide.mcu.externaltools.gnu-tools-for-stm32.10.3-2021.10.win32_1.0.0.202111181127/tools/bin/../lib/gcc/arm-none-eabi/10.3.1/../../../../arm-none-eabi/lib/thumb/v7-m/nofp\libnosys.a
END GROUP
START GROUP
LOAD c:/st/stm32cubeide_1.10.1/stm32cubeide/plugins/com.st.stm32cube.ide.mcu.externaltools.gnu-tools-for-stm32.10.3-2021.10.win32_1.0.0.202111181127/tools/bin/../lib/gcc/arm-none-eabi/10.3.1/thumb/v7-m/nofp\libgcc.a
LOAD c:/st/stm32cubeide_1.10.1/stm32cubeide/plugins/com.st.stm32cube.ide.mcu.externaltools.gnu-tools-for-stm32.10.3-2021.10.win32_1.0.0.202111181127/tools/bin/../lib/gcc/arm-none-eabi/10.3.1/../../../../arm-none-eabi/lib/thumb/v7-m/nofp\libc_nano.a
LOAD c:/st/stm32cubeide_1.10.1/stm32cubeide/plugins/com.st.stm32cube.ide.mcu.externaltools.gnu-tools-for-stm32.10.3-2021.10.win32_1.0.0.202111181127/tools/bin/../lib/gcc/arm-none-eabi/10.3.1/../../../../arm-none-eabi/lib/thumb/v7-m/nofp\libnosys.a
END GROUP
LOAD c:/st/stm32cubeide_1.10.1/stm32cubeide/plugins/com.st.stm32cube.ide.mcu.externaltools.gnu-tools-for-stm32.10.3-2021.10.win32_1.0.0.202111181127/tools/bin/../lib/gcc/arm-none-eabi/10.3.1/thumb/v7-m/nofp/crtend.o
LOAD c:/st/stm32cubeide_1.10.1/stm32cubeide/plugins/com.st.stm32cube.ide.mcu.externaltools.gnu-tools-for-stm32.10.3-2021.10.win32_1.0.0.202111181127/tools/bin/../lib/gcc/arm-none-eabi/10.3.1/thumb/v7-m/nofp/crtn.o
                0x0000000020008000                _estack = (ORIGIN (RAM) + LENGTH (RAM))
                0x0000000000001000                _Min_Heap_Size = 0x1000
                0x0000000000002000                _Min_Stack_Size = 0x2000

.isr_vector     0x0000000008000000      0x13c
                0x0000000008000000                . = ALIGN (0x4)
 *(.isr_vector)
 .isr_vector    0x0000000008000000      0x13c ./Core/Startup/startup_stm32l152rbtxa.o
                0x0000000008000000                g_pfnVectors
                0x000000000800013c                . = ALIGN (0x4)

.text           0x0000000008000140     0xd528
                0x0000000008000140                . = ALIGN (0x4)
 *(.text)
 .text          0x0000000008000140       0x40 c:/st/stm32cubeide_1.10.1/stm32cubeide/plugins/com.st.stm32cube.ide.mcu.externaltools.gnu-tools-for-stm32.10.3-2021.10.win32_1.0.0.202111181127/tools/bin/../lib/gcc/arm-none-eabi/10.3.1/thumb/v7-m/nofp/crtbegin.o
 .text          0x0000000008000180       0x10 c:/st/stm32cubeide_1.10.1/stm32cubeide/plugins/com.st.stm32cube.ide.mcu.externaltools.gnu-tools-for-stm32.10.3-2021.10.win32_1.0.0.202111181127/tools/bin/../lib/gcc/arm-none-eabi/10.3.1/../../../../arm-none-eabi/lib/thumb/v7-m/nofp\libc_nano.a(lib_a-strlen.o)
                0x0000000008000180                strlen
 .text          0x0000000008000190      0x378 c:/st/stm32cubeide_1.10.1/stm32cubeide/plugins/com.st.stm32cube.ide.mcu.externaltools.gnu-tools-for-stm32.10.3-2021.10.win32_1.0.0.202111181127/tools/bin/../lib/gcc/arm-none-eabi/10.3.1/thumb/v7-m/nofp\libgcc.a(_arm_addsubdf3.o)
                0x0000000008000190                __aeabi_drsub
                0x0000000008000198                __aeabi_dsub
                0x0000000008000198                __subdf3
                0x000000000800019c                __aeabi_dadd
                0x000000000800019c                __adddf3
                0x0000000008000414                __floatunsidf
                0x0000000008000414                __aeabi_ui2d
                0x0000000008000434                __floatsidf
                0x0000000008000434                __aeabi_i2d
                0x0000000008000458                __aeabi_f2d
                0x0000000008000458                __extendsfdf2
                0x000000000800049c                __floatundidf
                0x000000000800049c                __aeabi_ul2d
                0x00000000080004ac                __floatdidf
                0x00000000080004ac                __aeabi_l2d
 .text          0x0000000008000508      0x424 c:/st/stm32cubeide_1.10.1/stm32cubeide/plugins/com.st.stm32cube.ide.mcu.externaltools.gnu-tools-for-stm32.10.3-2021.10.win32_1.0.0.202111181127/tools/bin/../lib/gcc/arm-none-eabi/10.3.1/thumb/v7-m/nofp\libgcc.a(_arm_muldivdf3.o)
                0x0000000008000508                __aeabi_dmul
                0x0000000008000508                __muldf3
                0x000000000800075c                __divdf3
                0x000000000800075c                __aeabi_ddiv
 .text          0x000000000800092c      0x110 c:/st/stm32cubeide_1.10.1/stm32cubeide/plugins/com.st.stm32cube.ide.mcu.externaltools.gnu-tools-for-stm32.10.3-2021.10.win32_1.0.0.202111181127/tools/bin/../lib/gcc/arm-none-eabi/10.3.1/thumb/v7-m/nofp\libgcc.a(_arm_cmpdf2.o)
                0x000000000800092c                __gtdf2
                0x000000000800092c                __gedf2
                0x0000000008000934                __ltdf2
                0x0000000008000934                __ledf2
                0x000000000800093c                __nedf2
                0x000000000800093c                __eqdf2
                0x000000000800093c                __cmpdf2
                0x00000000080009b8                __aeabi_cdrcmple
                0x00000000080009c8                __aeabi_cdcmpeq
                0x00000000080009c8                __aeabi_cdcmple
                0x00000000080009d8                __aeabi_dcmpeq
                0x00000000080009ec                __aeabi_dcmplt
                0x0000000008000a00                __aeabi_dcmple
                0x0000000008000a14                __aeabi_dcmpge
                0x0000000008000a28                __aeabi_dcmpgt
 .text          0x0000000008000a3c       0x2c c:/st/stm32cubeide_1.10.1/stm32cubeide/plugins/com.st.stm32cube.ide.mcu.externaltools.gnu-tools-for-stm32.10.3-2021.10.win32_1.0.0.202111181127/tools/bin/../lib/gcc/arm-none-eabi/10.3.1/thumb/v7-m/nofp\libgcc.a(_arm_unorddf2.o)
                0x0000000008000a3c                __unorddf2
                0x0000000008000a3c                __aeabi_dcmpun
 .text          0x0000000008000a68       0x50 c:/st/stm32cubeide_1.10.1/stm32cubeide/plugins/com.st.stm32cube.ide.mcu.externaltools.gnu-tools-for-stm32.10.3-2021.10.win32_1.0.0.202111181127/tools/bin/../lib/gcc/arm-none-eabi/10.3.1/thumb/v7-m/nofp\libgcc.a(_arm_fixdfsi.o)
                0x0000000008000a68                __aeabi_d2iz
                0x0000000008000a68                __fixdfsi
 .text          0x0000000008000ab8      0x21c c:/st/stm32cubeide_1.10.1/stm32cubeide/plugins/com.st.stm32cube.ide.mcu.externaltools.gnu-tools-for-stm32.10.3-2021.10.win32_1.0.0.202111181127/tools/bin/../lib/gcc/arm-none-eabi/10.3.1/thumb/v7-m/nofp\libgcc.a(_arm_addsubsf3.o)
                0x0000000008000ab8                __aeabi_frsub
                0x0000000008000ac0                __subsf3
                0x0000000008000ac0                __aeabi_fsub
                0x0000000008000ac4                __aeabi_fadd
                0x0000000008000ac4                __addsf3
                0x0000000008000c24                __aeabi_ui2f
                0x0000000008000c24                __floatunsisf
                0x0000000008000c2c                __aeabi_i2f
                0x0000000008000c2c                __floatsisf
                0x0000000008000c48                __aeabi_ul2f
                0x0000000008000c48                __floatundisf
                0x0000000008000c58                __aeabi_l2f
                0x0000000008000c58                __floatdisf
 .text          0x0000000008000cd4      0x2a0 c:/st/stm32cubeide_1.10.1/stm32cubeide/plugins/com.st.stm32cube.ide.mcu.externaltools.gnu-tools-for-stm32.10.3-2021.10.win32_1.0.0.202111181127/tools/bin/../lib/gcc/arm-none-eabi/10.3.1/thumb/v7-m/nofp\libgcc.a(_arm_muldivsf3.o)
                0x0000000008000cd4                __mulsf3
                0x0000000008000cd4                __aeabi_fmul
                0x0000000008000e3c                __aeabi_fdiv
                0x0000000008000e3c                __divsf3
 .text          0x0000000008000f74       0xec c:/st/stm32cubeide_1.10.1/stm32cubeide/plugins/com.st.stm32cube.ide.mcu.externaltools.gnu-tools-for-stm32.10.3-2021.10.win32_1.0.0.202111181127/tools/bin/../lib/gcc/arm-none-eabi/10.3.1/thumb/v7-m/nofp\libgcc.a(_arm_cmpsf2.o)
                0x0000000008000f74                __gesf2
                0x0000000008000f74                __gtsf2
                0x0000000008000f7c                __lesf2
                0x0000000008000f7c                __ltsf2
                0x0000000008000f84                __nesf2
                0x0000000008000f84                __eqsf2
                0x0000000008000f84                __cmpsf2
                0x0000000008000fe4                __aeabi_cfrcmple
                0x0000000008000fec                __aeabi_cfcmpeq
                0x0000000008000fec                __aeabi_cfcmple
                0x0000000008000ffc                __aeabi_fcmpeq
                0x0000000008001010                __aeabi_fcmplt
                0x0000000008001024                __aeabi_fcmple
                0x0000000008001038                __aeabi_fcmpge
                0x000000000800104c                __aeabi_fcmpgt
 .text          0x0000000008001060       0x40 c:/st/stm32cubeide_1.10.1/stm32cubeide/plugins/com.st.stm32cube.ide.mcu.externaltools.gnu-tools-for-stm32.10.3-2021.10.win32_1.0.0.202111181127/tools/bin/../lib/gcc/arm-none-eabi/10.3.1/thumb/v7-m/nofp\libgcc.a(_arm_fixunssfsi.o)
                0x0000000008001060                __fixunssfsi
                0x0000000008001060                __aeabi_f2uiz
 .text          0x00000000080010a0       0x30 c:/st/stm32cubeide_1.10.1/stm32cubeide/plugins/com.st.stm32cube.ide.mcu.externaltools.gnu-tools-for-stm32.10.3-2021.10.win32_1.0.0.202111181127/tools/bin/../lib/gcc/arm-none-eabi/10.3.1/thumb/v7-m/nofp\libgcc.a(_aeabi_uldivmod.o)
                0x00000000080010a0                __aeabi_uldivmod
 .text          0x00000000080010d0      0x2d4 c:/st/stm32cubeide_1.10.1/stm32cubeide/plugins/com.st.stm32cube.ide.mcu.externaltools.gnu-tools-for-stm32.10.3-2021.10.win32_1.0.0.202111181127/tools/bin/../lib/gcc/arm-none-eabi/10.3.1/thumb/v7-m/nofp\libgcc.a(_udivmoddi4.o)
                0x00000000080010d0                __udivmoddi4
 .text          0x00000000080013a4        0x4 c:/st/stm32cubeide_1.10.1/stm32cubeide/plugins/com.st.stm32cube.ide.mcu.externaltools.gnu-tools-for-stm32.10.3-2021.10.win32_1.0.0.202111181127/tools/bin/../lib/gcc/arm-none-eabi/10.3.1/thumb/v7-m/nofp\libgcc.a(_dvmd_tls.o)
                0x00000000080013a4                __aeabi_idiv0
                0x00000000080013a4                __aeabi_ldiv0
 *(.text*)
 .text.MX_ADC_Init
                0x00000000080013a8       0xcc ./Core/Src/main.o
 .text.SystemClock_Config
                0x0000000008001474       0x94 ./Core/Src/main.o
                0x0000000008001474                SystemClock_Config
 .text.EXTI1_IRQHandler
                0x0000000008001508       0x1c ./Core/Src/main.o
                0x0000000008001508                EXTI1_IRQHandler
 .text.lcd_createChar
                0x0000000008001524       0xd0 ./Core/Src/main.o
                0x0000000008001524                lcd_createChar
 .text.lcd_init
                0x00000000080015f4       0xe8 ./Core/Src/main.o
                0x00000000080015f4                lcd_init
 .text.lcd_psu_init
                0x00000000080016dc      0x488 ./Core/Src/main.o
                0x00000000080016dc                lcd_psu_init
 .text.ourInit  0x0000000008001b64      0x190 ./Core/Src/main.o
                0x0000000008001b64                ourInit
 .text.startup.main
                0x0000000008001cf4      0x6ac ./Core/Src/main.o
                0x0000000008001cf4                main
 .text.lcd_update_voltage
                0x00000000080023a0      0x360 ./Core/Src/main.o
                0x00000000080023a0                lcd_update_voltage
 .text.lcd_update_amperage
                0x0000000008002700      0x360 ./Core/Src/main.o
                0x0000000008002700                lcd_update_amperage
 .text.lcd_psu_update
                0x0000000008002a60      0x4dc ./Core/Src/main.o
                0x0000000008002a60                lcd_psu_update
 .text.translatekeypad
                0x0000000008002f3c      0x33c ./Core/Src/main.o
                0x0000000008002f3c                translatekeypad
 .text.updatekeypad
                0x0000000008003278      0x160 ./Core/Src/main.o
                0x0000000008003278                updatekeypad
 .text.keypadsm
                0x00000000080033d8     0x1328 ./Core/Src/main.o
                0x00000000080033d8                keypadsm
 .text.rowInput
                0x0000000008004700       0xd0 ./Core/Src/main.o
                0x0000000008004700                rowInput
 .text.columnInput
                0x00000000080047d0       0xc4 ./Core/Src/main.o
                0x00000000080047d0                columnInput
 .text.HAL_GPIO_EXTI_Callback
                0x0000000008004894      0x158 ./Core/Src/main.o
                0x0000000008004894                HAL_GPIO_EXTI_Callback
 .text.HAL_TIM_PeriodElapsedCallback
                0x00000000080049ec      0x3fc ./Core/Src/main.o
                0x00000000080049ec                HAL_TIM_PeriodElapsedCallback
 .text.HAL_ADC_ConvCpltCallback
                0x0000000008004de8       0x44 ./Core/Src/main.o
                0x0000000008004de8                HAL_ADC_ConvCpltCallback
 .text.HAL_UART_RxHalfCpltCallback
                0x0000000008004e2c        0x4 ./Core/Src/main.o
                0x0000000008004e2c                HAL_UART_RxHalfCpltCallback
 .text.HAL_UART_RxCpltCallback
                0x0000000008004e30      0x234 ./Core/Src/main.o
                0x0000000008004e30                HAL_UART_RxCpltCallback
 .text.HAL_UART_TxHalfCpltCallback
                0x0000000008005064        0x4 ./Core/Src/main.o
                0x0000000008005064                HAL_UART_TxHalfCpltCallback
 .text.HAL_UART_TxCpltCallback
                0x0000000008005068       0x6c ./Core/Src/main.o
                0x0000000008005068                HAL_UART_TxCpltCallback
 .text.Error_Handler
                0x00000000080050d4        0x4 ./Core/Src/main.o
                0x00000000080050d4                Error_Handler
 .text.HAL_MspInit
                0x00000000080050d8       0x44 ./Core/Src/stm32l1xx_hal_msp.o
                0x00000000080050d8                HAL_MspInit
 .text.HAL_ADC_MspInit
                0x000000000800511c       0x9c ./Core/Src/stm32l1xx_hal_msp.o
                0x000000000800511c                HAL_ADC_MspInit
 .text.HAL_ADC_MspDeInit
                0x00000000080051b8       0x38 ./Core/Src/stm32l1xx_hal_msp.o
                0x00000000080051b8                HAL_ADC_MspDeInit
 .text.HAL_DAC_MspInit
                0x00000000080051f0       0x64 ./Core/Src/stm32l1xx_hal_msp.o
                0x00000000080051f0                HAL_DAC_MspInit
 .text.HAL_I2C_MspInit
                0x0000000008005254       0x6c ./Core/Src/stm32l1xx_hal_msp.o
                0x0000000008005254                HAL_I2C_MspInit
 .text.HAL_TIM_Base_MspInit
                0x00000000080052c0       0xe0 ./Core/Src/stm32l1xx_hal_msp.o
                0x00000000080052c0                HAL_TIM_Base_MspInit
 .text.HAL_UART_MspInit
                0x00000000080053a0       0xe0 ./Core/Src/stm32l1xx_hal_msp.o
                0x00000000080053a0                HAL_UART_MspInit
 .text.NMI_Handler
                0x0000000008005480        0x4 ./Core/Src/stm32l1xx_it.o
                0x0000000008005480                NMI_Handler
 .text.HardFault_Handler
                0x0000000008005484        0x4 ./Core/Src/stm32l1xx_it.o
                0x0000000008005484                HardFault_Handler
 .text.MemManage_Handler
                0x0000000008005488        0x4 ./Core/Src/stm32l1xx_it.o
                0x0000000008005488                MemManage_Handler
 .text.BusFault_Handler
                0x000000000800548c        0x4 ./Core/Src/stm32l1xx_it.o
                0x000000000800548c                BusFault_Handler
 .text.UsageFault_Handler
                0x0000000008005490        0x4 ./Core/Src/stm32l1xx_it.o
                0x0000000008005490                UsageFault_Handler
 .text.SVC_Handler
                0x0000000008005494        0x4 ./Core/Src/stm32l1xx_it.o
                0x0000000008005494                SVC_Handler
 .text.DebugMon_Handler
                0x0000000008005498        0x4 ./Core/Src/stm32l1xx_it.o
                0x0000000008005498                DebugMon_Handler
 .text.PendSV_Handler
                0x000000000800549c        0x4 ./Core/Src/stm32l1xx_it.o
                0x000000000800549c                PendSV_Handler
 .text.SysTick_Handler
                0x00000000080054a0        0x4 ./Core/Src/stm32l1xx_it.o
                0x00000000080054a0                SysTick_Handler
 .text.EXTI0_IRQHandler
                0x00000000080054a4        0x8 ./Core/Src/stm32l1xx_it.o
                0x00000000080054a4                EXTI0_IRQHandler
 .text.EXTI2_IRQHandler
                0x00000000080054ac        0x8 ./Core/Src/stm32l1xx_it.o
                0x00000000080054ac                EXTI2_IRQHandler
 .text.DMA1_Channel1_IRQHandler
                0x00000000080054b4        0xc ./Core/Src/stm32l1xx_it.o
                0x00000000080054b4                DMA1_Channel1_IRQHandler
 .text.DMA1_Channel4_IRQHandler
                0x00000000080054c0        0xc ./Core/Src/stm32l1xx_it.o
                0x00000000080054c0                DMA1_Channel4_IRQHandler
 .text.DMA1_Channel5_IRQHandler
                0x00000000080054cc        0xc ./Core/Src/stm32l1xx_it.o
                0x00000000080054cc                DMA1_Channel5_IRQHandler
 .text.USB_LP_IRQHandler
                0x00000000080054d8        0xc ./Core/Src/stm32l1xx_it.o
                0x00000000080054d8                USB_LP_IRQHandler
 .text.TIM9_IRQHandler
                0x00000000080054e4        0xc ./Core/Src/stm32l1xx_it.o
                0x00000000080054e4                TIM9_IRQHandler
 .text.TIM2_IRQHandler
                0x00000000080054f0        0xc ./Core/Src/stm32l1xx_it.o
                0x00000000080054f0                TIM2_IRQHandler
 .text.TIM3_IRQHandler
                0x00000000080054fc        0xc ./Core/Src/stm32l1xx_it.o
                0x00000000080054fc                TIM3_IRQHandler
 .text.TIM4_IRQHandler
                0x0000000008005508        0xc ./Core/Src/stm32l1xx_it.o
                0x0000000008005508                TIM4_IRQHandler
 .text.USART1_IRQHandler
                0x0000000008005514        0xc ./Core/Src/stm32l1xx_it.o
                0x0000000008005514                USART1_IRQHandler
 .text.EXTI15_10_IRQHandler
                0x0000000008005520       0x30 ./Core/Src/stm32l1xx_it.o
                0x0000000008005520                EXTI15_10_IRQHandler
 .text._getpid  0x0000000008005550        0x4 ./Core/Src/syscalls.o
                0x0000000008005550                _getpid
 .text._kill    0x0000000008005554       0x14 ./Core/Src/syscalls.o
                0x0000000008005554                _kill
 .text._exit    0x0000000008005568        0xc ./Core/Src/syscalls.o
                0x0000000008005568                _exit
 .text._read    0x0000000008005574       0x1c ./Core/Src/syscalls.o
                0x0000000008005574                _read
 .text._write   0x0000000008005590       0x1c ./Core/Src/syscalls.o
                0x0000000008005590                _write
 .text._close   0x00000000080055ac        0x8 ./Core/Src/syscalls.o
                0x00000000080055ac                _close
 .text._fstat   0x00000000080055b4        0xc ./Core/Src/syscalls.o
                0x00000000080055b4                _fstat
 .text._isatty  0x00000000080055c0        0x4 ./Core/Src/syscalls.o
                0x00000000080055c0                _isatty
 .text._lseek   0x00000000080055c4        0x4 ./Core/Src/syscalls.o
                0x00000000080055c4                _lseek
 .text._sbrk    0x00000000080055c8       0x48 ./Core/Src/sysmem.o
                0x00000000080055c8                _sbrk
 .text.SystemInit
                0x0000000008005610        0x4 ./Core/Src/system_stm32l1xx.o
                0x0000000008005610                SystemInit
 .text.Reset_Handler
                0x0000000008005614       0x48 ./Core/Startup/startup_stm32l152rbtxa.o
                0x0000000008005614                Reset_Handler
 .text.Default_Handler
                0x000000000800565c        0x2 ./Core/Startup/startup_stm32l152rbtxa.o
                0x000000000800565c                RTC_Alarm_IRQHandler
                0x000000000800565c                TIM10_IRQHandler
                0x000000000800565c                USB_HP_IRQHandler
                0x000000000800565c                TIM6_IRQHandler
                0x000000000800565c                PVD_IRQHandler
                0x000000000800565c                EXTI3_IRQHandler
                0x000000000800565c                I2C2_EV_IRQHandler
                0x000000000800565c                SPI1_IRQHandler
                0x000000000800565c                USB_FS_WKUP_IRQHandler
                0x000000000800565c                ADC1_IRQHandler
                0x000000000800565c                USART3_IRQHandler
                0x000000000800565c                DMA1_Channel7_IRQHandler
                0x000000000800565c                LCD_IRQHandler
                0x000000000800565c                I2C1_EV_IRQHandler
                0x000000000800565c                DMA1_Channel6_IRQHandler
                0x000000000800565c                RCC_IRQHandler
                0x000000000800565c                Default_Handler
                0x000000000800565c                TIM7_IRQHandler
                0x000000000800565c                EXTI9_5_IRQHandler
                0x000000000800565c                TAMPER_STAMP_IRQHandler
                0x000000000800565c                RTC_WKUP_IRQHandler
                0x000000000800565c                SPI2_IRQHandler
                0x000000000800565c                EXTI4_IRQHandler
                0x000000000800565c                DMA1_Channel3_IRQHandler
                0x000000000800565c                COMP_IRQHandler
                0x000000000800565c                WWDG_IRQHandler
                0x000000000800565c                DAC_IRQHandler
                0x000000000800565c                TIM11_IRQHandler
                0x000000000800565c                USART2_IRQHandler
                0x000000000800565c                I2C2_ER_IRQHandler
                0x000000000800565c                DMA1_Channel2_IRQHandler
                0x000000000800565c                FLASH_IRQHandler
                0x000000000800565c                I2C1_ER_IRQHandler
 *fill*         0x000000000800565e        0x2 
 .text.HAL_InitTick
                0x0000000008005660       0x4c ./Drivers/STM32L1xx_HAL_Driver/Src/stm32l1xx_hal.o
                0x0000000008005660                HAL_InitTick
 .text.HAL_Init
                0x00000000080056ac       0x20 ./Drivers/STM32L1xx_HAL_Driver/Src/stm32l1xx_hal.o
                0x00000000080056ac                HAL_Init
 .text.HAL_IncTick
                0x00000000080056cc       0x18 ./Drivers/STM32L1xx_HAL_Driver/Src/stm32l1xx_hal.o
                0x00000000080056cc                HAL_IncTick
 .text.HAL_GetTick
                0x00000000080056e4        0xc ./Drivers/STM32L1xx_HAL_Driver/Src/stm32l1xx_hal.o
                0x00000000080056e4                HAL_GetTick
 .text.HAL_Delay
                0x00000000080056f0       0x24 ./Drivers/STM32L1xx_HAL_Driver/Src/stm32l1xx_hal.o
                0x00000000080056f0                HAL_Delay
 .text.HAL_ADC_Init
                0x0000000008005714      0x1a0 ./Drivers/STM32L1xx_HAL_Driver/Src/stm32l1xx_hal_adc.o
                0x0000000008005714                HAL_ADC_Init
 .text.HAL_ADC_DeInit
                0x00000000080058b4      0x11c ./Drivers/STM32L1xx_HAL_Driver/Src/stm32l1xx_hal_adc.o
                0x00000000080058b4                HAL_ADC_DeInit
 .text.ADC_DMAConvCplt
                0x00000000080059d0       0x60 ./Drivers/STM32L1xx_HAL_Driver/Src/stm32l1xx_hal_adc.o
 .text.HAL_ADC_ConvHalfCpltCallback
                0x0000000008005a30        0x4 ./Drivers/STM32L1xx_HAL_Driver/Src/stm32l1xx_hal_adc.o
                0x0000000008005a30                HAL_ADC_ConvHalfCpltCallback
 .text.ADC_DMAHalfConvCplt
                0x0000000008005a34        0xc ./Drivers/STM32L1xx_HAL_Driver/Src/stm32l1xx_hal_adc.o
 .text.HAL_ADC_ErrorCallback
                0x0000000008005a40        0x4 ./Drivers/STM32L1xx_HAL_Driver/Src/stm32l1xx_hal_adc.o
                0x0000000008005a40                HAL_ADC_ErrorCallback
 .text.ADC_DMAError
                0x0000000008005a44       0x1c ./Drivers/STM32L1xx_HAL_Driver/Src/stm32l1xx_hal_adc.o
 .text.HAL_ADC_ConfigChannel
                0x0000000008005a60      0x198 ./Drivers/STM32L1xx_HAL_Driver/Src/stm32l1xx_hal_adc.o
                0x0000000008005a60                HAL_ADC_ConfigChannel
 .text.ADC_Enable
                0x0000000008005bf8       0x8c ./Drivers/STM32L1xx_HAL_Driver/Src/stm32l1xx_hal_adc.o
                0x0000000008005bf8                ADC_Enable
 .text.HAL_ADC_Start_DMA
                0x0000000008005c84       0xbc ./Drivers/STM32L1xx_HAL_Driver/Src/stm32l1xx_hal_adc.o
                0x0000000008005c84                HAL_ADC_Start_DMA
 .text.HAL_NVIC_SetPriorityGrouping
                0x0000000008005d40       0x24 ./Drivers/STM32L1xx_HAL_Driver/Src/stm32l1xx_hal_cortex.o
                0x0000000008005d40                HAL_NVIC_SetPriorityGrouping
 .text.HAL_NVIC_SetPriority
                0x0000000008005d64       0x7c ./Drivers/STM32L1xx_HAL_Driver/Src/stm32l1xx_hal_cortex.o
                0x0000000008005d64                HAL_NVIC_SetPriority
 .text.HAL_NVIC_EnableIRQ
                0x0000000008005de0       0x1c ./Drivers/STM32L1xx_HAL_Driver/Src/stm32l1xx_hal_cortex.o
                0x0000000008005de0                HAL_NVIC_EnableIRQ
 .text.HAL_NVIC_DisableIRQ
                0x0000000008005dfc       0x28 ./Drivers/STM32L1xx_HAL_Driver/Src/stm32l1xx_hal_cortex.o
                0x0000000008005dfc                HAL_NVIC_DisableIRQ
 .text.HAL_SYSTICK_Config
                0x0000000008005e24       0x30 ./Drivers/STM32L1xx_HAL_Driver/Src/stm32l1xx_hal_cortex.o
                0x0000000008005e24                HAL_SYSTICK_Config
 .text.HAL_DAC_Init
                0x0000000008005e54       0x2c ./Drivers/STM32L1xx_HAL_Driver/Src/stm32l1xx_hal_dac.o
                0x0000000008005e54                HAL_DAC_Init
 .text.HAL_DAC_Start
                0x0000000008005e80       0x60 ./Drivers/STM32L1xx_HAL_Driver/Src/stm32l1xx_hal_dac.o
                0x0000000008005e80                HAL_DAC_Start
 .text.HAL_DAC_SetValue
                0x0000000008005ee0       0x2c ./Drivers/STM32L1xx_HAL_Driver/Src/stm32l1xx_hal_dac.o
                0x0000000008005ee0                HAL_DAC_SetValue
 .text.HAL_DAC_ConfigChannel
                0x0000000008005f0c       0x54 ./Drivers/STM32L1xx_HAL_Driver/Src/stm32l1xx_hal_dac.o
                0x0000000008005f0c                HAL_DAC_ConfigChannel
 .text.HAL_DMA_Init
                0x0000000008005f60       0x70 ./Drivers/STM32L1xx_HAL_Driver/Src/stm32l1xx_hal_dma.o
                0x0000000008005f60                HAL_DMA_Init
 .text.HAL_DMA_DeInit
                0x0000000008005fd0       0x5c ./Drivers/STM32L1xx_HAL_Driver/Src/stm32l1xx_hal_dma.o
                0x0000000008005fd0                HAL_DMA_DeInit
 .text.HAL_DMA_Start_IT
                0x000000000800602c       0x94 ./Drivers/STM32L1xx_HAL_Driver/Src/stm32l1xx_hal_dma.o
                0x000000000800602c                HAL_DMA_Start_IT
 .text.HAL_DMA_Abort
                0x00000000080060c0       0x50 ./Drivers/STM32L1xx_HAL_Driver/Src/stm32l1xx_hal_dma.o
                0x00000000080060c0                HAL_DMA_Abort
 .text.HAL_DMA_Abort_IT
                0x0000000008006110       0x50 ./Drivers/STM32L1xx_HAL_Driver/Src/stm32l1xx_hal_dma.o
                0x0000000008006110                HAL_DMA_Abort_IT
 .text.HAL_DMA_IRQHandler
                0x0000000008006160       0x9c ./Drivers/STM32L1xx_HAL_Driver/Src/stm32l1xx_hal_dma.o
                0x0000000008006160                HAL_DMA_IRQHandler
 .text.HAL_EXTI_SetConfigLine
                0x00000000080061fc       0xb8 ./Drivers/STM32L1xx_HAL_Driver/Src/stm32l1xx_hal_exti.o
                0x00000000080061fc                HAL_EXTI_SetConfigLine
 .text.HAL_EXTI_GenerateSWI
                0x00000000080062b4       0x14 ./Drivers/STM32L1xx_HAL_Driver/Src/stm32l1xx_hal_exti.o
                0x00000000080062b4                HAL_EXTI_GenerateSWI
 .text.HAL_GPIO_Init
                0x00000000080062c8      0x1d4 ./Drivers/STM32L1xx_HAL_Driver/Src/stm32l1xx_hal_gpio.o
                0x00000000080062c8                HAL_GPIO_Init
 .text.HAL_GPIO_DeInit
                0x000000000800649c      0x124 ./Drivers/STM32L1xx_HAL_Driver/Src/stm32l1xx_hal_gpio.o
                0x000000000800649c                HAL_GPIO_DeInit
 .text.HAL_GPIO_ReadPin
                0x00000000080065c0        0xc ./Drivers/STM32L1xx_HAL_Driver/Src/stm32l1xx_hal_gpio.o
                0x00000000080065c0                HAL_GPIO_ReadPin
 .text.HAL_GPIO_WritePin
                0x00000000080065cc        0x8 ./Drivers/STM32L1xx_HAL_Driver/Src/stm32l1xx_hal_gpio.o
                0x00000000080065cc                HAL_GPIO_WritePin
 .text.HAL_GPIO_EXTI_IRQHandler
                0x00000000080065d4       0x18 ./Drivers/STM32L1xx_HAL_Driver/Src/stm32l1xx_hal_gpio.o
                0x00000000080065d4                HAL_GPIO_EXTI_IRQHandler
 .text.HAL_I2C_Init
                0x00000000080065ec      0x190 ./Drivers/STM32L1xx_HAL_Driver/Src/stm32l1xx_hal_i2c.o
                0x00000000080065ec                HAL_I2C_Init
 .text.HAL_I2C_Master_Transmit
                0x000000000800677c      0x32c ./Drivers/STM32L1xx_HAL_Driver/Src/stm32l1xx_hal_i2c.o
                0x000000000800677c                HAL_I2C_Master_Transmit
 .text.HAL_PCD_Init
                0x0000000008006aa8       0xc4 ./Drivers/STM32L1xx_HAL_Driver/Src/stm32l1xx_hal_pcd.o
                0x0000000008006aa8                HAL_PCD_Init
 .text.HAL_PCD_Start
                0x0000000008006b6c       0x34 ./Drivers/STM32L1xx_HAL_Driver/Src/stm32l1xx_hal_pcd.o
                0x0000000008006b6c                HAL_PCD_Start
 .text.HAL_PCD_IRQHandler
                0x0000000008006ba0      0xa88 ./Drivers/STM32L1xx_HAL_Driver/Src/stm32l1xx_hal_pcd.o
                0x0000000008006ba0                HAL_PCD_IRQHandler
 .text.HAL_PCD_SetAddress
                0x0000000008007628       0x2c ./Drivers/STM32L1xx_HAL_Driver/Src/stm32l1xx_hal_pcd.o
                0x0000000008007628                HAL_PCD_SetAddress
 .text.HAL_PCD_EP_Open
                0x0000000008007654       0x7c ./Drivers/STM32L1xx_HAL_Driver/Src/stm32l1xx_hal_pcd.o
                0x0000000008007654                HAL_PCD_EP_Open
 .text.HAL_PCD_EP_Close
                0x00000000080076d0       0x64 ./Drivers/STM32L1xx_HAL_Driver/Src/stm32l1xx_hal_pcd.o
                0x00000000080076d0                HAL_PCD_EP_Close
 .text.HAL_PCD_EP_Receive
                0x0000000008007734       0x30 ./Drivers/STM32L1xx_HAL_Driver/Src/stm32l1xx_hal_pcd.o
                0x0000000008007734                HAL_PCD_EP_Receive
 .text.HAL_PCD_EP_GetRxCount
                0x0000000008007764       0x14 ./Drivers/STM32L1xx_HAL_Driver/Src/stm32l1xx_hal_pcd.o
                0x0000000008007764                HAL_PCD_EP_GetRxCount
 .text.HAL_PCD_EP_Transmit
                0x0000000008007778       0x48 ./Drivers/STM32L1xx_HAL_Driver/Src/stm32l1xx_hal_pcd.o
                0x0000000008007778                HAL_PCD_EP_Transmit
 .text.HAL_PCD_EP_SetStall
                0x00000000080077c0       0x70 ./Drivers/STM32L1xx_HAL_Driver/Src/stm32l1xx_hal_pcd.o
                0x00000000080077c0                HAL_PCD_EP_SetStall
 .text.HAL_PCD_EP_ClrStall
                0x0000000008007830       0x78 ./Drivers/STM32L1xx_HAL_Driver/Src/stm32l1xx_hal_pcd.o
                0x0000000008007830                HAL_PCD_EP_ClrStall
 .text.HAL_PCDEx_PMAConfig
                0x00000000080078a8       0x38 ./Drivers/STM32L1xx_HAL_Driver/Src/stm32l1xx_hal_pcd_ex.o
                0x00000000080078a8                HAL_PCDEx_PMAConfig
 .text.RCC_SetFlashLatencyFromMSIRange
                0x00000000080078e0       0x84 ./Drivers/STM32L1xx_HAL_Driver/Src/stm32l1xx_hal_rcc.o
 .text.HAL_RCC_OscConfig
                0x0000000008007964      0x4c0 ./Drivers/STM32L1xx_HAL_Driver/Src/stm32l1xx_hal_rcc.o
                0x0000000008007964                HAL_RCC_OscConfig
 .text.HAL_RCC_ClockConfig
                0x0000000008007e24      0x23c ./Drivers/STM32L1xx_HAL_Driver/Src/stm32l1xx_hal_rcc.o
                0x0000000008007e24                HAL_RCC_ClockConfig
 .text.HAL_RCC_GetPCLK1Freq
                0x0000000008008060       0x20 ./Drivers/STM32L1xx_HAL_Driver/Src/stm32l1xx_hal_rcc.o
                0x0000000008008060                HAL_RCC_GetPCLK1Freq
 .text.HAL_RCC_GetPCLK2Freq
                0x0000000008008080       0x20 ./Drivers/STM32L1xx_HAL_Driver/Src/stm32l1xx_hal_rcc.o
                0x0000000008008080                HAL_RCC_GetPCLK2Freq
 .text.HAL_TIM_Base_Init
                0x00000000080080a0       0xa0 ./Drivers/STM32L1xx_HAL_Driver/Src/stm32l1xx_hal_tim.o
                0x00000000080080a0                HAL_TIM_Base_Init
 .text.HAL_TIM_Base_Start_IT
                0x0000000008008140       0x58 ./Drivers/STM32L1xx_HAL_Driver/Src/stm32l1xx_hal_tim.o
                0x0000000008008140                HAL_TIM_Base_Start_IT
 .text.HAL_TIM_Base_Stop_IT
                0x0000000008008198       0x2c ./Drivers/STM32L1xx_HAL_Driver/Src/stm32l1xx_hal_tim.o
                0x0000000008008198                HAL_TIM_Base_Stop_IT
 .text.HAL_TIM_ConfigClockSource
                0x00000000080081c4      0x14c ./Drivers/STM32L1xx_HAL_Driver/Src/stm32l1xx_hal_tim.o
                0x00000000080081c4                HAL_TIM_ConfigClockSource
 .text.HAL_TIM_OC_DelayElapsedCallback
                0x0000000008008310        0x4 ./Drivers/STM32L1xx_HAL_Driver/Src/stm32l1xx_hal_tim.o
                0x0000000008008310                HAL_TIM_OC_DelayElapsedCallback
 .text.HAL_TIM_IC_CaptureCallback
                0x0000000008008314        0x4 ./Drivers/STM32L1xx_HAL_Driver/Src/stm32l1xx_hal_tim.o
                0x0000000008008314                HAL_TIM_IC_CaptureCallback
 .text.HAL_TIM_PWM_PulseFinishedCallback
                0x0000000008008318        0x4 ./Drivers/STM32L1xx_HAL_Driver/Src/stm32l1xx_hal_tim.o
                0x0000000008008318                HAL_TIM_PWM_PulseFinishedCallback
 .text.HAL_TIM_TriggerCallback
                0x000000000800831c        0x4 ./Drivers/STM32L1xx_HAL_Driver/Src/stm32l1xx_hal_tim.o
                0x000000000800831c                HAL_TIM_TriggerCallback
 .text.HAL_TIM_IRQHandler
                0x0000000008008320      0x118 ./Drivers/STM32L1xx_HAL_Driver/Src/stm32l1xx_hal_tim.o
                0x0000000008008320                HAL_TIM_IRQHandler
 .text.HAL_TIMEx_MasterConfigSynchronization
                0x0000000008008438       0x64 ./Drivers/STM32L1xx_HAL_Driver/Src/stm32l1xx_hal_tim_ex.o
                0x0000000008008438                HAL_TIMEx_MasterConfigSynchronization
 .text.HAL_UART_Init
                0x000000000800849c      0x114 ./Drivers/STM32L1xx_HAL_Driver/Src/stm32l1xx_hal_uart.o
                0x000000000800849c                HAL_UART_Init
 .text.HAL_UART_Transmit_DMA
                0x00000000080085b0       0x78 ./Drivers/STM32L1xx_HAL_Driver/Src/stm32l1xx_hal_uart.o
                0x00000000080085b0                HAL_UART_Transmit_DMA
 .text.HAL_UART_Receive_DMA
                0x0000000008008628       0xa0 ./Drivers/STM32L1xx_HAL_Driver/Src/stm32l1xx_hal_uart.o
                0x0000000008008628                HAL_UART_Receive_DMA
 .text.UART_DMATransmitCplt
                0x00000000080086c8       0x2c ./Drivers/STM32L1xx_HAL_Driver/Src/stm32l1xx_hal_uart.o
 .text.UART_DMATxHalfCplt
                0x00000000080086f4        0xc ./Drivers/STM32L1xx_HAL_Driver/Src/stm32l1xx_hal_uart.o
 .text.HAL_UART_ErrorCallback
                0x0000000008008700        0x4 ./Drivers/STM32L1xx_HAL_Driver/Src/stm32l1xx_hal_uart.o
                0x0000000008008700                HAL_UART_ErrorCallback
 .text.UART_DMAError
                0x0000000008008704       0x7c ./Drivers/STM32L1xx_HAL_Driver/Src/stm32l1xx_hal_uart.o
 .text.UART_DMAAbortOnError
                0x0000000008008780       0x10 ./Drivers/STM32L1xx_HAL_Driver/Src/stm32l1xx_hal_uart.o
 .text.HAL_UARTEx_RxEventCallback
                0x0000000008008790        0x4 ./Drivers/STM32L1xx_HAL_Driver/Src/stm32l1xx_hal_uart.o
                0x0000000008008790                HAL_UARTEx_RxEventCallback
 .text.UART_DMARxHalfCplt
                0x0000000008008794       0x1c ./Drivers/STM32L1xx_HAL_Driver/Src/stm32l1xx_hal_uart.o
 .text.UART_DMAReceiveCplt
                0x00000000080087b0       0x54 ./Drivers/STM32L1xx_HAL_Driver/Src/stm32l1xx_hal_uart.o
 .text.UART_Receive_IT.part.0.isra.0
                0x0000000008008804       0xb8 ./Drivers/STM32L1xx_HAL_Driver/Src/stm32l1xx_hal_uart.o
 .text.HAL_UART_IRQHandler
                0x00000000080088bc      0x25c ./Drivers/STM32L1xx_HAL_Driver/Src/stm32l1xx_hal_uart.o
                0x00000000080088bc                HAL_UART_IRQHandler
 .text.USB_EnableGlobalInt
                0x0000000008008b18       0x14 ./Drivers/STM32L1xx_HAL_Driver/Src/stm32l1xx_ll_usb.o
                0x0000000008008b18                USB_EnableGlobalInt
 .text.USB_DisableGlobalInt
                0x0000000008008b2c       0x14 ./Drivers/STM32L1xx_HAL_Driver/Src/stm32l1xx_ll_usb.o
                0x0000000008008b2c                USB_DisableGlobalInt
 .text.USB_DevInit
                0x0000000008008b40       0x28 ./Drivers/STM32L1xx_HAL_Driver/Src/stm32l1xx_ll_usb.o
                0x0000000008008b40                USB_DevInit
 .text.USB_ActivateEndpoint
                0x0000000008008b68      0x2e8 ./Drivers/STM32L1xx_HAL_Driver/Src/stm32l1xx_ll_usb.o
                0x0000000008008b68                USB_ActivateEndpoint
 .text.USB_DeactivateEndpoint
                0x0000000008008e50      0x1c0 ./Drivers/STM32L1xx_HAL_Driver/Src/stm32l1xx_ll_usb.o
                0x0000000008008e50                USB_DeactivateEndpoint
 .text.USB_EPStartXfer
                0x0000000008009010      0x614 ./Drivers/STM32L1xx_HAL_Driver/Src/stm32l1xx_ll_usb.o
                0x0000000008009010                USB_EPStartXfer
 .text.USB_EPSetStall
                0x0000000008009624       0x50 ./Drivers/STM32L1xx_HAL_Driver/Src/stm32l1xx_ll_usb.o
                0x0000000008009624                USB_EPSetStall
 .text.USB_EPClearStall
                0x0000000008009674       0xa0 ./Drivers/STM32L1xx_HAL_Driver/Src/stm32l1xx_ll_usb.o
                0x0000000008009674                USB_EPClearStall
 .text.USB_SetDevAddress
                0x0000000008009714        0xc ./Drivers/STM32L1xx_HAL_Driver/Src/stm32l1xx_ll_usb.o
                0x0000000008009714                USB_SetDevAddress
 .text.USB_DevConnect
                0x0000000008009720        0x4 ./Drivers/STM32L1xx_HAL_Driver/Src/stm32l1xx_ll_usb.o
                0x0000000008009720                USB_DevConnect
 .text.USB_ReadInterrupts
                0x0000000008009724        0x8 ./Drivers/STM32L1xx_HAL_Driver/Src/stm32l1xx_ll_usb.o
                0x0000000008009724                USB_ReadInterrupts
 .text.USB_WritePMA
                0x000000000800972c       0x20 ./Drivers/STM32L1xx_HAL_Driver/Src/stm32l1xx_ll_usb.o
                0x000000000800972c                USB_WritePMA
 .text.USB_ReadPMA
                0x000000000800974c       0x40 ./Drivers/STM32L1xx_HAL_Driver/Src/stm32l1xx_ll_usb.o
                0x000000000800974c                USB_ReadPMA
 .text.USBD_CDC_EP0_RxReady
                0x000000000800978c       0x2c ./Middlewares/ST/STM32_USB_Device_Library/Class/CDC/Src/usbd_cdc.o
 .text.USBD_CDC_GetFSCfgDesc
                0x00000000080097b8       0x10 ./Middlewares/ST/STM32_USB_Device_Library/Class/CDC/Src/usbd_cdc.o
 .text.USBD_CDC_GetHSCfgDesc
                0x00000000080097c8       0x10 ./Middlewares/ST/STM32_USB_Device_Library/Class/CDC/Src/usbd_cdc.o
 .text.USBD_CDC_GetOtherSpeedCfgDesc
                0x00000000080097d8       0x10 ./Middlewares/ST/STM32_USB_Device_Library/Class/CDC/Src/usbd_cdc.o
 .text.USBD_CDC_GetDeviceQualifierDescriptor
                0x00000000080097e8       0x10 ./Middlewares/ST/STM32_USB_Device_Library/Class/CDC/Src/usbd_cdc.o
                0x00000000080097e8                USBD_CDC_GetDeviceQualifierDescriptor
 .text.USBD_CDC_DataOut
                0x00000000080097f8       0x30 ./Middlewares/ST/STM32_USB_Device_Library/Class/CDC/Src/usbd_cdc.o
 .text.USBD_CDC_DataIn
                0x0000000008009828       0x48 ./Middlewares/ST/STM32_USB_Device_Library/Class/CDC/Src/usbd_cdc.o
 .text.USBD_CDC_Setup
                0x0000000008009870       0xc4 ./Middlewares/ST/STM32_USB_Device_Library/Class/CDC/Src/usbd_cdc.o
 .text.USBD_CDC_DeInit
                0x0000000008009934       0x44 ./Middlewares/ST/STM32_USB_Device_Library/Class/CDC/Src/usbd_cdc.o
 .text.USBD_CDC_Init
                0x0000000008009978       0xa8 ./Middlewares/ST/STM32_USB_Device_Library/Class/CDC/Src/usbd_cdc.o
 .text.USBD_CDC_RegisterInterface
                0x0000000008009a20       0x10 ./Middlewares/ST/STM32_USB_Device_Library/Class/CDC/Src/usbd_cdc.o
                0x0000000008009a20                USBD_CDC_RegisterInterface
 .text.USBD_CDC_SetTxBuffer
                0x0000000008009a30       0x14 ./Middlewares/ST/STM32_USB_Device_Library/Class/CDC/Src/usbd_cdc.o
                0x0000000008009a30                USBD_CDC_SetTxBuffer
 .text.USBD_CDC_SetRxBuffer
                0x0000000008009a44       0x10 ./Middlewares/ST/STM32_USB_Device_Library/Class/CDC/Src/usbd_cdc.o
                0x0000000008009a44                USBD_CDC_SetRxBuffer
 .text.USBD_CDC_ReceivePacket
                0x0000000008009a54       0x38 ./Middlewares/ST/STM32_USB_Device_Library/Class/CDC/Src/usbd_cdc.o
                0x0000000008009a54                USBD_CDC_ReceivePacket
 .text.USBD_Init
                0x0000000008009a8c       0x2c ./Middlewares/ST/STM32_USB_Device_Library/Core/Src/usbd_core.o
                0x0000000008009a8c                USBD_Init
 .text.USBD_RegisterClass
                0x0000000008009ab8       0x10 ./Middlewares/ST/STM32_USB_Device_Library/Core/Src/usbd_core.o
                0x0000000008009ab8                USBD_RegisterClass
 .text.USBD_Start
                0x0000000008009ac8        0xc ./Middlewares/ST/STM32_USB_Device_Library/Core/Src/usbd_core.o
                0x0000000008009ac8                USBD_Start
 .text.USBD_SetClassConfig
                0x0000000008009ad4       0x14 ./Middlewares/ST/STM32_USB_Device_Library/Core/Src/usbd_core.o
                0x0000000008009ad4                USBD_SetClassConfig
 .text.USBD_ClrClassConfig
                0x0000000008009ae8       0x10 ./Middlewares/ST/STM32_USB_Device_Library/Core/Src/usbd_core.o
                0x0000000008009ae8                USBD_ClrClassConfig
 .text.USBD_LL_SetupStage
                0x0000000008009af8       0x60 ./Middlewares/ST/STM32_USB_Device_Library/Core/Src/usbd_core.o
                0x0000000008009af8                USBD_LL_SetupStage
 .text.USBD_LL_DataOutStage
                0x0000000008009b58       0x7c ./Middlewares/ST/STM32_USB_Device_Library/Core/Src/usbd_core.o
                0x0000000008009b58                USBD_LL_DataOutStage
 .text.USBD_LL_DataInStage
                0x0000000008009bd4       0xcc ./Middlewares/ST/STM32_USB_Device_Library/Core/Src/usbd_core.o
                0x0000000008009bd4                USBD_LL_DataInStage
 .text.USBD_LL_Reset
                0x0000000008009ca0       0x50 ./Middlewares/ST/STM32_USB_Device_Library/Core/Src/usbd_core.o
                0x0000000008009ca0                USBD_LL_Reset
 .text.USBD_LL_SetSpeed
                0x0000000008009cf0        0x8 ./Middlewares/ST/STM32_USB_Device_Library/Core/Src/usbd_core.o
                0x0000000008009cf0                USBD_LL_SetSpeed
 .text.USBD_LL_Suspend
                0x0000000008009cf8       0x14 ./Middlewares/ST/STM32_USB_Device_Library/Core/Src/usbd_core.o
                0x0000000008009cf8                USBD_LL_Suspend
 .text.USBD_LL_Resume
                0x0000000008009d0c       0x10 ./Middlewares/ST/STM32_USB_Device_Library/Core/Src/usbd_core.o
                0x0000000008009d0c                USBD_LL_Resume
 .text.USBD_LL_SOF
                0x0000000008009d1c       0x1c ./Middlewares/ST/STM32_USB_Device_Library/Core/Src/usbd_core.o
                0x0000000008009d1c                USBD_LL_SOF
 .text.USBD_StdDevReq
                0x0000000008009d38      0x2f4 ./Middlewares/ST/STM32_USB_Device_Library/Core/Src/usbd_ctlreq.o
                0x0000000008009d38                USBD_StdDevReq
 .text.USBD_StdItfReq
                0x000000000800a02c       0x68 ./Middlewares/ST/STM32_USB_Device_Library/Core/Src/usbd_ctlreq.o
                0x000000000800a02c                USBD_StdItfReq
 .text.USBD_StdEPReq
                0x000000000800a094      0x138 ./Middlewares/ST/STM32_USB_Device_Library/Core/Src/usbd_ctlreq.o
                0x000000000800a094                USBD_StdEPReq
 .text.USBD_ParseSetupRequest
                0x000000000800a1cc       0x28 ./Middlewares/ST/STM32_USB_Device_Library/Core/Src/usbd_ctlreq.o
                0x000000000800a1cc                USBD_ParseSetupRequest
 .text.USBD_CtlError
                0x000000000800a1f4       0x18 ./Middlewares/ST/STM32_USB_Device_Library/Core/Src/usbd_ctlreq.o
                0x000000000800a1f4                USBD_CtlError
 .text.USBD_GetString
                0x000000000800a20c       0x54 ./Middlewares/ST/STM32_USB_Device_Library/Core/Src/usbd_ctlreq.o
                0x000000000800a20c                USBD_GetString
 .text.USBD_CtlSendData
                0x000000000800a260       0x1c ./Middlewares/ST/STM32_USB_Device_Library/Core/Src/usbd_ioreq.o
                0x000000000800a260                USBD_CtlSendData
 .text.USBD_CtlContinueSendData
                0x000000000800a27c       0x14 ./Middlewares/ST/STM32_USB_Device_Library/Core/Src/usbd_ioreq.o
                0x000000000800a27c                USBD_CtlContinueSendData
 .text.USBD_CtlPrepareRx
                0x000000000800a290       0x1c ./Middlewares/ST/STM32_USB_Device_Library/Core/Src/usbd_ioreq.o
                0x000000000800a290                USBD_CtlPrepareRx
 .text.USBD_CtlContinueRx
                0x000000000800a2ac       0x14 ./Middlewares/ST/STM32_USB_Device_Library/Core/Src/usbd_ioreq.o
                0x000000000800a2ac                USBD_CtlContinueRx
 .text.USBD_CtlSendStatus
                0x000000000800a2c0       0x18 ./Middlewares/ST/STM32_USB_Device_Library/Core/Src/usbd_ioreq.o
                0x000000000800a2c0                USBD_CtlSendStatus
 .text.USBD_CtlReceiveStatus
                0x000000000800a2d8       0x18 ./Middlewares/ST/STM32_USB_Device_Library/Core/Src/usbd_ioreq.o
                0x000000000800a2d8                USBD_CtlReceiveStatus
 .text.MX_USB_DEVICE_Init
                0x000000000800a2f0       0x74 ./USB_DEVICE/App/usb_device.o
                0x000000000800a2f0                MX_USB_DEVICE_Init
 .text.CDC_DeInit_FS
                0x000000000800a364        0x4 ./USB_DEVICE/App/usbd_cdc_if.o
 .text.CDC_Control_FS
                0x000000000800a368        0x4 ./USB_DEVICE/App/usbd_cdc_if.o
 .text.CDC_Receive_FS
                0x000000000800a36c       0x50 ./USB_DEVICE/App/usbd_cdc_if.o
 .text.CDC_Init_FS
                0x000000000800a3bc       0x28 ./USB_DEVICE/App/usbd_cdc_if.o
 .text.USBD_FS_DeviceDescriptor
                0x000000000800a3e4        0xc ./USB_DEVICE/App/usbd_desc.o
                0x000000000800a3e4                USBD_FS_DeviceDescriptor
 .text.USBD_FS_LangIDStrDescriptor
                0x000000000800a3f0        0xc ./USB_DEVICE/App/usbd_desc.o
                0x000000000800a3f0                USBD_FS_LangIDStrDescriptor
 .text.USBD_FS_ManufacturerStrDescriptor
                0x000000000800a3fc       0x1c ./USB_DEVICE/App/usbd_desc.o
                0x000000000800a3fc                USBD_FS_ManufacturerStrDescriptor
 .text.USBD_FS_ProductStrDescriptor
                0x000000000800a418       0x1c ./USB_DEVICE/App/usbd_desc.o
                0x000000000800a418                USBD_FS_ProductStrDescriptor
 .text.USBD_FS_ConfigStrDescriptor
                0x000000000800a434       0x1c ./USB_DEVICE/App/usbd_desc.o
                0x000000000800a434                USBD_FS_ConfigStrDescriptor
 .text.USBD_FS_InterfaceStrDescriptor
                0x000000000800a450       0x1c ./USB_DEVICE/App/usbd_desc.o
                0x000000000800a450                USBD_FS_InterfaceStrDescriptor
 .text.USBD_FS_SerialStrDescriptor
                0x000000000800a46c      0x118 ./USB_DEVICE/App/usbd_desc.o
                0x000000000800a46c                USBD_FS_SerialStrDescriptor
 .text.HAL_PCDEx_SetConnectionState
                0x000000000800a584       0x18 ./USB_DEVICE/Target/usbd_conf.o
                0x000000000800a584                HAL_PCDEx_SetConnectionState
 .text.HAL_PCD_MspInit
                0x000000000800a59c       0x40 ./USB_DEVICE/Target/usbd_conf.o
                0x000000000800a59c                HAL_PCD_MspInit
 .text.HAL_PCD_SetupStageCallback
                0x000000000800a5dc       0x10 ./USB_DEVICE/Target/usbd_conf.o
                0x000000000800a5dc                HAL_PCD_SetupStageCallback
 .text.HAL_PCD_DataOutStageCallback
                0x000000000800a5ec       0x14 ./USB_DEVICE/Target/usbd_conf.o
                0x000000000800a5ec                HAL_PCD_DataOutStageCallback
 .text.HAL_PCD_DataInStageCallback
                0x000000000800a600       0x14 ./USB_DEVICE/Target/usbd_conf.o
                0x000000000800a600                HAL_PCD_DataInStageCallback
 .text.HAL_PCD_SOFCallback
                0x000000000800a614        0x8 ./USB_DEVICE/Target/usbd_conf.o
                0x000000000800a614                HAL_PCD_SOFCallback
 .text.HAL_PCD_ResetCallback
                0x000000000800a61c       0x24 ./USB_DEVICE/Target/usbd_conf.o
                0x000000000800a61c                HAL_PCD_ResetCallback
 .text.HAL_PCD_SuspendCallback
                0x000000000800a640       0x20 ./USB_DEVICE/Target/usbd_conf.o
                0x000000000800a640                HAL_PCD_SuspendCallback
 .text.HAL_PCD_ResumeCallback
                0x000000000800a660        0x8 ./USB_DEVICE/Target/usbd_conf.o
                0x000000000800a660                HAL_PCD_ResumeCallback
 .text.USBD_LL_Init
                0x000000000800a668       0x88 ./USB_DEVICE/Target/usbd_conf.o
                0x000000000800a668                USBD_LL_Init
 .text.USBD_LL_Start
                0x000000000800a6f0       0x1c ./USB_DEVICE/Target/usbd_conf.o
                0x000000000800a6f0                USBD_LL_Start
 .text.USBD_LL_OpenEP
                0x000000000800a70c       0x20 ./USB_DEVICE/Target/usbd_conf.o
                0x000000000800a70c                USBD_LL_OpenEP
 .text.USBD_LL_CloseEP
                0x000000000800a72c       0x1c ./USB_DEVICE/Target/usbd_conf.o
                0x000000000800a72c                USBD_LL_CloseEP
 .text.USBD_LL_StallEP
                0x000000000800a748       0x1c ./USB_DEVICE/Target/usbd_conf.o
                0x000000000800a748                USBD_LL_StallEP
 .text.USBD_LL_ClearStallEP
                0x000000000800a764       0x1c ./USB_DEVICE/Target/usbd_conf.o
                0x000000000800a764                USBD_LL_ClearStallEP
 .text.USBD_LL_IsStallEP
                0x000000000800a780       0x28 ./USB_DEVICE/Target/usbd_conf.o
                0x000000000800a780                USBD_LL_IsStallEP
 .text.USBD_LL_SetUSBAddress
                0x000000000800a7a8       0x1c ./USB_DEVICE/Target/usbd_conf.o
                0x000000000800a7a8                USBD_LL_SetUSBAddress
 .text.USBD_LL_Transmit
                0x000000000800a7c4       0x1c ./USB_DEVICE/Target/usbd_conf.o
                0x000000000800a7c4                USBD_LL_Transmit
 .text.USBD_LL_PrepareReceive
                0x000000000800a7e0       0x1c ./USB_DEVICE/Target/usbd_conf.o
                0x000000000800a7e0                USBD_LL_PrepareReceive
 .text.USBD_LL_GetRxDataSize
                0x000000000800a7fc        0x8 ./USB_DEVICE/Target/usbd_conf.o
                0x000000000800a7fc                USBD_LL_GetRxDataSize
 .text.USBD_static_malloc
                0x000000000800a804        0x8 ./USB_DEVICE/Target/usbd_conf.o
                0x000000000800a804                USBD_static_malloc
 .text.USBD_static_free
                0x000000000800a80c        0x4 ./USB_DEVICE/Target/usbd_conf.o
                0x000000000800a80c                USBD_static_free
 .text.__errno  0x000000000800a810        0xc c:/st/stm32cubeide_1.10.1/stm32cubeide/plugins/com.st.stm32cube.ide.mcu.externaltools.gnu-tools-for-stm32.10.3-2021.10.win32_1.0.0.202111181127/tools/bin/../lib/gcc/arm-none-eabi/10.3.1/../../../../arm-none-eabi/lib/thumb/v7-m/nofp\libc_nano.a(lib_a-errno.o)
                0x000000000800a810                __errno
 .text.__libc_init_array
                0x000000000800a81c       0x48 c:/st/stm32cubeide_1.10.1/stm32cubeide/plugins/com.st.stm32cube.ide.mcu.externaltools.gnu-tools-for-stm32.10.3-2021.10.win32_1.0.0.202111181127/tools/bin/../lib/gcc/arm-none-eabi/10.3.1/../../../../arm-none-eabi/lib/thumb/v7-m/nofp\libc_nano.a(lib_a-init.o)
                0x000000000800a81c                __libc_init_array
 .text.memcpy   0x000000000800a864       0x1c c:/st/stm32cubeide_1.10.1/stm32cubeide/plugins/com.st.stm32cube.ide.mcu.externaltools.gnu-tools-for-stm32.10.3-2021.10.win32_1.0.0.202111181127/tools/bin/../lib/gcc/arm-none-eabi/10.3.1/../../../../arm-none-eabi/lib/thumb/v7-m/nofp\libc_nano.a(lib_a-memcpy-stub.o)
                0x000000000800a864                memcpy
 .text.memmove  0x000000000800a880       0x34 c:/st/stm32cubeide_1.10.1/stm32cubeide/plugins/com.st.stm32cube.ide.mcu.externaltools.gnu-tools-for-stm32.10.3-2021.10.win32_1.0.0.202111181127/tools/bin/../lib/gcc/arm-none-eabi/10.3.1/../../../../arm-none-eabi/lib/thumb/v7-m/nofp\libc_nano.a(lib_a-memmove.o)
                0x000000000800a880                memmove
 .text.memset   0x000000000800a8b4       0x10 c:/st/stm32cubeide_1.10.1/stm32cubeide/plugins/com.st.stm32cube.ide.mcu.externaltools.gnu-tools-for-stm32.10.3-2021.10.win32_1.0.0.202111181127/tools/bin/../lib/gcc/arm-none-eabi/10.3.1/../../../../arm-none-eabi/lib/thumb/v7-m/nofp\libc_nano.a(lib_a-memset.o)
                0x000000000800a8b4                memset
 .text.__cvt    0x000000000800a8c4       0xbe c:/st/stm32cubeide_1.10.1/stm32cubeide/plugins/com.st.stm32cube.ide.mcu.externaltools.gnu-tools-for-stm32.10.3-2021.10.win32_1.0.0.202111181127/tools/bin/../lib/gcc/arm-none-eabi/10.3.1/../../../../arm-none-eabi/lib/thumb/v7-m/nofp\libc_nano.a(lib_a-nano-vfprintf_float.o)
                0x000000000800a8c4                __cvt
 .text.__exponent
                0x000000000800a982       0x7c c:/st/stm32cubeide_1.10.1/stm32cubeide/plugins/com.st.stm32cube.ide.mcu.externaltools.gnu-tools-for-stm32.10.3-2021.10.win32_1.0.0.202111181127/tools/bin/../lib/gcc/arm-none-eabi/10.3.1/../../../../arm-none-eabi/lib/thumb/v7-m/nofp\libc_nano.a(lib_a-nano-vfprintf_float.o)
                0x000000000800a982                __exponent
 *fill*         0x000000000800a9fe        0x2 
 .text._printf_float
                0x000000000800aa00      0x458 c:/st/stm32cubeide_1.10.1/stm32cubeide/plugins/com.st.stm32cube.ide.mcu.externaltools.gnu-tools-for-stm32.10.3-2021.10.win32_1.0.0.202111181127/tools/bin/../lib/gcc/arm-none-eabi/10.3.1/../../../../arm-none-eabi/lib/thumb/v7-m/nofp\libc_nano.a(lib_a-nano-vfprintf_float.o)
                0x000000000800aa00                _printf_float
 .text._printf_common
                0x000000000800ae58       0xde c:/st/stm32cubeide_1.10.1/stm32cubeide/plugins/com.st.stm32cube.ide.mcu.externaltools.gnu-tools-for-stm32.10.3-2021.10.win32_1.0.0.202111181127/tools/bin/../lib/gcc/arm-none-eabi/10.3.1/../../../../arm-none-eabi/lib/thumb/v7-m/nofp\libc_nano.a(lib_a-nano-vfprintf_i.o)
                0x000000000800ae58                _printf_common
 *fill*         0x000000000800af36        0x2 
 .text._printf_i
                0x000000000800af38      0x24c c:/st/stm32cubeide_1.10.1/stm32cubeide/plugins/com.st.stm32cube.ide.mcu.externaltools.gnu-tools-for-stm32.10.3-2021.10.win32_1.0.0.202111181127/tools/bin/../lib/gcc/arm-none-eabi/10.3.1/../../../../arm-none-eabi/lib/thumb/v7-m/nofp\libc_nano.a(lib_a-nano-vfprintf_i.o)
                0x000000000800af38                _printf_i
 .text.snprintf
                0x000000000800b184       0x68 c:/st/stm32cubeide_1.10.1/stm32cubeide/plugins/com.st.stm32cube.ide.mcu.externaltools.gnu-tools-for-stm32.10.3-2021.10.win32_1.0.0.202111181127/tools/bin/../lib/gcc/arm-none-eabi/10.3.1/../../../../arm-none-eabi/lib/thumb/v7-m/nofp\libc_nano.a(lib_a-snprintf.o)
                0x000000000800b184                sniprintf
                0x000000000800b184                snprintf
 .text.quorem   0x000000000800b1ec      0x118 c:/st/stm32cubeide_1.10.1/stm32cubeide/plugins/com.st.stm32cube.ide.mcu.externaltools.gnu-tools-for-stm32.10.3-2021.10.win32_1.0.0.202111181127/tools/bin/../lib/gcc/arm-none-eabi/10.3.1/../../../../arm-none-eabi/lib/thumb/v7-m/nofp\libc_nano.a(lib_a-dtoa.o)
 *fill*         0x000000000800b304        0x4 
 .text._dtoa_r  0x000000000800b308      0xbdc c:/st/stm32cubeide_1.10.1/stm32cubeide/plugins/com.st.stm32cube.ide.mcu.externaltools.gnu-tools-for-stm32.10.3-2021.10.win32_1.0.0.202111181127/tools/bin/../lib/gcc/arm-none-eabi/10.3.1/../../../../arm-none-eabi/lib/thumb/v7-m/nofp\libc_nano.a(lib_a-dtoa.o)
                0x000000000800b308                _dtoa_r
 .text._localeconv_r
                0x000000000800bee4        0x8 c:/st/stm32cubeide_1.10.1/stm32cubeide/plugins/com.st.stm32cube.ide.mcu.externaltools.gnu-tools-for-stm32.10.3-2021.10.win32_1.0.0.202111181127/tools/bin/../lib/gcc/arm-none-eabi/10.3.1/../../../../arm-none-eabi/lib/thumb/v7-m/nofp\libc_nano.a(lib_a-localeconv.o)
                0x000000000800bee4                _localeconv_r
 .text.malloc   0x000000000800beec       0x10 c:/st/stm32cubeide_1.10.1/stm32cubeide/plugins/com.st.stm32cube.ide.mcu.externaltools.gnu-tools-for-stm32.10.3-2021.10.win32_1.0.0.202111181127/tools/bin/../lib/gcc/arm-none-eabi/10.3.1/../../../../arm-none-eabi/lib/thumb/v7-m/nofp\libc_nano.a(lib_a-malloc.o)
                0x000000000800beec                malloc
 .text.memchr   0x000000000800befc       0x1c c:/st/stm32cubeide_1.10.1/stm32cubeide/plugins/com.st.stm32cube.ide.mcu.externaltools.gnu-tools-for-stm32.10.3-2021.10.win32_1.0.0.202111181127/tools/bin/../lib/gcc/arm-none-eabi/10.3.1/../../../../arm-none-eabi/lib/thumb/v7-m/nofp\libc_nano.a(lib_a-memchr-stub.o)
                0x000000000800befc                memchr
 .text._Balloc  0x000000000800bf18       0x80 c:/st/stm32cubeide_1.10.1/stm32cubeide/plugins/com.st.stm32cube.ide.mcu.externaltools.gnu-tools-for-stm32.10.3-2021.10.win32_1.0.0.202111181127/tools/bin/../lib/gcc/arm-none-eabi/10.3.1/../../../../arm-none-eabi/lib/thumb/v7-m/nofp\libc_nano.a(lib_a-mprec.o)
                0x000000000800bf18                _Balloc
 .text._Bfree   0x000000000800bf98       0x44 c:/st/stm32cubeide_1.10.1/stm32cubeide/plugins/com.st.stm32cube.ide.mcu.externaltools.gnu-tools-for-stm32.10.3-2021.10.win32_1.0.0.202111181127/tools/bin/../lib/gcc/arm-none-eabi/10.3.1/../../../../arm-none-eabi/lib/thumb/v7-m/nofp\libc_nano.a(lib_a-mprec.o)
                0x000000000800bf98                _Bfree
 .text.__multadd
                0x000000000800bfdc       0x8c c:/st/stm32cubeide_1.10.1/stm32cubeide/plugins/com.st.stm32cube.ide.mcu.externaltools.gnu-tools-for-stm32.10.3-2021.10.win32_1.0.0.202111181127/tools/bin/../lib/gcc/arm-none-eabi/10.3.1/../../../../arm-none-eabi/lib/thumb/v7-m/nofp\libc_nano.a(lib_a-mprec.o)
                0x000000000800bfdc                __multadd
 .text.__hi0bits
                0x000000000800c068       0x40 c:/st/stm32cubeide_1.10.1/stm32cubeide/plugins/com.st.stm32cube.ide.mcu.externaltools.gnu-tools-for-stm32.10.3-2021.10.win32_1.0.0.202111181127/tools/bin/../lib/gcc/arm-none-eabi/10.3.1/../../../../arm-none-eabi/lib/thumb/v7-m/nofp\libc_nano.a(lib_a-mprec.o)
                0x000000000800c068                __hi0bits
 .text.__lo0bits
                0x000000000800c0a8       0x5a c:/st/stm32cubeide_1.10.1/stm32cubeide/plugins/com.st.stm32cube.ide.mcu.externaltools.gnu-tools-for-stm32.10.3-2021.10.win32_1.0.0.202111181127/tools/bin/../lib/gcc/arm-none-eabi/10.3.1/../../../../arm-none-eabi/lib/thumb/v7-m/nofp\libc_nano.a(lib_a-mprec.o)
                0x000000000800c0a8                __lo0bits
 *fill*         0x000000000800c102        0x2 
 .text.__i2b    0x000000000800c104       0x2c c:/st/stm32cubeide_1.10.1/stm32cubeide/plugins/com.st.stm32cube.ide.mcu.externaltools.gnu-tools-for-stm32.10.3-2021.10.win32_1.0.0.202111181127/tools/bin/../lib/gcc/arm-none-eabi/10.3.1/../../../../arm-none-eabi/lib/thumb/v7-m/nofp\libc_nano.a(lib_a-mprec.o)
                0x000000000800c104                __i2b
 .text.__multiply
                0x000000000800c130      0x150 c:/st/stm32cubeide_1.10.1/stm32cubeide/plugins/com.st.stm32cube.ide.mcu.externaltools.gnu-tools-for-stm32.10.3-2021.10.win32_1.0.0.202111181127/tools/bin/../lib/gcc/arm-none-eabi/10.3.1/../../../../arm-none-eabi/lib/thumb/v7-m/nofp\libc_nano.a(lib_a-mprec.o)
                0x000000000800c130                __multiply
 .text.__pow5mult
                0x000000000800c280       0xb4 c:/st/stm32cubeide_1.10.1/stm32cubeide/plugins/com.st.stm32cube.ide.mcu.externaltools.gnu-tools-for-stm32.10.3-2021.10.win32_1.0.0.202111181127/tools/bin/../lib/gcc/arm-none-eabi/10.3.1/../../../../arm-none-eabi/lib/thumb/v7-m/nofp\libc_nano.a(lib_a-mprec.o)
                0x000000000800c280                __pow5mult
 .text.__lshift
                0x000000000800c334       0xe0 c:/st/stm32cubeide_1.10.1/stm32cubeide/plugins/com.st.stm32cube.ide.mcu.externaltools.gnu-tools-for-stm32.10.3-2021.10.win32_1.0.0.202111181127/tools/bin/../lib/gcc/arm-none-eabi/10.3.1/../../../../arm-none-eabi/lib/thumb/v7-m/nofp\libc_nano.a(lib_a-mprec.o)
                0x000000000800c334                __lshift
 .text.__mcmp   0x000000000800c414       0x36 c:/st/stm32cubeide_1.10.1/stm32cubeide/plugins/com.st.stm32cube.ide.mcu.externaltools.gnu-tools-for-stm32.10.3-2021.10.win32_1.0.0.202111181127/tools/bin/../lib/gcc/arm-none-eabi/10.3.1/../../../../arm-none-eabi/lib/thumb/v7-m/nofp\libc_nano.a(lib_a-mprec.o)
                0x000000000800c414                __mcmp
 *fill*         0x000000000800c44a        0x2 
 .text.__mdiff  0x000000000800c44c      0x118 c:/st/stm32cubeide_1.10.1/stm32cubeide/plugins/com.st.stm32cube.ide.mcu.externaltools.gnu-tools-for-stm32.10.3-2021.10.win32_1.0.0.202111181127/tools/bin/../lib/gcc/arm-none-eabi/10.3.1/../../../../arm-none-eabi/lib/thumb/v7-m/nofp\libc_nano.a(lib_a-mprec.o)
                0x000000000800c44c                __mdiff
 .text.__d2b    0x000000000800c564       0xb8 c:/st/stm32cubeide_1.10.1/stm32cubeide/plugins/com.st.stm32cube.ide.mcu.externaltools.gnu-tools-for-stm32.10.3-2021.10.win32_1.0.0.202111181127/tools/bin/../lib/gcc/arm-none-eabi/10.3.1/../../../../arm-none-eabi/lib/thumb/v7-m/nofp\libc_nano.a(lib_a-mprec.o)
                0x000000000800c564                __d2b
 .text._calloc_r
                0x000000000800c61c       0x28 c:/st/stm32cubeide_1.10.1/stm32cubeide/plugins/com.st.stm32cube.ide.mcu.externaltools.gnu-tools-for-stm32.10.3-2021.10.win32_1.0.0.202111181127/tools/bin/../lib/gcc/arm-none-eabi/10.3.1/../../../../arm-none-eabi/lib/thumb/v7-m/nofp\libc_nano.a(lib_a-nano-callocr.o)
                0x000000000800c61c                _calloc_r
 .text._free_r  0x000000000800c644       0x90 c:/st/stm32cubeide_1.10.1/stm32cubeide/plugins/com.st.stm32cube.ide.mcu.externaltools.gnu-tools-for-stm32.10.3-2021.10.win32_1.0.0.202111181127/tools/bin/../lib/gcc/arm-none-eabi/10.3.1/../../../../arm-none-eabi/lib/thumb/v7-m/nofp\libc_nano.a(lib_a-nano-freer.o)
                0x000000000800c644                _free_r
 .text.sbrk_aligned
                0x000000000800c6d4       0x40 c:/st/stm32cubeide_1.10.1/stm32cubeide/plugins/com.st.stm32cube.ide.mcu.externaltools.gnu-tools-for-stm32.10.3-2021.10.win32_1.0.0.202111181127/tools/bin/../lib/gcc/arm-none-eabi/10.3.1/../../../../arm-none-eabi/lib/thumb/v7-m/nofp\libc_nano.a(lib_a-nano-mallocr.o)
 .text._malloc_r
                0x000000000800c714       0xe8 c:/st/stm32cubeide_1.10.1/stm32cubeide/plugins/com.st.stm32cube.ide.mcu.externaltools.gnu-tools-for-stm32.10.3-2021.10.win32_1.0.0.202111181127/tools/bin/../lib/gcc/arm-none-eabi/10.3.1/../../../../arm-none-eabi/lib/thumb/v7-m/nofp\libc_nano.a(lib_a-nano-mallocr.o)
                0x000000000800c714                _malloc_r
 .text.__ssputs_r
                0x000000000800c7fc       0xb6 c:/st/stm32cubeide_1.10.1/stm32cubeide/plugins/com.st.stm32cube.ide.mcu.externaltools.gnu-tools-for-stm32.10.3-2021.10.win32_1.0.0.202111181127/tools/bin/../lib/gcc/arm-none-eabi/10.3.1/../../../../arm-none-eabi/lib/thumb/v7-m/nofp\libc_nano.a(lib_a-nano-svfprintf.o)
                0x000000000800c7fc                __ssputs_r
 *fill*         0x000000000800c8b2        0x2 
 .text._svfprintf_r
                0x000000000800c8b4      0x200 c:/st/stm32cubeide_1.10.1/stm32cubeide/plugins/com.st.stm32cube.ide.mcu.externaltools.gnu-tools-for-stm32.10.3-2021.10.win32_1.0.0.202111181127/tools/bin/../lib/gcc/arm-none-eabi/10.3.1/../../../../arm-none-eabi/lib/thumb/v7-m/nofp\libc_nano.a(lib_a-nano-svfprintf.o)
                0x000000000800c8b4                _svfiprintf_r
                0x000000000800c8b4                _svfprintf_r
 .text._sbrk_r  0x000000000800cab4       0x20 c:/st/stm32cubeide_1.10.1/stm32cubeide/plugins/com.st.stm32cube.ide.mcu.externaltools.gnu-tools-for-stm32.10.3-2021.10.win32_1.0.0.202111181127/tools/bin/../lib/gcc/arm-none-eabi/10.3.1/../../../../arm-none-eabi/lib/thumb/v7-m/nofp\libc_nano.a(lib_a-sbrkr.o)
                0x000000000800cab4                _sbrk_r
 .text.__assert_func
                0x000000000800cad4       0x3c c:/st/stm32cubeide_1.10.1/stm32cubeide/plugins/com.st.stm32cube.ide.mcu.externaltools.gnu-tools-for-stm32.10.3-2021.10.win32_1.0.0.202111181127/tools/bin/../lib/gcc/arm-none-eabi/10.3.1/../../../../arm-none-eabi/lib/thumb/v7-m/nofp\libc_nano.a(lib_a-assert.o)
                0x000000000800cad4                __assert_func
 .text.fprintf  0x000000000800cb10       0x24 c:/st/stm32cubeide_1.10.1/stm32cubeide/plugins/com.st.stm32cube.ide.mcu.externaltools.gnu-tools-for-stm32.10.3-2021.10.win32_1.0.0.202111181127/tools/bin/../lib/gcc/arm-none-eabi/10.3.1/../../../../arm-none-eabi/lib/thumb/v7-m/nofp\libc_nano.a(lib_a-fprintf.o)
                0x000000000800cb10                fiprintf
                0x000000000800cb10                fprintf
 .text.__ascii_mbtowc
                0x000000000800cb34       0x24 c:/st/stm32cubeide_1.10.1/stm32cubeide/plugins/com.st.stm32cube.ide.mcu.externaltools.gnu-tools-for-stm32.10.3-2021.10.win32_1.0.0.202111181127/tools/bin/../lib/gcc/arm-none-eabi/10.3.1/../../../../arm-none-eabi/lib/thumb/v7-m/nofp\libc_nano.a(lib_a-mbtowc_r.o)
                0x000000000800cb34                __ascii_mbtowc
 .text.__malloc_lock
                0x000000000800cb58        0xc c:/st/stm32cubeide_1.10.1/stm32cubeide/plugins/com.st.stm32cube.ide.mcu.externaltools.gnu-tools-for-stm32.10.3-2021.10.win32_1.0.0.202111181127/tools/bin/../lib/gcc/arm-none-eabi/10.3.1/../../../../arm-none-eabi/lib/thumb/v7-m/nofp\libc_nano.a(lib_a-mlock.o)
                0x000000000800cb58                __malloc_lock
 .text.__malloc_unlock
                0x000000000800cb64        0xc c:/st/stm32cubeide_1.10.1/stm32cubeide/plugins/com.st.stm32cube.ide.mcu.externaltools.gnu-tools-for-stm32.10.3-2021.10.win32_1.0.0.202111181127/tools/bin/../lib/gcc/arm-none-eabi/10.3.1/../../../../arm-none-eabi/lib/thumb/v7-m/nofp\libc_nano.a(lib_a-mlock.o)
                0x000000000800cb64                __malloc_unlock
 .text._realloc_r
                0x000000000800cb70       0x5e c:/st/stm32cubeide_1.10.1/stm32cubeide/plugins/com.st.stm32cube.ide.mcu.externaltools.gnu-tools-for-stm32.10.3-2021.10.win32_1.0.0.202111181127/tools/bin/../lib/gcc/arm-none-eabi/10.3.1/../../../../arm-none-eabi/lib/thumb/v7-m/nofp\libc_nano.a(lib_a-nano-reallocr.o)
                0x000000000800cb70                _realloc_r
 .text.__sfputc_r
                0x000000000800cbce       0x2a c:/st/stm32cubeide_1.10.1/stm32cubeide/plugins/com.st.stm32cube.ide.mcu.externaltools.gnu-tools-for-stm32.10.3-2021.10.win32_1.0.0.202111181127/tools/bin/../lib/gcc/arm-none-eabi/10.3.1/../../../../arm-none-eabi/lib/thumb/v7-m/nofp\libc_nano.a(lib_a-nano-vfprintf.o)
 .text.__sfputs_r
                0x000000000800cbf8       0x24 c:/st/stm32cubeide_1.10.1/stm32cubeide/plugins/com.st.stm32cube.ide.mcu.externaltools.gnu-tools-for-stm32.10.3-2021.10.win32_1.0.0.202111181127/tools/bin/../lib/gcc/arm-none-eabi/10.3.1/../../../../arm-none-eabi/lib/thumb/v7-m/nofp\libc_nano.a(lib_a-nano-vfprintf.o)
                0x000000000800cbf8                __sfputs_r
 .text._vfprintf_r
                0x000000000800cc1c      0x260 c:/st/stm32cubeide_1.10.1/stm32cubeide/plugins/com.st.stm32cube.ide.mcu.externaltools.gnu-tools-for-stm32.10.3-2021.10.win32_1.0.0.202111181127/tools/bin/../lib/gcc/arm-none-eabi/10.3.1/../../../../arm-none-eabi/lib/thumb/v7-m/nofp\libc_nano.a(lib_a-nano-vfprintf.o)
                0x000000000800cc1c                _vfprintf_r
                0x000000000800cc1c                _vfiprintf_r
 .text.__swbuf_r
                0x000000000800ce7c       0xa4 c:/st/stm32cubeide_1.10.1/stm32cubeide/plugins/com.st.stm32cube.ide.mcu.externaltools.gnu-tools-for-stm32.10.3-2021.10.win32_1.0.0.202111181127/tools/bin/../lib/gcc/arm-none-eabi/10.3.1/../../../../arm-none-eabi/lib/thumb/v7-m/nofp\libc_nano.a(lib_a-wbuf.o)
                0x000000000800ce7c                __swbuf_r
 .text.__ascii_wctomb
                0x000000000800cf20       0x1a c:/st/stm32cubeide_1.10.1/stm32cubeide/plugins/com.st.stm32cube.ide.mcu.externaltools.gnu-tools-for-stm32.10.3-2021.10.win32_1.0.0.202111181127/tools/bin/../lib/gcc/arm-none-eabi/10.3.1/../../../../arm-none-eabi/lib/thumb/v7-m/nofp\libc_nano.a(lib_a-wctomb_r.o)
                0x000000000800cf20                __ascii_wctomb
 *fill*         0x000000000800cf3a        0x2 
 .text.__swsetup_r
                0x000000000800cf3c       0xdc c:/st/stm32cubeide_1.10.1/stm32cubeide/plugins/com.st.stm32cube.ide.mcu.externaltools.gnu-tools-for-stm32.10.3-2021.10.win32_1.0.0.202111181127/tools/bin/../lib/gcc/arm-none-eabi/10.3.1/../../../../arm-none-eabi/lib/thumb/v7-m/nofp\libc_nano.a(lib_a-wsetup.o)
                0x000000000800cf3c                __swsetup_r
 .text.abort    0x000000000800d018        0xe c:/st/stm32cubeide_1.10.1/stm32cubeide/plugins/com.st.stm32cube.ide.mcu.externaltools.gnu-tools-for-stm32.10.3-2021.10.win32_1.0.0.202111181127/tools/bin/../lib/gcc/arm-none-eabi/10.3.1/../../../../arm-none-eabi/lib/thumb/v7-m/nofp\libc_nano.a(lib_a-abort.o)
                0x000000000800d018                abort
 *fill*         0x000000000800d026        0x2 
 .text.__sflush_r
                0x000000000800d028      0x104 c:/st/stm32cubeide_1.10.1/stm32cubeide/plugins/com.st.stm32cube.ide.mcu.externaltools.gnu-tools-for-stm32.10.3-2021.10.win32_1.0.0.202111181127/tools/bin/../lib/gcc/arm-none-eabi/10.3.1/../../../../arm-none-eabi/lib/thumb/v7-m/nofp\libc_nano.a(lib_a-fflush.o)
                0x000000000800d028                __sflush_r
 .text._fflush_r
                0x000000000800d12c       0x78 c:/st/stm32cubeide_1.10.1/stm32cubeide/plugins/com.st.stm32cube.ide.mcu.externaltools.gnu-tools-for-stm32.10.3-2021.10.win32_1.0.0.202111181127/tools/bin/../lib/gcc/arm-none-eabi/10.3.1/../../../../arm-none-eabi/lib/thumb/v7-m/nofp\libc_nano.a(lib_a-fflush.o)
                0x000000000800d12c                _fflush_r
 .text.std      0x000000000800d1a4       0x48 c:/st/stm32cubeide_1.10.1/stm32cubeide/plugins/com.st.stm32cube.ide.mcu.externaltools.gnu-tools-for-stm32.10.3-2021.10.win32_1.0.0.202111181127/tools/bin/../lib/gcc/arm-none-eabi/10.3.1/../../../../arm-none-eabi/lib/thumb/v7-m/nofp\libc_nano.a(lib_a-findfp.o)
 .text._cleanup_r
                0x000000000800d1ec        0xc c:/st/stm32cubeide_1.10.1/stm32cubeide/plugins/com.st.stm32cube.ide.mcu.externaltools.gnu-tools-for-stm32.10.3-2021.10.win32_1.0.0.202111181127/tools/bin/../lib/gcc/arm-none-eabi/10.3.1/../../../../arm-none-eabi/lib/thumb/v7-m/nofp\libc_nano.a(lib_a-findfp.o)
                0x000000000800d1ec                _cleanup_r
 .text.__sfmoreglue
                0x000000000800d1f8       0x2c c:/st/stm32cubeide_1.10.1/stm32cubeide/plugins/com.st.stm32cube.ide.mcu.externaltools.gnu-tools-for-stm32.10.3-2021.10.win32_1.0.0.202111181127/tools/bin/../lib/gcc/arm-none-eabi/10.3.1/../../../../arm-none-eabi/lib/thumb/v7-m/nofp\libc_nano.a(lib_a-findfp.o)
                0x000000000800d1f8                __sfmoreglue
 .text.__sfp_lock_acquire
                0x000000000800d224        0xc c:/st/stm32cubeide_1.10.1/stm32cubeide/plugins/com.st.stm32cube.ide.mcu.externaltools.gnu-tools-for-stm32.10.3-2021.10.win32_1.0.0.202111181127/tools/bin/../lib/gcc/arm-none-eabi/10.3.1/../../../../arm-none-eabi/lib/thumb/v7-m/nofp\libc_nano.a(lib_a-findfp.o)
                0x000000000800d224                __sfp_lock_acquire
 .text.__sfp_lock_release
                0x000000000800d230        0xc c:/st/stm32cubeide_1.10.1/stm32cubeide/plugins/com.st.stm32cube.ide.mcu.externaltools.gnu-tools-for-stm32.10.3-2021.10.win32_1.0.0.202111181127/tools/bin/../lib/gcc/arm-none-eabi/10.3.1/../../../../arm-none-eabi/lib/thumb/v7-m/nofp\libc_nano.a(lib_a-findfp.o)
                0x000000000800d230                __sfp_lock_release
 .text.__sinit_lock_acquire
                0x000000000800d23c        0xc c:/st/stm32cubeide_1.10.1/stm32cubeide/plugins/com.st.stm32cube.ide.mcu.externaltools.gnu-tools-for-stm32.10.3-2021.10.win32_1.0.0.202111181127/tools/bin/../lib/gcc/arm-none-eabi/10.3.1/../../../../arm-none-eabi/lib/thumb/v7-m/nofp\libc_nano.a(lib_a-findfp.o)
                0x000000000800d23c                __sinit_lock_acquire
 .text.__sinit_lock_release
                0x000000000800d248        0xc c:/st/stm32cubeide_1.10.1/stm32cubeide/plugins/com.st.stm32cube.ide.mcu.externaltools.gnu-tools-for-stm32.10.3-2021.10.win32_1.0.0.202111181127/tools/bin/../lib/gcc/arm-none-eabi/10.3.1/../../../../arm-none-eabi/lib/thumb/v7-m/nofp\libc_nano.a(lib_a-findfp.o)
                0x000000000800d248                __sinit_lock_release
 .text.__sinit  0x000000000800d254       0x70 c:/st/stm32cubeide_1.10.1/stm32cubeide/plugins/com.st.stm32cube.ide.mcu.externaltools.gnu-tools-for-stm32.10.3-2021.10.win32_1.0.0.202111181127/tools/bin/../lib/gcc/arm-none-eabi/10.3.1/../../../../arm-none-eabi/lib/thumb/v7-m/nofp\libc_nano.a(lib_a-findfp.o)
                0x000000000800d254                __sinit
 .text.__sfp    0x000000000800d2c4       0x8c c:/st/stm32cubeide_1.10.1/stm32cubeide/plugins/com.st.stm32cube.ide.mcu.externaltools.gnu-tools-for-stm32.10.3-2021.10.win32_1.0.0.202111181127/tools/bin/../lib/gcc/arm-none-eabi/10.3.1/../../../../arm-none-eabi/lib/thumb/v7-m/nofp\libc_nano.a(lib_a-findfp.o)
                0x000000000800d2c4                __sfp
 .text._fwalk_reent
                0x000000000800d350       0x3e c:/st/stm32cubeide_1.10.1/stm32cubeide/plugins/com.st.stm32cube.ide.mcu.externaltools.gnu-tools-for-stm32.10.3-2021.10.win32_1.0.0.202111181127/tools/bin/../lib/gcc/arm-none-eabi/10.3.1/../../../../arm-none-eabi/lib/thumb/v7-m/nofp\libc_nano.a(lib_a-fwalk.o)
                0x000000000800d350                _fwalk_reent
 .text.__retarget_lock_init_recursive
                0x000000000800d38e        0x2 c:/st/stm32cubeide_1.10.1/stm32cubeide/plugins/com.st.stm32cube.ide.mcu.externaltools.gnu-tools-for-stm32.10.3-2021.10.win32_1.0.0.202111181127/tools/bin/../lib/gcc/arm-none-eabi/10.3.1/../../../../arm-none-eabi/lib/thumb/v7-m/nofp\libc_nano.a(lib_a-lock.o)
                0x000000000800d38e                __retarget_lock_init_recursive
 .text.__retarget_lock_acquire_recursive
                0x000000000800d390        0x2 c:/st/stm32cubeide_1.10.1/stm32cubeide/plugins/com.st.stm32cube.ide.mcu.externaltools.gnu-tools-for-stm32.10.3-2021.10.win32_1.0.0.202111181127/tools/bin/../lib/gcc/arm-none-eabi/10.3.1/../../../../arm-none-eabi/lib/thumb/v7-m/nofp\libc_nano.a(lib_a-lock.o)
                0x000000000800d390                __retarget_lock_acquire_recursive
 .text.__retarget_lock_release_recursive
                0x000000000800d392        0x2 c:/st/stm32cubeide_1.10.1/stm32cubeide/plugins/com.st.stm32cube.ide.mcu.externaltools.gnu-tools-for-stm32.10.3-2021.10.win32_1.0.0.202111181127/tools/bin/../lib/gcc/arm-none-eabi/10.3.1/../../../../arm-none-eabi/lib/thumb/v7-m/nofp\libc_nano.a(lib_a-lock.o)
                0x000000000800d392                __retarget_lock_release_recursive
 .text.__swhatbuf_r
                0x000000000800d394       0x4a c:/st/stm32cubeide_1.10.1/stm32cubeide/plugins/com.st.stm32cube.ide.mcu.externaltools.gnu-tools-for-stm32.10.3-2021.10.win32_1.0.0.202111181127/tools/bin/../lib/gcc/arm-none-eabi/10.3.1/../../../../arm-none-eabi/lib/thumb/v7-m/nofp\libc_nano.a(lib_a-makebuf.o)
                0x000000000800d394                __swhatbuf_r
 *fill*         0x000000000800d3de        0x2 
 .text.__smakebuf_r
                0x000000000800d3e0       0x80 c:/st/stm32cubeide_1.10.1/stm32cubeide/plugins/com.st.stm32cube.ide.mcu.externaltools.gnu-tools-for-stm32.10.3-2021.10.win32_1.0.0.202111181127/tools/bin/../lib/gcc/arm-none-eabi/10.3.1/../../../../arm-none-eabi/lib/thumb/v7-m/nofp\libc_nano.a(lib_a-makebuf.o)
                0x000000000800d3e0                __smakebuf_r
 .text._malloc_usable_size_r
                0x000000000800d460       0x10 c:/st/stm32cubeide_1.10.1/stm32cubeide/plugins/com.st.stm32cube.ide.mcu.externaltools.gnu-tools-for-stm32.10.3-2021.10.win32_1.0.0.202111181127/tools/bin/../lib/gcc/arm-none-eabi/10.3.1/../../../../arm-none-eabi/lib/thumb/v7-m/nofp\libc_nano.a(lib_a-nano-msizer.o)
                0x000000000800d460                _malloc_usable_size_r
 .text._raise_r
                0x000000000800d470       0x50 c:/st/stm32cubeide_1.10.1/stm32cubeide/plugins/com.st.stm32cube.ide.mcu.externaltools.gnu-tools-for-stm32.10.3-2021.10.win32_1.0.0.202111181127/tools/bin/../lib/gcc/arm-none-eabi/10.3.1/../../../../arm-none-eabi/lib/thumb/v7-m/nofp\libc_nano.a(lib_a-signal.o)
                0x000000000800d470                _raise_r
 .text.raise    0x000000000800d4c0       0x10 c:/st/stm32cubeide_1.10.1/stm32cubeide/plugins/com.st.stm32cube.ide.mcu.externaltools.gnu-tools-for-stm32.10.3-2021.10.win32_1.0.0.202111181127/tools/bin/../lib/gcc/arm-none-eabi/10.3.1/../../../../arm-none-eabi/lib/thumb/v7-m/nofp\libc_nano.a(lib_a-signal.o)
                0x000000000800d4c0                raise
 .text._kill_r  0x000000000800d4d0       0x24 c:/st/stm32cubeide_1.10.1/stm32cubeide/plugins/com.st.stm32cube.ide.mcu.externaltools.gnu-tools-for-stm32.10.3-2021.10.win32_1.0.0.202111181127/tools/bin/../lib/gcc/arm-none-eabi/10.3.1/../../../../arm-none-eabi/lib/thumb/v7-m/nofp\libc_nano.a(lib_a-signalr.o)
                0x000000000800d4d0                _kill_r
 .text._getpid_r
                0x000000000800d4f4        0x4 c:/st/stm32cubeide_1.10.1/stm32cubeide/plugins/com.st.stm32cube.ide.mcu.externaltools.gnu-tools-for-stm32.10.3-2021.10.win32_1.0.0.202111181127/tools/bin/../lib/gcc/arm-none-eabi/10.3.1/../../../../arm-none-eabi/lib/thumb/v7-m/nofp\libc_nano.a(lib_a-signalr.o)
                0x000000000800d4f4                _getpid_r
 .text.__sread  0x000000000800d4f8       0x22 c:/st/stm32cubeide_1.10.1/stm32cubeide/plugins/com.st.stm32cube.ide.mcu.externaltools.gnu-tools-for-stm32.10.3-2021.10.win32_1.0.0.202111181127/tools/bin/../lib/gcc/arm-none-eabi/10.3.1/../../../../arm-none-eabi/lib/thumb/v7-m/nofp\libc_nano.a(lib_a-stdio.o)
                0x000000000800d4f8                __sread
 .text.__swrite
                0x000000000800d51a       0x38 c:/st/stm32cubeide_1.10.1/stm32cubeide/plugins/com.st.stm32cube.ide.mcu.externaltools.gnu-tools-for-stm32.10.3-2021.10.win32_1.0.0.202111181127/tools/bin/../lib/gcc/arm-none-eabi/10.3.1/../../../../arm-none-eabi/lib/thumb/v7-m/nofp\libc_nano.a(lib_a-stdio.o)
                0x000000000800d51a                __swrite
 .text.__sseek  0x000000000800d552       0x24 c:/st/stm32cubeide_1.10.1/stm32cubeide/plugins/com.st.stm32cube.ide.mcu.externaltools.gnu-tools-for-stm32.10.3-2021.10.win32_1.0.0.202111181127/tools/bin/../lib/gcc/arm-none-eabi/10.3.1/../../../../arm-none-eabi/lib/thumb/v7-m/nofp\libc_nano.a(lib_a-stdio.o)
                0x000000000800d552                __sseek
 .text.__sclose
                0x000000000800d576        0x8 c:/st/stm32cubeide_1.10.1/stm32cubeide/plugins/com.st.stm32cube.ide.mcu.externaltools.gnu-tools-for-stm32.10.3-2021.10.win32_1.0.0.202111181127/tools/bin/../lib/gcc/arm-none-eabi/10.3.1/../../../../arm-none-eabi/lib/thumb/v7-m/nofp\libc_nano.a(lib_a-stdio.o)
                0x000000000800d576                __sclose
 *fill*         0x000000000800d57e        0x2 
 .text._write_r
                0x000000000800d580       0x24 c:/st/stm32cubeide_1.10.1/stm32cubeide/plugins/com.st.stm32cube.ide.mcu.externaltools.gnu-tools-for-stm32.10.3-2021.10.win32_1.0.0.202111181127/tools/bin/../lib/gcc/arm-none-eabi/10.3.1/../../../../arm-none-eabi/lib/thumb/v7-m/nofp\libc_nano.a(lib_a-writer.o)
                0x000000000800d580                _write_r
 .text._close_r
                0x000000000800d5a4       0x20 c:/st/stm32cubeide_1.10.1/stm32cubeide/plugins/com.st.stm32cube.ide.mcu.externaltools.gnu-tools-for-stm32.10.3-2021.10.win32_1.0.0.202111181127/tools/bin/../lib/gcc/arm-none-eabi/10.3.1/../../../../arm-none-eabi/lib/thumb/v7-m/nofp\libc_nano.a(lib_a-closer.o)
                0x000000000800d5a4                _close_r
 .text._fstat_r
                0x000000000800d5c4       0x24 c:/st/stm32cubeide_1.10.1/stm32cubeide/plugins/com.st.stm32cube.ide.mcu.externaltools.gnu-tools-for-stm32.10.3-2021.10.win32_1.0.0.202111181127/tools/bin/../lib/gcc/arm-none-eabi/10.3.1/../../../../arm-none-eabi/lib/thumb/v7-m/nofp\libc_nano.a(lib_a-fstatr.o)
                0x000000000800d5c4                _fstat_r
 .text._isatty_r
                0x000000000800d5e8       0x20 c:/st/stm32cubeide_1.10.1/stm32cubeide/plugins/com.st.stm32cube.ide.mcu.externaltools.gnu-tools-for-stm32.10.3-2021.10.win32_1.0.0.202111181127/tools/bin/../lib/gcc/arm-none-eabi/10.3.1/../../../../arm-none-eabi/lib/thumb/v7-m/nofp\libc_nano.a(lib_a-isattyr.o)
                0x000000000800d5e8                _isatty_r
 .text._lseek_r
                0x000000000800d608       0x24 c:/st/stm32cubeide_1.10.1/stm32cubeide/plugins/com.st.stm32cube.ide.mcu.externaltools.gnu-tools-for-stm32.10.3-2021.10.win32_1.0.0.202111181127/tools/bin/../lib/gcc/arm-none-eabi/10.3.1/../../../../arm-none-eabi/lib/thumb/v7-m/nofp\libc_nano.a(lib_a-lseekr.o)
                0x000000000800d608                _lseek_r
 .text._read_r  0x000000000800d62c       0x24 c:/st/stm32cubeide_1.10.1/stm32cubeide/plugins/com.st.stm32cube.ide.mcu.externaltools.gnu-tools-for-stm32.10.3-2021.10.win32_1.0.0.202111181127/tools/bin/../lib/gcc/arm-none-eabi/10.3.1/../../../../arm-none-eabi/lib/thumb/v7-m/nofp\libc_nano.a(lib_a-readr.o)
                0x000000000800d62c                _read_r
 *(.glue_7)
 .glue_7        0x000000000800d650        0x0 linker stubs
 *(.glue_7t)
 .glue_7t       0x000000000800d650        0x0 linker stubs
 *(.eh_frame)
 .eh_frame      0x000000000800d650        0x0 c:/st/stm32cubeide_1.10.1/stm32cubeide/plugins/com.st.stm32cube.ide.mcu.externaltools.gnu-tools-for-stm32.10.3-2021.10.win32_1.0.0.202111181127/tools/bin/../lib/gcc/arm-none-eabi/10.3.1/thumb/v7-m/nofp/crtbegin.o
 *(.init)
 .init          0x000000000800d650        0x4 c:/st/stm32cubeide_1.10.1/stm32cubeide/plugins/com.st.stm32cube.ide.mcu.externaltools.gnu-tools-for-stm32.10.3-2021.10.win32_1.0.0.202111181127/tools/bin/../lib/gcc/arm-none-eabi/10.3.1/thumb/v7-m/nofp/crti.o
                0x000000000800d650                _init
 .init          0x000000000800d654        0x8 c:/st/stm32cubeide_1.10.1/stm32cubeide/plugins/com.st.stm32cube.ide.mcu.externaltools.gnu-tools-for-stm32.10.3-2021.10.win32_1.0.0.202111181127/tools/bin/../lib/gcc/arm-none-eabi/10.3.1/thumb/v7-m/nofp/crtn.o
 *(.fini)
 .fini          0x000000000800d65c        0x4 c:/st/stm32cubeide_1.10.1/stm32cubeide/plugins/com.st.stm32cube.ide.mcu.externaltools.gnu-tools-for-stm32.10.3-2021.10.win32_1.0.0.202111181127/tools/bin/../lib/gcc/arm-none-eabi/10.3.1/thumb/v7-m/nofp/crti.o
                0x000000000800d65c                _fini
 .fini          0x000000000800d660        0x8 c:/st/stm32cubeide_1.10.1/stm32cubeide/plugins/com.st.stm32cube.ide.mcu.externaltools.gnu-tools-for-stm32.10.3-2021.10.win32_1.0.0.202111181127/tools/bin/../lib/gcc/arm-none-eabi/10.3.1/thumb/v7-m/nofp/crtn.o
                0x000000000800d668                . = ALIGN (0x4)
                0x000000000800d668                _etext = .

.vfp11_veneer   0x000000000800d668        0x0
 .vfp11_veneer  0x000000000800d668        0x0 linker stubs

.v4_bx          0x000000000800d668        0x0
 .v4_bx         0x000000000800d668        0x0 linker stubs

.iplt           0x000000000800d668        0x0
 .iplt          0x000000000800d668        0x0 c:/st/stm32cubeide_1.10.1/stm32cubeide/plugins/com.st.stm32cube.ide.mcu.externaltools.gnu-tools-for-stm32.10.3-2021.10.win32_1.0.0.202111181127/tools/bin/../lib/gcc/arm-none-eabi/10.3.1/thumb/v7-m/nofp/crtbegin.o

.rodata         0x000000000800d668      0x504
                0x000000000800d668                . = ALIGN (0x4)
 *(.rodata)
 *(.rodata*)
 .rodata.lcd_psu_init.str1.4
                0x000000000800d668       0x4f ./Core/Src/main.o
 *fill*         0x000000000800d6b7        0x1 
 .rodata.ourInit.str1.4
                0x000000000800d6b8       0x1c ./Core/Src/main.o
 .rodata.lcd_update_voltage.str1.4
                0x000000000800d6d4        0xd ./Core/Src/main.o
 *fill*         0x000000000800d6e1        0x3 
 .rodata.customChar
                0x000000000800d6e4       0x40 ./Core/Src/main.o
                0x000000000800d6e4                customChar
 .rodata.AHBPrescTable
                0x000000000800d724       0x10 ./Core/Src/system_stm32l1xx.o
                0x000000000800d724                AHBPrescTable
 .rodata.APBPrescTable
                0x000000000800d734        0x8 ./Core/Src/system_stm32l1xx.o
                0x000000000800d734                APBPrescTable
 .rodata.PLLMulTable
                0x000000000800d73c        0x9 ./Core/Src/system_stm32l1xx.o
                0x000000000800d73c                PLLMulTable
 *fill*         0x000000000800d745        0x3 
 .rodata.USBD_FS_ManufacturerStrDescriptor.str1.4
                0x000000000800d748       0x13 ./USB_DEVICE/App/usbd_desc.o
 *fill*         0x000000000800d75b        0x1 
 .rodata.USBD_FS_ProductStrDescriptor.str1.4
                0x000000000800d75c       0x16 ./USB_DEVICE/App/usbd_desc.o
 *fill*         0x000000000800d772        0x2 
 .rodata.USBD_FS_ConfigStrDescriptor.str1.4
                0x000000000800d774        0xb ./USB_DEVICE/App/usbd_desc.o
 *fill*         0x000000000800d77f        0x1 
 .rodata.USBD_FS_InterfaceStrDescriptor.str1.4
                0x000000000800d780        0xe ./USB_DEVICE/App/usbd_desc.o
 *fill*         0x000000000800d78e        0x2 
 .rodata.CSWTCH.3
                0x000000000800d790        0x4 ./USB_DEVICE/Target/usbd_conf.o
 .rodata._global_impure_ptr
                0x000000000800d794        0x4 c:/st/stm32cubeide_1.10.1/stm32cubeide/plugins/com.st.stm32cube.ide.mcu.externaltools.gnu-tools-for-stm32.10.3-2021.10.win32_1.0.0.202111181127/tools/bin/../lib/gcc/arm-none-eabi/10.3.1/../../../../arm-none-eabi/lib/thumb/v7-m/nofp\libc_nano.a(lib_a-impure.o)
                0x000000000800d794                _global_impure_ptr
 .rodata._printf_float.str1.1
                0x000000000800d798       0x12 c:/st/stm32cubeide_1.10.1/stm32cubeide/plugins/com.st.stm32cube.ide.mcu.externaltools.gnu-tools-for-stm32.10.3-2021.10.win32_1.0.0.202111181127/tools/bin/../lib/gcc/arm-none-eabi/10.3.1/../../../../arm-none-eabi/lib/thumb/v7-m/nofp\libc_nano.a(lib_a-nano-vfprintf_float.o)
 .rodata._printf_i.str1.1
                0x000000000800d7aa       0x22 c:/st/stm32cubeide_1.10.1/stm32cubeide/plugins/com.st.stm32cube.ide.mcu.externaltools.gnu-tools-for-stm32.10.3-2021.10.win32_1.0.0.202111181127/tools/bin/../lib/gcc/arm-none-eabi/10.3.1/../../../../arm-none-eabi/lib/thumb/v7-m/nofp\libc_nano.a(lib_a-nano-vfprintf_i.o)
 .rodata._dtoa_r.str1.1
                0x000000000800d7cc       0x90 c:/st/stm32cubeide_1.10.1/stm32cubeide/plugins/com.st.stm32cube.ide.mcu.externaltools.gnu-tools-for-stm32.10.3-2021.10.win32_1.0.0.202111181127/tools/bin/../lib/gcc/arm-none-eabi/10.3.1/../../../../arm-none-eabi/lib/thumb/v7-m/nofp\libc_nano.a(lib_a-dtoa.o)
                                         0x92 (size before relaxing)
 .rodata._Balloc.str1.1