Archive member included to satisfy reference by file (symbol)

c:/st/stm32cubeide_1.10.1/stm32cubeide/plugins/com.st.stm32cube.ide.mcu.externaltools.gnu-tools-for-stm32.10.3-2021.10.win32_1.0.0.202111181127/tools/bin/../lib/gcc/arm-none-eabi/10.3.1/../../../../arm-none-eabi/lib/thumb/v7-m/nofp\libc_nano.a(lib_a-atof.o)
                              ./Core/Src/main.o (atof)
c:/st/stm32cubeide_1.10.1/stm32cubeide/plugins/com.st.stm32cube.ide.mcu.externaltools.gnu-tools-for-stm32.10.3-2021.10.win32_1.0.0.202111181127/tools/bin/../lib/gcc/arm-none-eabi/10.3.1/../../../../arm-none-eabi/lib/thumb/v7-m/nofp\libc_nano.a(lib_a-errno.o)
                              ./Core/Src/syscalls.o (__errno)
c:/st/stm32cubeide_1.10.1/stm32cubeide/plugins/com.st.stm32cube.ide.mcu.externaltools.gnu-tools-for-stm32.10.3-2021.10.win32_1.0.0.202111181127/tools/bin/../lib/gcc/arm-none-eabi/10.3.1/../../../../arm-none-eabi/lib/thumb/v7-m/nofp\libc_nano.a(lib_a-exit.o)
                              c:/st/stm32cubeide_1.10.1/stm32cubeide/plugins/com.st.stm32cube.ide.mcu.externaltools.gnu-tools-for-stm32.10.3-2021.10.win32_1.0.0.202111181127/tools/bin/../lib/gcc/arm-none-eabi/10.3.1/../../../../arm-none-eabi/lib/thumb/v7-m/nofp/crt0.o (exit)
c:/st/stm32cubeide_1.10.1/stm32cubeide/plugins/com.st.stm32cube.ide.mcu.externaltools.gnu-tools-for-stm32.10.3-2021.10.win32_1.0.0.202111181127/tools/bin/../lib/gcc/arm-none-eabi/10.3.1/../../../../arm-none-eabi/lib/thumb/v7-m/nofp\libc_nano.a(lib_a-impure.o)
                              c:/st/stm32cubeide_1.10.1/stm32cubeide/plugins/com.st.stm32cube.ide.mcu.externaltools.gnu-tools-for-stm32.10.3-2021.10.win32_1.0.0.202111181127/tools/bin/../lib/gcc/arm-none-eabi/10.3.1/../../../../arm-none-eabi/lib/thumb/v7-m/nofp\libc_nano.a(lib_a-exit.o) (_global_impure_ptr)
c:/st/stm32cubeide_1.10.1/stm32cubeide/plugins/com.st.stm32cube.ide.mcu.externaltools.gnu-tools-for-stm32.10.3-2021.10.win32_1.0.0.202111181127/tools/bin/../lib/gcc/arm-none-eabi/10.3.1/../../../../arm-none-eabi/lib/thumb/v7-m/nofp\libc_nano.a(lib_a-init.o)
                              c:/st/stm32cubeide_1.10.1/stm32cubeide/plugins/com.st.stm32cube.ide.mcu.externaltools.gnu-tools-for-stm32.10.3-2021.10.win32_1.0.0.202111181127/tools/bin/../lib/gcc/arm-none-eabi/10.3.1/../../../../arm-none-eabi/lib/thumb/v7-m/nofp/crt0.o (__libc_init_array)
c:/st/stm32cubeide_1.10.1/stm32cubeide/plugins/com.st.stm32cube.ide.mcu.externaltools.gnu-tools-for-stm32.10.3-2021.10.win32_1.0.0.202111181127/tools/bin/../lib/gcc/arm-none-eabi/10.3.1/../../../../arm-none-eabi/lib/thumb/v7-m/nofp\libc_nano.a(lib_a-memset.o)
                              c:/st/stm32cubeide_1.10.1/stm32cubeide/plugins/com.st.stm32cube.ide.mcu.externaltools.gnu-tools-for-stm32.10.3-2021.10.win32_1.0.0.202111181127/tools/bin/../lib/gcc/arm-none-eabi/10.3.1/../../../../arm-none-eabi/lib/thumb/v7-m/nofp/crt0.o (memset)
c:/st/stm32cubeide_1.10.1/stm32cubeide/plugins/com.st.stm32cube.ide.mcu.externaltools.gnu-tools-for-stm32.10.3-2021.10.win32_1.0.0.202111181127/tools/bin/../lib/gcc/arm-none-eabi/10.3.1/../../../../arm-none-eabi/lib/thumb/v7-m/nofp\libc_nano.a(lib_a-nano-vfprintf_float.o)
                              (_printf_float)
c:/st/stm32cubeide_1.10.1/stm32cubeide/plugins/com.st.stm32cube.ide.mcu.externaltools.gnu-tools-for-stm32.10.3-2021.10.win32_1.0.0.202111181127/tools/bin/../lib/gcc/arm-none-eabi/10.3.1/../../../../arm-none-eabi/lib/thumb/v7-m/nofp\libc_nano.a(lib_a-nano-vfprintf_i.o)
                              c:/st/stm32cubeide_1.10.1/stm32cubeide/plugins/com.st.stm32cube.ide.mcu.externaltools.gnu-tools-for-stm32.10.3-2021.10.win32_1.0.0.202111181127/tools/bin/../lib/gcc/arm-none-eabi/10.3.1/../../../../arm-none-eabi/lib/thumb/v7-m/nofp\libc_nano.a(lib_a-nano-vfprintf_float.o) (_printf_common)
c:/st/stm32cubeide_1.10.1/stm32cubeide/plugins/com.st.stm32cube.ide.mcu.externaltools.gnu-tools-for-stm32.10.3-2021.10.win32_1.0.0.202111181127/tools/bin/../lib/gcc/arm-none-eabi/10.3.1/../../../../arm-none-eabi/lib/thumb/v7-m/nofp\libc_nano.a(lib_a-snprintf.o)
                              ./Core/Src/main.o (snprintf)
c:/st/stm32cubeide_1.10.1/stm32cubeide/plugins/com.st.stm32cube.ide.mcu.externaltools.gnu-tools-for-stm32.10.3-2021.10.win32_1.0.0.202111181127/tools/bin/../lib/gcc/arm-none-eabi/10.3.1/../../../../arm-none-eabi/lib/thumb/v7-m/nofp\libc_nano.a(lib_a-strlen.o)
                              ./Core/Src/main.o (strlen)
c:/st/stm32cubeide_1.10.1/stm32cubeide/plugins/com.st.stm32cube.ide.mcu.externaltools.gnu-tools-for-stm32.10.3-2021.10.win32_1.0.0.202111181127/tools/bin/../lib/gcc/arm-none-eabi/10.3.1/../../../../arm-none-eabi/lib/thumb/v7-m/nofp\libc_nano.a(lib_a-strncmp.o)
                              ./Core/Src/main.o (strncmp)
[...]
Memory Configuration

Name             Origin             Length             Attributes
RAM              0x0000000020000000 0x0000000000008000 xrw
FLASH            0x0000000008000000 0x0000000000020000 xr
*default*        0x0000000000000000 0xffffffffffffffff

Linker script and memory map

LOAD c:/st/stm32cubeide_1.10.1/stm32cubeide/plugins/com.st.stm32cube.ide.mcu.externaltools.gnu-tools-for-stm32.10.3-2021.10.win32_1.0.0.202111181127/tools/bin/../lib/gcc/arm-none-eabi/10.3.1/thumb/v7-m/nofp/crti.o
LOAD c:/st/stm32cubeide_1.10.1/stm32cubeide/plugins/com.st.stm32cube.ide.mcu.externaltools.gnu-tools-for-stm32.10.3-2021.10.win32_1.0.0.202111181127/tools/bin/../lib/gcc/arm-none-eabi/10.3.1/thumb/v7-m/nofp/crtbegin.o
LOAD c:/st/stm32cubeide_1.10.1/stm32cubeide/plugins/com.st.stm32cube.ide.mcu.externaltools.gnu-tools-for-stm32.10.3-2021.10.win32_1.0.0.202111181127/tools/bin/../lib/gcc/arm-none-eabi/10.3.1/../../../../arm-none-eabi/lib/thumb/v7-m/nofp/crt0.o
LOAD ./Core/Src/main.o
LOAD ./Core/Src/stm32l1xx_hal_msp.o
LOAD ./Core/Src/stm32l1xx_it.o
LOAD ./Core/Src/syscalls.o
LOAD ./Core/Src/sysmem.o
LOAD ./Core/Src/system_stm32l1xx.o
LOAD ./Core/Startup/startup_stm32l152rbtxa.o
LOAD ./Drivers/STM32L1xx_HAL_Driver/Src/stm32l1xx_hal.o
LOAD ./Drivers/STM32L1xx_HAL_Driver/Src/stm32l1xx_hal_adc.o
LOAD ./Drivers/STM32L1xx_HAL_Driver/Src/stm32l1xx_hal_adc_ex.o
LOAD ./Drivers/STM32L1xx_HAL_Driver/Src/stm32l1xx_hal_cortex.o
LOAD ./Drivers/STM32L1xx_HAL_Driver/Src/stm32l1xx_hal_dac.o
LOAD ./Drivers/STM32L1xx_HAL_Driver/Src/stm32l1xx_hal_dac_ex.o
LOAD ./Drivers/STM32L1xx_HAL_Driver/Src/stm32l1xx_hal_dma.o
LOAD ./Drivers/STM32L1xx_HAL_Driver/Src/stm32l1xx_hal_exti.o
LOAD ./Drivers/STM32L1xx_HAL_Driver/Src/stm32l1xx_hal_flash.o
LOAD ./Drivers/STM32L1xx_HAL_Driver/Src/stm32l1xx_hal_flash_ex.o
LOAD ./Drivers/STM32L1xx_HAL_Driver/Src/stm32l1xx_hal_flash_ramfunc.o
LOAD ./Drivers/STM32L1xx_HAL_Driver/Src/stm32l1xx_hal_gpio.o
LOAD ./Drivers/STM32L1xx_HAL_Driver/Src/stm32l1xx_hal_i2c.o
LOAD ./Drivers/STM32L1xx_HAL_Driver/Src/stm32l1xx_hal_pcd.o
LOAD ./Drivers/STM32L1xx_HAL_Driver/Src/stm32l1xx_hal_pcd_ex.o
LOAD ./Drivers/STM32L1xx_HAL_Driver/Src/stm32l1xx_hal_pwr.o
LOAD ./Drivers/STM32L1xx_HAL_Driver/Src/stm32l1xx_hal_pwr_ex.o
LOAD ./Drivers/STM32L1xx_HAL_Driver/Src/stm32l1xx_hal_rcc.o
LOAD ./Drivers/STM32L1xx_HAL_Driver/Src/stm32l1xx_hal_rcc_ex.o
LOAD ./Drivers/STM32L1xx_HAL_Driver/Src/stm32l1xx_hal_tim.o
LOAD ./Drivers/STM32L1xx_HAL_Driver/Src/stm32l1xx_hal_tim_ex.o
LOAD ./Drivers/STM32L1xx_HAL_Driver/Src/stm32l1xx_hal_uart.o
LOAD ./Drivers/STM32L1xx_HAL_Driver/Src/stm32l1xx_ll_usb.o
LOAD ./Middlewares/ST/STM32_USB_Device_Library/Class/CDC/Src/usbd_cdc.o
LOAD ./Middlewares/ST/STM32_USB_Device_Library/Core/Src/usbd_core.o
LOAD ./Middlewares/ST/STM32_USB_Device_Library/Core/Src/usbd_ctlreq.o
LOAD ./Middlewares/ST/STM32_USB_Device_Library/Core/Src/usbd_ioreq.o
LOAD ./USB_DEVICE/App/usb_device.o
LOAD ./USB_DEVICE/App/usbd_cdc_if.o
LOAD ./USB_DEVICE/App/usbd_desc.o
LOAD ./USB_DEVICE/Target/usbd_conf.o
START GROUP
LOAD c:/st/stm32cubeide_1.10.1/stm32cubeide/plugins/com.st.stm32cube.ide.mcu.externaltools.gnu-tools-for-stm32.10.3-2021.10.win32_1.0.0.202111181127/tools/bin/../lib/gcc/arm-none-eabi/10.3.1/../../../../arm-none-eabi/lib/thumb/v7-m/nofp\libc_nano.a
LOAD c:/st/stm32cubeide_1.10.1/stm32cubeide/plugins/com.st.stm32cube.ide.mcu.externaltools.gnu-tools-for-stm32.10.3-2021.10.win32_1.0.0.202111181127/tools/bin/../lib/gcc/arm-none-eabi/10.3.1/../../../../arm-none-eabi/lib/thumb/v7-m/nofp\libm.a
END GROUP
START GROUP
LOAD c:/st/stm32cubeide_1.10.1/stm32cubeide/plugins/com.st.stm32cube.ide.mcu.externaltools.gnu-tools-for-stm32.10.3-2021.10.win32_1.0.0.202111181127/tools/bin/../lib/gcc/arm-none-eabi/10.3.1/thumb/v7-m/nofp\libgcc.a
LOAD c:/st/stm32cubeide_1.10.1/stm32cubeide/plugins/com.st.stm32cube.ide.mcu.externaltools.gnu-tools-for-stm32.10.3-2021.10.win32_1.0.0.202111181127/tools/bin/../lib/gcc/arm-none-eabi/10.3.1/../../../../arm-none-eabi/lib/thumb/v7-m/nofp\libc_nano.a
END GROUP
START GROUP
LOAD c:/st/stm32cubeide_1.10.1/stm32cubeide/plugins/com.st.stm32cube.ide.mcu.externaltools.gnu-tools-for-stm32.10.3-2021.10.win32_1.0.0.202111181127/tools/bin/../lib/gcc/arm-none-eabi/10.3.1/thumb/v7-m/nofp\libgcc.a
LOAD c:/st/stm32cubeide_1.10.1/stm32cubeide/plugins/com.st.stm32cube.ide.mcu.externaltools.gnu-tools-for-stm32.10.3-2021.10.win32_1.0.0.202111181127/tools/bin/../lib/gcc/arm-none-eabi/10.3.1/../../../../arm-none-eabi/lib/thumb/v7-m/nofp\libc_nano.a
LOAD c:/st/stm32cubeide_1.10.1/stm32cubeide/plugins/com.st.stm32cube.ide.mcu.externaltools.gnu-tools-for-stm32.10.3-2021.10.win32_1.0.0.202111181127/tools/bin/../lib/gcc/arm-none-eabi/10.3.1/../../../../arm-none-eabi/lib/thumb/v7-m/nofp\libnosys.a
END GROUP
START GROUP
LOAD c:/st/stm32cubeide_1.10.1/stm32cubeide/plugins/com.st.stm32cube.ide.mcu.externaltools.gnu-tools-for-stm32.10.3-2021.10.win32_1.0.0.202111181127/tools/bin/../lib/gcc/arm-none-eabi/10.3.1/thumb/v7-m/nofp\libgcc.a
LOAD c:/st/stm32cubeide_1.10.1/stm32cubeide/plugins/com.st.stm32cube.ide.mcu.externaltools.gnu-tools-for-stm32.10.3-2021.10.win32_1.0.0.202111181127/tools/bin/../lib/gcc/arm-none-eabi/10.3.1/../../../../arm-none-eabi/lib/thumb/v7-m/nofp\libc_nano.a
LOAD c:/st/stm32cubeide_1.10.1/stm32cubeide/plugins/com.st.stm32cube.ide.mcu.externaltools.gnu-tools-for-stm32.10.3-2021.10.win32_1.0.0.202111181127/tools/bin/../lib/gcc/arm-none-eabi/10.3.1/../../../../arm-none-eabi/lib/thumb/v7-m/nofp\libnosys.a
END GROUP
LOAD c:/st/stm32cubeide_1.10.1/stm32cubeide/plugins/com.st.stm32cube.ide.mcu.externaltools.gnu-tools-for-stm32.10.3-2021.10.win32_1.0.0.202111181127/tools/bin/../lib/gcc/arm-none-eabi/10.3.1/thumb/v7-m/nofp/crtend.o
LOAD c:/st/stm32cubeide_1.10.1/stm32cubeide/plugins/com.st.stm32cube.ide.mcu.externaltools.gnu-tools-for-stm32.10.3-2021.10.win32_1.0.0.202111181127/tools/bin/../lib/gcc/arm-none-eabi/10.3.1/thumb/v7-m/nofp/crtn.o
                0x0000000020008000                _estack = (ORIGIN (RAM) + LENGTH (RAM))
                0x0000000000001000                _Min_Heap_Size = 0x1000
                0x0000000000002000                _Min_Stack_Size = 0x2000

.isr_vector     0x0000000008000000      0x13c
                0x0000000008000000                . = ALIGN (0x4)
 *(.isr_vector)
 .isr_vector    0x0000000008000000      0x13c ./Core/Startup/startup_stm32l152rbtxa.o
                0x0000000008000000                g_pfnVectors
                0x000000000800013c                . = ALIGN (0x4)

.text           0x0000000008000140    0x1163c
                0x0000000008000140                . = ALIGN (0x4)
 *(.text)
 .text          0x0000000008000140       0x40 c:/st/stm32cubeide_1.10.1/stm32cubeide/plugins/com.st.stm32cube.ide.mcu.externaltools.gnu-tools-for-stm32.10.3-2021.10.win32_1.0.0.202111181127/tools/bin/../lib/gcc/arm-none-eabi/10.3.1/thumb/v7-m/nofp/crtbegin.o
 .text          0x0000000008000180       0x10 c:/st/stm32cubeide_1.10.1/stm32cubeide/plugins/com.st.stm32cube.ide.mcu.externaltools.gnu-tools-for-stm32.10.3-2021.10.win32_1.0.0.202111181127/tools/bin/../lib/gcc/arm-none-eabi/10.3.1/../../../../arm-none-eabi/lib/thumb/v7-m/nofp\libc_nano.a(lib_a-strlen.o)
                0x0000000008000180                strlen
 .text          0x0000000008000190      0x378 c:/st/stm32cubeide_1.10.1/stm32cubeide/plugins/com.st.stm32cube.ide.mcu.externaltools.gnu-tools-for-stm32.10.3-2021.10.win32_1.0.0.202111181127/tools/bin/../lib/gcc/arm-none-eabi/10.3.1/thumb/v7-m/nofp\libgcc.a(_arm_addsubdf3.o)
                0x0000000008000190                __aeabi_drsub
                0x0000000008000198                __aeabi_dsub
                0x0000000008000198                __subdf3
                0x000000000800019c                __aeabi_dadd
                0x000000000800019c                __adddf3
                0x0000000008000414                __floatunsidf
                0x0000000008000414                __aeabi_ui2d
                0x0000000008000434                __floatsidf
                0x0000000008000434                __aeabi_i2d
                0x0000000008000458                __aeabi_f2d
                0x0000000008000458                __extendsfdf2
                0x000000000800049c                __floatundidf
                0x000000000800049c                __aeabi_ul2d
                0x00000000080004ac                __floatdidf
                0x00000000080004ac                __aeabi_l2d
 .text          0x0000000008000508      0x424 c:/st/stm32cubeide_1.10.1/stm32cubeide/plugins/com.st.stm32cube.ide.mcu.externaltools.gnu-tools-for-stm32.10.3-2021.10.win32_1.0.0.202111181127/tools/bin/../lib/gcc/arm-none-eabi/10.3.1/thumb/v7-m/nofp\libgcc.a(_arm_muldivdf3.o)
                0x0000000008000508                __aeabi_dmul
                0x0000000008000508                __muldf3
                0x000000000800075c                __divdf3
                0x000000000800075c                __aeabi_ddiv
 .text          0x000000000800092c      0x110 c:/st/stm32cubeide_1.10.1/stm32cubeide/plugins/com.st.stm32cube.ide.mcu.externaltools.gnu-tools-for-stm32.10.3-2021.10.win32_1.0.0.202111181127/tools/bin/../lib/gcc/arm-none-eabi/10.3.1/thumb/v7-m/nofp\libgcc.a(_arm_cmpdf2.o)
                0x000000000800092c                __gtdf2
                0x000000000800092c                __gedf2
                0x0000000008000934                __ltdf2
                0x0000000008000934                __ledf2
                0x000000000800093c                __nedf2
                0x000000000800093c                __eqdf2
                0x000000000800093c                __cmpdf2
                0x00000000080009b8                __aeabi_cdrcmple
                0x00000000080009c8                __aeabi_cdcmpeq
                0x00000000080009c8                __aeabi_cdcmple
                0x00000000080009d8                __aeabi_dcmpeq
                0x00000000080009ec                __aeabi_dcmplt
                0x0000000008000a00                __aeabi_dcmple
                0x0000000008000a14                __aeabi_dcmpge
                0x0000000008000a28                __aeabi_dcmpgt
 .text          0x0000000008000a3c       0x2c c:/st/stm32cubeide_1.10.1/stm32cubeide/plugins/com.st.stm32cube.ide.mcu.externaltools.gnu-tools-for-stm32.10.3-2021.10.win32_1.0.0.202111181127/tools/bin/../lib/gcc/arm-none-eabi/10.3.1/thumb/v7-m/nofp\libgcc.a(_arm_unorddf2.o)
                0x0000000008000a3c                __unorddf2
                0x0000000008000a3c                __aeabi_dcmpun
 .text          0x0000000008000a68       0x50 c:/st/stm32cubeide_1.10.1/stm32cubeide/plugins/com.st.stm32cube.ide.mcu.externaltools.gnu-tools-for-stm32.10.3-2021.10.win32_1.0.0.202111181127/tools/bin/../lib/gcc/arm-none-eabi/10.3.1/thumb/v7-m/nofp\libgcc.a(_arm_fixdfsi.o)
                0x0000000008000a68                __aeabi_d2iz
                0x0000000008000a68                __fixdfsi
 .text          0x0000000008000ab8       0x40 c:/st/stm32cubeide_1.10.1/stm32cubeide/plugins/com.st.stm32cube.ide.mcu.externaltools.gnu-tools-for-stm32.10.3-2021.10.win32_1.0.0.202111181127/tools/bin/../lib/gcc/arm-none-eabi/10.3.1/thumb/v7-m/nofp\libgcc.a(_arm_fixunsdfsi.o)
                0x0000000008000ab8                __aeabi_d2uiz
                0x0000000008000ab8                __fixunsdfsi
 .text          0x0000000008000af8       0xa0 c:/st/stm32cubeide_1.10.1/stm32cubeide/plugins/com.st.stm32cube.ide.mcu.externaltools.gnu-tools-for-stm32.10.3-2021.10.win32_1.0.0.202111181127/tools/bin/../lib/gcc/arm-none-eabi/10.3.1/thumb/v7-m/nofp\libgcc.a(_arm_truncdfsf2.o)
                0x0000000008000af8                __truncdfsf2
                0x0000000008000af8                __aeabi_d2f
 .text          0x0000000008000b98      0x21c c:/st/stm32cubeide_1.10.1/stm32cubeide/plugins/com.st.stm32cube.ide.mcu.externaltools.gnu-tools-for-stm32.10.3-2021.10.win32_1.0.0.202111181127/tools/bin/../lib/gcc/arm-none-eabi/10.3.1/thumb/v7-m/nofp\libgcc.a(_arm_addsubsf3.o)
                0x0000000008000b98                __aeabi_frsub
                0x0000000008000ba0                __subsf3
                0x0000000008000ba0                __aeabi_fsub
                0x0000000008000ba4                __aeabi_fadd
                0x0000000008000ba4                __addsf3
                0x0000000008000d04                __aeabi_ui2f
                0x0000000008000d04                __floatunsisf
                0x0000000008000d0c                __aeabi_i2f
                0x0000000008000d0c                __floatsisf
                0x0000000008000d28                __aeabi_ul2f
                0x0000000008000d28                __floatundisf
                0x0000000008000d38                __aeabi_l2f
                0x0000000008000d38                __floatdisf
 .text          0x0000000008000db4      0x2a0 c:/st/stm32cubeide_1.10.1/stm32cubeide/plugins/com.st.stm32cube.ide.mcu.externaltools.gnu-tools-for-stm32.10.3-2021.10.win32_1.0.0.202111181127/tools/bin/../lib/gcc/arm-none-eabi/10.3.1/thumb/v7-m/nofp\libgcc.a(_arm_muldivsf3.o)
                0x0000000008000db4                __mulsf3
                0x0000000008000db4                __aeabi_fmul
                0x0000000008000f1c                __aeabi_fdiv
                0x0000000008000f1c                __divsf3
 .text          0x0000000008001054       0xec c:/st/stm32cubeide_1.10.1/stm32cubeide/plugins/com.st.stm32cube.ide.mcu.externaltools.gnu-tools-for-stm32.10.3-2021.10.win32_1.0.0.202111181127/tools/bin/../lib/gcc/arm-none-eabi/10.3.1/thumb/v7-m/nofp\libgcc.a(_arm_cmpsf2.o)
                0x0000000008001054                __gesf2
                0x0000000008001054                __gtsf2
                0x000000000800105c                __lesf2
                0x000000000800105c                __ltsf2
                0x0000000008001064                __nesf2
                0x0000000008001064                __eqsf2
                0x0000000008001064                __cmpsf2
                0x00000000080010c4                __aeabi_cfrcmple
                0x00000000080010cc                __aeabi_cfcmpeq
                0x00000000080010cc                __aeabi_cfcmple
                0x00000000080010dc                __aeabi_fcmpeq
                0x00000000080010f0                __aeabi_fcmplt
                0x0000000008001104                __aeabi_fcmple
                0x0000000008001118                __aeabi_fcmpge
                0x000000000800112c                __aeabi_fcmpgt
 .text          0x0000000008001140       0x4c c:/st/stm32cubeide_1.10.1/stm32cubeide/plugins/com.st.stm32cube.ide.mcu.externaltools.gnu-tools-for-stm32.10.3-2021.10.win32_1.0.0.202111181127/tools/bin/../lib/gcc/arm-none-eabi/10.3.1/thumb/v7-m/nofp\libgcc.a(_arm_fixsfsi.o)
                0x0000000008001140                __aeabi_f2iz
                0x0000000008001140                __fixsfsi
 .text          0x000000000800118c       0x40 c:/st/stm32cubeide_1.10.1/stm32cubeide/plugins/com.st.stm32cube.ide.mcu.externaltools.gnu-tools-for-stm32.10.3-2021.10.win32_1.0.0.202111181127/tools/bin/../lib/gcc/arm-none-eabi/10.3.1/thumb/v7-m/nofp\libgcc.a(_arm_fixunssfsi.o)
                0x000000000800118c                __fixunssfsi
                0x000000000800118c                __aeabi_f2uiz
 .text          0x00000000080011cc       0x30 c:/st/stm32cubeide_1.10.1/stm32cubeide/plugins/com.st.stm32cube.ide.mcu.externaltools.gnu-tools-for-stm32.10.3-2021.10.win32_1.0.0.202111181127/tools/bin/../lib/gcc/arm-none-eabi/10.3.1/thumb/v7-m/nofp\libgcc.a(_aeabi_uldivmod.o)
                0x00000000080011cc                __aeabi_uldivmod
 .text          0x00000000080011fc       0x34 c:/st/stm32cubeide_1.10.1/stm32cubeide/plugins/com.st.stm32cube.ide.mcu.externaltools.gnu-tools-for-stm32.10.3-2021.10.win32_1.0.0.202111181127/tools/bin/../lib/gcc/arm-none-eabi/10.3.1/thumb/v7-m/nofp\libgcc.a(_fixdfdi.o)
                0x00000000080011fc                __fixdfdi
                0x00000000080011fc                __aeabi_d2lz
 .text          0x0000000008001230       0x3c c:/st/stm32cubeide_1.10.1/stm32cubeide/plugins/com.st.stm32cube.ide.mcu.externaltools.gnu-tools-for-stm32.10.3-2021.10.win32_1.0.0.202111181127/tools/bin/../lib/gcc/arm-none-eabi/10.3.1/thumb/v7-m/nofp\libgcc.a(_fixunsdfdi.o)
                0x0000000008001230                __fixunsdfdi
                0x0000000008001230                __aeabi_d2ulz
 .text          0x000000000800126c      0x2d4 c:/st/stm32cubeide_1.10.1/stm32cubeide/plugins/com.st.stm32cube.ide.mcu.externaltools.gnu-tools-for-stm32.10.3-2021.10.win32_1.0.0.202111181127/tools/bin/../lib/gcc/arm-none-eabi/10.3.1/thumb/v7-m/nofp\libgcc.a(_udivmoddi4.o)
                0x000000000800126c                __udivmoddi4
 .text          0x0000000008001540        0x4 c:/st/stm32cubeide_1.10.1/stm32cubeide/plugins/com.st.stm32cube.ide.mcu.externaltools.gnu-tools-for-stm32.10.3-2021.10.win32_1.0.0.202111181127/tools/bin/../lib/gcc/arm-none-eabi/10.3.1/thumb/v7-m/nofp\libgcc.a(_dvmd_tls.o)
                0x0000000008001540                __aeabi_idiv0
                0x0000000008001540                __aeabi_ldiv0
 *(.text*)
 .text.MX_ADC_Init
                0x0000000008001544      0x114 ./Core/Src/main.o
 .text.update_keypad.part.0
                0x0000000008001658      0x1c4 ./Core/Src/main.o
 .text.update_keypad.constprop.0
                0x000000000800181c       0x4c ./Core/Src/main.o
 .text.SystemClock_Config
                0x0000000008001868       0x94 ./Core/Src/main.o
                0x0000000008001868                SystemClock_Config
 .text.EXTI1_IRQHandler
                0x00000000080018fc       0x7c ./Core/Src/main.o
                0x00000000080018fc                EXTI1_IRQHandler
 .text.update_ADC_watchdog
                0x0000000008001978       0x9c ./Core/Src/main.o
                0x0000000008001978                update_ADC_watchdog
 .text.lcd_createChar
                0x0000000008001a14       0xd0 ./Core/Src/main.o
                0x0000000008001a14                lcd_createChar
 .text.lcd_init
                0x0000000008001ae4       0xe8 ./Core/Src/main.o
                0x0000000008001ae4                lcd_init
 .text.ourInit  0x0000000008001bcc      0x220 ./Core/Src/main.o
                0x0000000008001bcc                ourInit
 *fill*         0x0000000008001dec        0x4 
 .text.startup.main
                0x0000000008001df0      0xf84 ./Core/Src/main.o
                0x0000000008001df0                main
 .text.lcd_psu_init
                0x0000000008002d74      0x460 ./Core/Src/main.o
                0x0000000008002d74                lcd_psu_init
 .text.lcd_update_voltage
                0x00000000080031d4      0x360 ./Core/Src/main.o
                0x00000000080031d4                lcd_update_voltage
 .text.lcd_update_amperage
                0x0000000008003534      0x360 ./Core/Src/main.o
                0x0000000008003534                lcd_update_amperage
 .text.lcd_psu_update
                0x0000000008003894      0x9e8 ./Core/Src/main.o
                0x0000000008003894                lcd_psu_update
 .text.translate_keypad
                0x000000000800427c      0x2f4 ./Core/Src/main.o
                0x000000000800427c                translate_keypad
 .text.fill_keypad
                0x0000000008004570      0x1e8 ./Core/Src/main.o
                0x0000000008004570                fill_keypad
 .text.inc_arr_v
                0x0000000008004758      0x14c ./Core/Src/main.o
                0x0000000008004758                inc_arr_v
 .text.inc_arr_a
                0x00000000080048a4      0x114 ./Core/Src/main.o
                0x00000000080048a4                inc_arr_a
 .text.dec_arr_v
                0x00000000080049b8      0x128 ./Core/Src/main.o
                0x00000000080049b8                dec_arr_v
 .text.dec_arr_a
                0x0000000008004ae0      0x124 ./Core/Src/main.o
                0x0000000008004ae0                dec_arr_a
 *fill*         0x0000000008004c04        0x4 
 .text.keypad_sm
                0x0000000008004c08     0x25dc ./Core/Src/main.o
                0x0000000008004c08                keypad_sm
 .text.row_input
                0x00000000080071e4       0xf4 ./Core/Src/main.o
                0x00000000080071e4                row_input
 .text.column_input
                0x00000000080072d8       0xc0 ./Core/Src/main.o
                0x00000000080072d8                column_input
 .text.HAL_GPIO_EXTI_Callback
                0x0000000008007398       0xa8 ./Core/Src/main.o
                0x0000000008007398                HAL_GPIO_EXTI_Callback
 .text.HAL_TIM_PeriodElapsedCallback
                0x0000000008007440      0x238 ./Core/Src/main.o
                0x0000000008007440                HAL_TIM_PeriodElapsedCallback
 .text.HAL_ADC_ConvHalfCpltCallback
                0x0000000008007678       0x1c ./Core/Src/main.o
                0x0000000008007678                HAL_ADC_ConvHalfCpltCallback
 .text.HAL_ADC_ConvCpltCallback
                0x0000000008007694       0x1c ./Core/Src/main.o
                0x0000000008007694                HAL_ADC_ConvCpltCallback
 .text.HAL_ADC_LevelOutOfWindowCallback
                0x00000000080076b0       0x1c ./Core/Src/main.o
                0x00000000080076b0                HAL_ADC_LevelOutOfWindowCallback
 .text.HAL_UART_RxCpltCallback
                0x00000000080076cc      0x238 ./Core/Src/main.o
                0x00000000080076cc                HAL_UART_RxCpltCallback
 .text.HAL_UART_ErrorCallback
                0x0000000008007904       0x14 ./Core/Src/main.o
                0x0000000008007904                HAL_UART_ErrorCallback
 .text.HAL_UART_TxHalfCpltCallback
                0x0000000008007918       0x28 ./Core/Src/main.o
                0x0000000008007918                HAL_UART_TxHalfCpltCallback
 .text.HAL_UART_TxCpltCallback
                0x0000000008007940       0x5c ./Core/Src/main.o
                0x0000000008007940                HAL_UART_TxCpltCallback
 .text.Error_Handler
                0x000000000800799c        0x4 ./Core/Src/main.o
                0x000000000800799c                Error_Handler
 .text.HAL_MspInit
                0x00000000080079a0       0x44 ./Core/Src/stm32l1xx_hal_msp.o
                0x00000000080079a0                HAL_MspInit
 .text.HAL_ADC_MspInit
                0x00000000080079e4       0xac ./Core/Src/stm32l1xx_hal_msp.o
                0x00000000080079e4                HAL_ADC_MspInit
 .text.HAL_ADC_MspDeInit
                0x0000000008007a90       0x3c ./Core/Src/stm32l1xx_hal_msp.o
                0x0000000008007a90                HAL_ADC_MspDeInit
 .text.HAL_DAC_MspInit
                0x0000000008007acc       0x64 ./Core/Src/stm32l1xx_hal_msp.o
                0x0000000008007acc                HAL_DAC_MspInit
 .text.HAL_I2C_MspInit
                0x0000000008007b30       0x6c ./Core/Src/stm32l1xx_hal_msp.o
                0x0000000008007b30                HAL_I2C_MspInit
 .text.HAL_TIM_Base_MspInit
                0x0000000008007b9c      0x138 ./Core/Src/stm32l1xx_hal_msp.o
                0x0000000008007b9c                HAL_TIM_Base_MspInit
 .text.HAL_UART_MspInit
                0x0000000008007cd4       0xe4 ./Core/Src/stm32l1xx_hal_msp.o
                0x0000000008007cd4                HAL_UART_MspInit
 .text.NMI_Handler
                0x0000000008007db8        0x4 ./Core/Src/stm32l1xx_it.o
                0x0000000008007db8                NMI_Handler
 .text.HardFault_Handler
                0x0000000008007dbc        0x4 ./Core/Src/stm32l1xx_it.o
                0x0000000008007dbc                HardFault_Handler
 .text.MemManage_Handler
                0x0000000008007dc0        0x4 ./Core/Src/stm32l1xx_it.o
                0x0000000008007dc0                MemManage_Handler
 .text.BusFault_Handler
                0x0000000008007dc4        0x4 ./Core/Src/stm32l1xx_it.o
                0x0000000008007dc4                BusFault_Handler
 .text.UsageFault_Handler
                0x0000000008007dc8        0x4 ./Core/Src/stm32l1xx_it.o
                0x0000000008007dc8                UsageFault_Handler
 .text.SVC_Handler
                0x0000000008007dcc        0x4 ./Core/Src/stm32l1xx_it.o
                0x0000000008007dcc                SVC_Handler
 .text.DebugMon_Handler
                0x0000000008007dd0        0x4 ./Core/Src/stm32l1xx_it.o
                0x0000000008007dd0                DebugMon_Handler
 .text.PendSV_Handler
                0x0000000008007dd4        0x4 ./Core/Src/stm32l1xx_it.o
                0x0000000008007dd4                PendSV_Handler
 .text.SysTick_Handler
                0x0000000008007dd8        0x4 ./Core/Src/stm32l1xx_it.o
                0x0000000008007dd8                SysTick_Handler
 .text.EXTI0_IRQHandler
                0x0000000008007ddc        0x8 ./Core/Src/stm32l1xx_it.o
                0x0000000008007ddc                EXTI0_IRQHandler
 .text.EXTI2_IRQHandler
                0x0000000008007de4        0x8 ./Core/Src/stm32l1xx_it.o
                0x0000000008007de4                EXTI2_IRQHandler
 .text.DMA1_Channel1_IRQHandler
                0x0000000008007dec        0xc ./Core/Src/stm32l1xx_it.o
                0x0000000008007dec                DMA1_Channel1_IRQHandler
 .text.DMA1_Channel4_IRQHandler
                0x0000000008007df8        0xc ./Core/Src/stm32l1xx_it.o
                0x0000000008007df8                DMA1_Channel4_IRQHandler
 .text.DMA1_Channel5_IRQHandler
                0x0000000008007e04        0xc ./Core/Src/stm32l1xx_it.o
                0x0000000008007e04                DMA1_Channel5_IRQHandler
 .text.ADC1_IRQHandler
                0x0000000008007e10        0xc ./Core/Src/stm32l1xx_it.o
                0x0000000008007e10                ADC1_IRQHandler
 .text.USB_LP_IRQHandler
                0x0000000008007e1c        0xc ./Core/Src/stm32l1xx_it.o
                0x0000000008007e1c                USB_LP_IRQHandler
 .text.TIM9_IRQHandler
                0x0000000008007e28        0xc ./Core/Src/stm32l1xx_it.o
                0x0000000008007e28                TIM9_IRQHandler
 .text.TIM10_IRQHandler
                0x0000000008007e34        0xc ./Core/Src/stm32l1xx_it.o
                0x0000000008007e34                TIM10_IRQHandler
 .text.TIM11_IRQHandler
                0x0000000008007e40        0xc ./Core/Src/stm32l1xx_it.o
                0x0000000008007e40                TIM11_IRQHandler
 .text.TIM2_IRQHandler
                0x0000000008007e4c        0xc ./Core/Src/stm32l1xx_it.o
                0x0000000008007e4c                TIM2_IRQHandler
 .text.TIM3_IRQHandler
                0x0000000008007e58        0xc ./Core/Src/stm32l1xx_it.o
                0x0000000008007e58                TIM3_IRQHandler
 .text.TIM4_IRQHandler
                0x0000000008007e64        0xc ./Core/Src/stm32l1xx_it.o
                0x0000000008007e64                TIM4_IRQHandler
 .text.USART1_IRQHandler
                0x0000000008007e70        0xc ./Core/Src/stm32l1xx_it.o
                0x0000000008007e70                USART1_IRQHandler
 .text.EXTI15_10_IRQHandler
                0x0000000008007e7c       0x30 ./Core/Src/stm32l1xx_it.o
                0x0000000008007e7c                EXTI15_10_IRQHandler
 .text._getpid  0x0000000008007eac        0x4 ./Core/Src/syscalls.o
                0x0000000008007eac                _getpid
 .text._kill    0x0000000008007eb0       0x14 ./Core/Src/syscalls.o
                0x0000000008007eb0                _kill
 .text._exit    0x0000000008007ec4        0xc ./Core/Src/syscalls.o
                0x0000000008007ec4                _exit
 .text._read    0x0000000008007ed0       0x1c ./Core/Src/syscalls.o
                0x0000000008007ed0                _read
 .text._write   0x0000000008007eec       0x1c ./Core/Src/syscalls.o
                0x0000000008007eec                _write
 .text._close   0x0000000008007f08        0x8 ./Core/Src/syscalls.o
                0x0000000008007f08                _close
 .text._fstat   0x0000000008007f10        0xc ./Core/Src/syscalls.o
                0x0000000008007f10                _fstat
 .text._isatty  0x0000000008007f1c        0x4 ./Core/Src/syscalls.o
                0x0000000008007f1c                _isatty
 .text._lseek   0x0000000008007f20        0x4 ./Core/Src/syscalls.o
                0x0000000008007f20                _lseek
 .text._sbrk    0x0000000008007f24       0x48 ./Core/Src/sysmem.o
                0x0000000008007f24                _sbrk
 .text.SystemInit
                0x0000000008007f6c        0x4 ./Core/Src/system_stm32l1xx.o
                0x0000000008007f6c                SystemInit
 .text.Reset_Handler
                0x0000000008007f70       0x48 ./Core/Startup/startup_stm32l152rbtxa.o
                0x0000000008007f70                Reset_Handler
 .text.Default_Handler
                0x0000000008007fb8        0x2 ./Core/Startup/startup_stm32l152rbtxa.o
                0x0000000008007fb8                RTC_Alarm_IRQHandler
                0x0000000008007fb8                USB_HP_IRQHandler
                0x0000000008007fb8                TIM6_IRQHandler
                0x0000000008007fb8                PVD_IRQHandler
                0x0000000008007fb8                EXTI3_IRQHandler
                0x0000000008007fb8                I2C2_EV_IRQHandler
                0x0000000008007fb8                SPI1_IRQHandler
                0x0000000008007fb8                USB_FS_WKUP_IRQHandler
                0x0000000008007fb8                USART3_IRQHandler
                0x0000000008007fb8                DMA1_Channel7_IRQHandler
                0x0000000008007fb8                LCD_IRQHandler
                0x0000000008007fb8                I2C1_EV_IRQHandler
                0x0000000008007fb8                DMA1_Channel6_IRQHandler
                0x0000000008007fb8                RCC_IRQHandler
                0x0000000008007fb8                Default_Handler
                0x0000000008007fb8                TIM7_IRQHandler
                0x0000000008007fb8                EXTI9_5_IRQHandler
                0x0000000008007fb8                TAMPER_STAMP_IRQHandler
                0x0000000008007fb8                RTC_WKUP_IRQHandler
                0x0000000008007fb8                SPI2_IRQHandler
                0x0000000008007fb8                EXTI4_IRQHandler
                0x0000000008007fb8                DMA1_Channel3_IRQHandler
                0x0000000008007fb8                COMP_IRQHandler
                0x0000000008007fb8                WWDG_IRQHandler
                0x0000000008007fb8                DAC_IRQHandler
                0x0000000008007fb8                USART2_IRQHandler
                0x0000000008007fb8                I2C2_ER_IRQHandler
                0x0000000008007fb8                DMA1_Channel2_IRQHandler
                0x0000000008007fb8                FLASH_IRQHandler
                0x0000000008007fb8                I2C1_ER_IRQHandler
 *fill*         0x0000000008007fba        0x2 
 .text.HAL_InitTick
                0x0000000008007fbc       0x4c ./Drivers/STM32L1xx_HAL_Driver/Src/stm32l1xx_hal.o
                0x0000000008007fbc                HAL_InitTick
 .text.HAL_Init
                0x0000000008008008       0x20 ./Drivers/STM32L1xx_HAL_Driver/Src/stm32l1xx_hal.o
                0x0000000008008008                HAL_Init
 .text.HAL_IncTick
                0x0000000008008028       0x18 ./Drivers/STM32L1xx_HAL_Driver/Src/stm32l1xx_hal.o
                0x0000000008008028                HAL_IncTick
 .text.HAL_GetTick
                0x0000000008008040        0xc ./Drivers/STM32L1xx_HAL_Driver/Src/stm32l1xx_hal.o
                0x0000000008008040                HAL_GetTick
 .text.HAL_Delay
                0x000000000800804c       0x24 ./Drivers/STM32L1xx_HAL_Driver/Src/stm32l1xx_hal.o
                0x000000000800804c                HAL_Delay
 .text.HAL_ADC_Init
                0x0000000008008070      0x1a0 ./Drivers/STM32L1xx_HAL_Driver/Src/stm32l1xx_hal_adc.o
                0x0000000008008070                HAL_ADC_Init
 .text.HAL_ADC_DeInit
                0x0000000008008210      0x11c ./Drivers/STM32L1xx_HAL_Driver/Src/stm32l1xx_hal_adc.o
                0x0000000008008210                HAL_ADC_DeInit
 .text.ADC_DMAConvCplt
                0x000000000800832c       0x60 ./Drivers/STM32L1xx_HAL_Driver/Src/stm32l1xx_hal_adc.o
 .text.ADC_DMAHalfConvCplt
                0x000000000800838c        0xc ./Drivers/STM32L1xx_HAL_Driver/Src/stm32l1xx_hal_adc.o
 .text.HAL_ADC_ErrorCallback
                0x0000000008008398        0x4 ./Drivers/STM32L1xx_HAL_Driver/Src/stm32l1xx_hal_adc.o
                0x0000000008008398                HAL_ADC_ErrorCallback
 .text.ADC_DMAError
                0x000000000800839c       0x1c ./Drivers/STM32L1xx_HAL_Driver/Src/stm32l1xx_hal_adc.o
 .text.HAL_ADC_IRQHandler
                0x00000000080083b8      0x12c ./Drivers/STM32L1xx_HAL_Driver/Src/stm32l1xx_hal_adc.o
                0x00000000080083b8                HAL_ADC_IRQHandler
 .text.HAL_ADC_ConfigChannel
                0x00000000080084e4      0x198 ./Drivers/STM32L1xx_HAL_Driver/Src/stm32l1xx_hal_adc.o
                0x00000000080084e4                HAL_ADC_ConfigChannel
 .text.HAL_ADC_AnalogWDGConfig
                0x000000000800867c       0x5c ./Drivers/STM32L1xx_HAL_Driver/Src/stm32l1xx_hal_adc.o
                0x000000000800867c                HAL_ADC_AnalogWDGConfig
 .text.ADC_Enable
                0x00000000080086d8       0x8c ./Drivers/STM32L1xx_HAL_Driver/Src/stm32l1xx_hal_adc.o
                0x00000000080086d8                ADC_Enable
 .text.HAL_ADC_Start_DMA
                0x0000000008008764       0xbc ./Drivers/STM32L1xx_HAL_Driver/Src/stm32l1xx_hal_adc.o
                0x0000000008008764                HAL_ADC_Start_DMA
 .text.HAL_ADCEx_InjectedConvCpltCallback
                0x0000000008008820        0x4 ./Drivers/STM32L1xx_HAL_Driver/Src/stm32l1xx_hal_adc_ex.o
                0x0000000008008820                HAL_ADCEx_InjectedConvCpltCallback
 .text.HAL_NVIC_SetPriorityGrouping
                0x0000000008008824       0x24 ./Drivers/STM32L1xx_HAL_Driver/Src/stm32l1xx_hal_cortex.o
                0x0000000008008824                HAL_NVIC_SetPriorityGrouping
 .text.HAL_NVIC_SetPriority
                0x0000000008008848       0x7c ./Drivers/STM32L1xx_HAL_Driver/Src/stm32l1xx_hal_cortex.o
                0x0000000008008848                HAL_NVIC_SetPriority
 .text.HAL_NVIC_EnableIRQ
                0x00000000080088c4       0x1c ./Drivers/STM32L1xx_HAL_Driver/Src/stm32l1xx_hal_cortex.o
                0x00000000080088c4                HAL_NVIC_EnableIRQ
 .text.HAL_NVIC_DisableIRQ
                0x00000000080088e0       0x28 ./Drivers/STM32L1xx_HAL_Driver/Src/stm32l1xx_hal_cortex.o
                0x00000000080088e0                HAL_NVIC_DisableIRQ
 .text.HAL_SYSTICK_Config
                0x0000000008008908       0x30 ./Drivers/STM32L1xx_HAL_Driver/Src/stm32l1xx_hal_cortex.o
                0x0000000008008908                HAL_SYSTICK_Config
 .text.HAL_DAC_Init
                0x0000000008008938       0x2c ./Drivers/STM32L1xx_HAL_Driver/Src/stm32l1xx_hal_dac.o
                0x0000000008008938                HAL_DAC_Init
 .text.HAL_DAC_Start
                0x0000000008008964       0x60 ./Drivers/STM32L1xx_HAL_Driver/Src/stm32l1xx_hal_dac.o
                0x0000000008008964                HAL_DAC_Start
 .text.HAL_DAC_SetValue
                0x00000000080089c4       0x2c ./Drivers/STM32L1xx_HAL_Driver/Src/stm32l1xx_hal_dac.o
                0x00000000080089c4                HAL_DAC_SetValue
 .text.HAL_DAC_ConfigChannel
                0x00000000080089f0       0x54 ./Drivers/STM32L1xx_HAL_Driver/Src/stm32l1xx_hal_dac.o
                0x00000000080089f0                HAL_DAC_ConfigChannel
 .text.HAL_DMA_Init
                0x0000000008008a44       0x70 ./Drivers/STM32L1xx_HAL_Driver/Src/stm32l1xx_hal_dma.o
                0x0000000008008a44                HAL_DMA_Init
 .text.HAL_DMA_DeInit
                0x0000000008008ab4       0x5c ./Drivers/STM32L1xx_HAL_Driver/Src/stm32l1xx_hal_dma.o
                0x0000000008008ab4                HAL_DMA_DeInit
 .text.HAL_DMA_Start_IT
                0x0000000008008b10       0x94 ./Drivers/STM32L1xx_HAL_Driver/Src/stm32l1xx_hal_dma.o
                0x0000000008008b10                HAL_DMA_Start_IT
 .text.HAL_DMA_Abort
                0x0000000008008ba4       0x50 ./Drivers/STM32L1xx_HAL_Driver/Src/stm32l1xx_hal_dma.o
                0x0000000008008ba4                HAL_DMA_Abort
 .text.HAL_DMA_Abort_IT
                0x0000000008008bf4       0x50 ./Drivers/STM32L1xx_HAL_Driver/Src/stm32l1xx_hal_dma.o
                0x0000000008008bf4                HAL_DMA_Abort_IT
 .text.HAL_DMA_IRQHandler
                0x0000000008008c44       0x9c ./Drivers/STM32L1xx_HAL_Driver/Src/stm32l1xx_hal_dma.o
                0x0000000008008c44                HAL_DMA_IRQHandler
 .text.HAL_EXTI_SetConfigLine
                0x0000000008008ce0       0xb8 ./Drivers/STM32L1xx_HAL_Driver/Src/stm32l1xx_hal_exti.o
                0x0000000008008ce0                HAL_EXTI_SetConfigLine
 .text.HAL_EXTI_GenerateSWI
                0x0000000008008d98       0x14 ./Drivers/STM32L1xx_HAL_Driver/Src/stm32l1xx_hal_exti.o
                0x0000000008008d98                HAL_EXTI_GenerateSWI
 .text.HAL_GPIO_Init
                0x0000000008008dac      0x1d4 ./Drivers/STM32L1xx_HAL_Driver/Src/stm32l1xx_hal_gpio.o
                0x0000000008008dac                HAL_GPIO_Init
 .text.HAL_GPIO_DeInit
                0x0000000008008f80      0x124 ./Drivers/STM32L1xx_HAL_Driver/Src/stm32l1xx_hal_gpio.o
                0x0000000008008f80                HAL_GPIO_DeInit
 .text.HAL_GPIO_ReadPin
                0x00000000080090a4        0xc ./Drivers/STM32L1xx_HAL_Driver/Src/stm32l1xx_hal_gpio.o
                0x00000000080090a4                HAL_GPIO_ReadPin
 .text.HAL_GPIO_WritePin
                0x00000000080090b0        0x8 ./Drivers/STM32L1xx_HAL_Driver/Src/stm32l1xx_hal_gpio.o
                0x00000000080090b0                HAL_GPIO_WritePin
 .text.HAL_GPIO_TogglePin
                0x00000000080090b8       0x14 ./Drivers/STM32L1xx_HAL_Driver/Src/stm32l1xx_hal_gpio.o
                0x00000000080090b8                HAL_GPIO_TogglePin
 .text.HAL_GPIO_EXTI_IRQHandler
                0x00000000080090cc       0x18 ./Drivers/STM32L1xx_HAL_Driver/Src/stm32l1xx_hal_gpio.o
                0x00000000080090cc                HAL_GPIO_EXTI_IRQHandler
 .text.HAL_I2C_Init
                0x00000000080090e4      0x190 ./Drivers/STM32L1xx_HAL_Driver/Src/stm32l1xx_hal_i2c.o
                0x00000000080090e4                HAL_I2C_Init
 .text.HAL_I2C_Master_Transmit
                0x0000000008009274      0x32c ./Drivers/STM32L1xx_HAL_Driver/Src/stm32l1xx_hal_i2c.o
                0x0000000008009274                HAL_I2C_Master_Transmit
 .text.HAL_PCD_Init
                0x00000000080095a0       0xc4 ./Drivers/STM32L1xx_HAL_Driver/Src/stm32l1xx_hal_pcd.o
                0x00000000080095a0                HAL_PCD_Init
 .text.HAL_PCD_Start
                0x0000000008009664       0x34 ./Drivers/STM32L1xx_HAL_Driver/Src/stm32l1xx_hal_pcd.o
                0x0000000008009664                HAL_PCD_Start
 .text.HAL_PCD_IRQHandler
                0x0000000008009698      0xa88 ./Drivers/STM32L1xx_HAL_Driver/Src/stm32l1xx_hal_pcd.o
                0x0000000008009698                HAL_PCD_IRQHandler
 .text.HAL_PCD_SetAddress
                0x000000000800a120       0x2c ./Drivers/STM32L1xx_HAL_Driver/Src/stm32l1xx_hal_pcd.o
                0x000000000800a120                HAL_PCD_SetAddress
 .text.HAL_PCD_EP_Open
                0x000000000800a14c       0x7c ./Drivers/STM32L1xx_HAL_Driver/Src/stm32l1xx_hal_pcd.o
                0x000000000800a14c                HAL_PCD_EP_Open
 .text.HAL_PCD_EP_Close
                0x000000000800a1c8       0x64 ./Drivers/STM32L1xx_HAL_Driver/Src/stm32l1xx_hal_pcd.o
                0x000000000800a1c8                HAL_PCD_EP_Close
 .text.HAL_PCD_EP_Receive
                0x000000000800a22c       0x30 ./Drivers/STM32L1xx_HAL_Driver/Src/stm32l1xx_hal_pcd.o
                0x000000000800a22c                HAL_PCD_EP_Receive
 .text.HAL_PCD_EP_GetRxCount
                0x000000000800a25c       0x14 ./Drivers/STM32L1xx_HAL_Driver/Src/stm32l1xx_hal_pcd.o
                0x000000000800a25c                HAL_PCD_EP_GetRxCount
 .text.HAL_PCD_EP_Transmit
                0x000000000800a270       0x48 ./Drivers/STM32L1xx_HAL_Driver/Src/stm32l1xx_hal_pcd.o
                0x000000000800a270                HAL_PCD_EP_Transmit
 .text.HAL_PCD_EP_SetStall
                0x000000000800a2b8       0x70 ./Drivers/STM32L1xx_HAL_Driver/Src/stm32l1xx_hal_pcd.o
                0x000000000800a2b8                HAL_PCD_EP_SetStall
 .text.HAL_PCD_EP_ClrStall
                0x000000000800a328       0x78 ./Drivers/STM32L1xx_HAL_Driver/Src/stm32l1xx_hal_pcd.o
                0x000000000800a328                HAL_PCD_EP_ClrStall
 .text.HAL_PCDEx_PMAConfig
                0x000000000800a3a0       0x38 ./Drivers/STM32L1xx_HAL_Driver/Src/stm32l1xx_hal_pcd_ex.o
                0x000000000800a3a0                HAL_PCDEx_PMAConfig
 .text.RCC_SetFlashLatencyFromMSIRange
                0x000000000800a3d8       0x84 ./Drivers/STM32L1xx_HAL_Driver/Src/stm32l1xx_hal_rcc.o
 .text.HAL_RCC_OscConfig
                0x000000000800a45c      0x4c0 ./Drivers/STM32L1xx_HAL_Driver/Src/stm32l1xx_hal_rcc.o
                0x000000000800a45c                HAL_RCC_OscConfig
 .text.HAL_RCC_ClockConfig
                0x000000000800a91c      0x23c ./Drivers/STM32L1xx_HAL_Driver/Src/stm32l1xx_hal_rcc.o
                0x000000000800a91c                HAL_RCC_ClockConfig
 .text.HAL_RCC_GetPCLK1Freq
                0x000000000800ab58       0x20 ./Drivers/STM32L1xx_HAL_Driver/Src/stm32l1xx_hal_rcc.o
                0x000000000800ab58                HAL_RCC_GetPCLK1Freq
 .text.HAL_RCC_GetPCLK2Freq
                0x000000000800ab78       0x20 ./Drivers/STM32L1xx_HAL_Driver/Src/stm32l1xx_hal_rcc.o
                0x000000000800ab78                HAL_RCC_GetPCLK2Freq
 .text.HAL_TIM_Base_Init
                0x000000000800ab98       0xa0 ./Drivers/STM32L1xx_HAL_Driver/Src/stm32l1xx_hal_tim.o
                0x000000000800ab98                HAL_TIM_Base_Init
 .text.HAL_TIM_Base_Start_IT
                0x000000000800ac38       0x58 ./Drivers/STM32L1xx_HAL_Driver/Src/stm32l1xx_hal_tim.o
                0x000000000800ac38                HAL_TIM_Base_Start_IT
 .text.HAL_TIM_Base_Stop_IT
                0x000000000800ac90       0x2c ./Drivers/STM32L1xx_HAL_Driver/Src/stm32l1xx_hal_tim.o
                0x000000000800ac90                HAL_TIM_Base_Stop_IT
 .text.HAL_TIM_ConfigClockSource
                0x000000000800acbc      0x14c ./Drivers/STM32L1xx_HAL_Driver/Src/stm32l1xx_hal_tim.o
                0x000000000800acbc                HAL_TIM_ConfigClockSource
 .text.HAL_TIM_OC_DelayElapsedCallback
                0x000000000800ae08        0x4 ./Drivers/STM32L1xx_HAL_Driver/Src/stm32l1xx_hal_tim.o
                0x000000000800ae08                HAL_TIM_OC_DelayElapsedCallback
 .text.HAL_TIM_IC_CaptureCallback
                0x000000000800ae0c        0x4 ./Drivers/STM32L1xx_HAL_Driver/Src/stm32l1xx_hal_tim.o
                0x000000000800ae0c                HAL_TIM_IC_CaptureCallback
 .text.HAL_TIM_PWM_PulseFinishedCallback
                0x000000000800ae10        0x4 ./Drivers/STM32L1xx_HAL_Driver/Src/stm32l1xx_hal_tim.o
                0x000000000800ae10                HAL_TIM_PWM_PulseFinishedCallback
 .text.HAL_TIM_TriggerCallback
                0x000000000800ae14        0x4 ./Drivers/STM32L1xx_HAL_Driver/Src/stm32l1xx_hal_tim.o
                0x000000000800ae14                HAL_TIM_TriggerCallback
 .text.HAL_TIM_IRQHandler
                0x000000000800ae18      0x118 ./Drivers/STM32L1xx_HAL_Driver/Src/stm32l1xx_hal_tim.o
                0x000000000800ae18                HAL_TIM_IRQHandler
 .text.HAL_TIMEx_MasterConfigSynchronization
                0x000000000800af30       0x64 ./Drivers/STM32L1xx_HAL_Driver/Src/stm32l1xx_hal_tim_ex.o
                0x000000000800af30                HAL_TIMEx_MasterConfigSynchronization
 .text.HAL_UART_Init
                0x000000000800af94      0x114 ./Drivers/STM32L1xx_HAL_Driver/Src/stm32l1xx_hal_uart.o
                0x000000000800af94                HAL_UART_Init
 .text.HAL_UART_Transmit_DMA
                0x000000000800b0a8       0x78 ./Drivers/STM32L1xx_HAL_Driver/Src/stm32l1xx_hal_uart.o
                0x000000000800b0a8                HAL_UART_Transmit_DMA
 .text.HAL_UART_Receive_DMA
                0x000000000800b120       0xa0 ./Drivers/STM32L1xx_HAL_Driver/Src/stm32l1xx_hal_uart.o
                0x000000000800b120                HAL_UART_Receive_DMA
 .text.UART_DMATransmitCplt
                0x000000000800b1c0       0x2c ./Drivers/STM32L1xx_HAL_Driver/Src/stm32l1xx_hal_uart.o
 .text.UART_DMATxHalfCplt
                0x000000000800b1ec        0xc ./Drivers/STM32L1xx_HAL_Driver/Src/stm32l1xx_hal_uart.o
 .text.HAL_UART_RxHalfCpltCallback
                0x000000000800b1f8        0x4 ./Drivers/STM32L1xx_HAL_Driver/Src/stm32l1xx_hal_uart.o
                0x000000000800b1f8                HAL_UART_RxHalfCpltCallback
 .text.UART_DMAError
                0x000000000800b1fc       0x7c ./Drivers/STM32L1xx_HAL_Driver/Src/stm32l1xx_hal_uart.o
 .text.UART_DMAAbortOnError
                0x000000000800b278       0x10 ./Drivers/STM32L1xx_HAL_Driver/Src/stm32l1xx_hal_uart.o
 .text.HAL_UARTEx_RxEventCallback
                0x000000000800b288        0x4 ./Drivers/STM32L1xx_HAL_Driver/Src/stm32l1xx_hal_uart.o
                0x000000000800b288                HAL_UARTEx_RxEventCallback
 .text.UART_DMARxHalfCplt
                0x000000000800b28c       0x1c ./Drivers/STM32L1xx_HAL_Driver/Src/stm32l1xx_hal_uart.o
 .text.UART_DMAReceiveCplt
                0x000000000800b2a8       0x54 ./Drivers/STM32L1xx_HAL_Driver/Src/stm32l1xx_hal_uart.o
 .text.UART_Receive_IT.part.0.isra.0
                0x000000000800b2fc       0xb8 ./Drivers/STM32L1xx_HAL_Driver/Src/stm32l1xx_hal_uart.o
 .text.HAL_UART_IRQHandler
                0x000000000800b3b4      0x25c ./Drivers/STM32L1xx_HAL_Driver/Src/stm32l1xx_hal_uart.o
                0x000000000800b3b4                HAL_UART_IRQHandler
 .text.USB_EnableGlobalInt
                0x000000000800b610       0x14 ./Drivers/STM32L1xx_HAL_Driver/Src/stm32l1xx_ll_usb.o
                0x000000000800b610                USB_EnableGlobalInt
 .text.USB_DisableGlobalInt
                0x000000000800b624       0x14 ./Drivers/STM32L1xx_HAL_Driver/Src/stm32l1xx_ll_usb.o
                0x000000000800b624                USB_DisableGlobalInt
 .text.USB_DevInit
                0x000000000800b638       0x28 ./Drivers/STM32L1xx_HAL_Driver/Src/stm32l1xx_ll_usb.o
                0x000000000800b638                USB_DevInit
 .text.USB_ActivateEndpoint
                0x000000000800b660      0x2e8 ./Drivers/STM32L1xx_HAL_Driver/Src/stm32l1xx_ll_usb.o
                0x000000000800b660                USB_ActivateEndpoint
 .text.USB_DeactivateEndpoint
                0x000000000800b948      0x1c0 ./Drivers/STM32L1xx_HAL_Driver/Src/stm32l1xx_ll_usb.o
                0x000000000800b948                USB_DeactivateEndpoint
 .text.USB_EPStartXfer
                0x000000000800bb08      0x614 ./Drivers/STM32L1xx_HAL_Driver/Src/stm32l1xx_ll_usb.o
                0x000000000800bb08                USB_EPStartXfer
 .text.USB_EPSetStall
                0x000000000800c11c       0x50 ./Drivers/STM32L1xx_HAL_Driver/Src/stm32l1xx_ll_usb.o
                0x000000000800c11c                USB_EPSetStall
 .text.USB_EPClearStall
                0x000000000800c16c       0xa0 ./Drivers/STM32L1xx_HAL_Driver/Src/stm32l1xx_ll_usb.o
                0x000000000800c16c                USB_EPClearStall
 .text.USB_SetDevAddress
                0x000000000800c20c        0xc ./Drivers/STM32L1xx_HAL_Driver/Src/stm32l1xx_ll_usb.o
                0x000000000800c20c                USB_SetDevAddress
 .text.USB_DevConnect
                0x000000000800c218        0x4 ./Drivers/STM32L1xx_HAL_Driver/Src/stm32l1xx_ll_usb.o
                0x000000000800c218                USB_DevConnect
 .text.USB_ReadInterrupts
                0x000000000800c21c        0x8 ./Drivers/STM32L1xx_HAL_Driver/Src/stm32l1xx_ll_usb.o
                0x000000000800c21c                USB_ReadInterrupts
 .text.USB_WritePMA
                0x000000000800c224       0x20 ./Drivers/STM32L1xx_HAL_Driver/Src/stm32l1xx_ll_usb.o
                0x000000000800c224                USB_WritePMA
 .text.USB_ReadPMA
                0x000000000800c244       0x40 ./Drivers/STM32L1xx_HAL_Driver/Src/stm32l1xx_ll_usb.o
                0x000000000800c244                USB_ReadPMA
 .text.USBD_CDC_EP0_RxReady
                0x000000000800c284       0x2c ./Middlewares/ST/STM32_USB_Device_Library/Class/CDC/Src/usbd_cdc.o
 .text.USBD_CDC_GetFSCfgDesc
                0x000000000800c2b0       0x10 ./Middlewares/ST/STM32_USB_Device_Library/Class/CDC/Src/usbd_cdc.o
 .text.USBD_CDC_GetHSCfgDesc
                0x000000000800c2c0       0x10 ./Middlewares/ST/STM32_USB_Device_Library/Class/CDC/Src/usbd_cdc.o
 .text.USBD_CDC_GetOtherSpeedCfgDesc
                0x000000000800c2d0       0x10 ./Middlewares/ST/STM32_USB_Device_Library/Class/CDC/Src/usbd_cdc.o
 .text.USBD_CDC_GetDeviceQualifierDescriptor
                0x000000000800c2e0       0x10 ./Middlewares/ST/STM32_USB_Device_Library/Class/CDC/Src/usbd_cdc.o
                0x000000000800c2e0                USBD_CDC_GetDeviceQualifierDescriptor
 .text.USBD_CDC_DataOut
                0x000000000800c2f0       0x30 ./Middlewares/ST/STM32_USB_Device_Library/Class/CDC/Src/usbd_cdc.o
 .text.USBD_CDC_DataIn
                0x000000000800c320       0x48 ./Middlewares/ST/STM32_USB_Device_Library/Class/CDC/Src/usbd_cdc.o
 .text.USBD_CDC_Setup
                0x000000000800c368       0xc4 ./Middlewares/ST/STM32_USB_Device_Library/Class/CDC/Src/usbd_cdc.o
 .text.USBD_CDC_DeInit
                0x000000000800c42c       0x44 ./Middlewares/ST/STM32_USB_Device_Library/Class/CDC/Src/usbd_cdc.o
 .text.USBD_CDC_Init
                0x000000000800c470       0xa8 ./Middlewares/ST/STM32_USB_Device_Library/Class/CDC/Src/usbd_cdc.o
 .text.USBD_CDC_RegisterInterface
                0x000000000800c518       0x10 ./Middlewares/ST/STM32_USB_Device_Library/Class/CDC/Src/usbd_cdc.o
                0x000000000800c518                USBD_CDC_RegisterInterface
 .text.USBD_CDC_SetTxBuffer
                0x000000000800c528       0x14 ./Middlewares/ST/STM32_USB_Device_Library/Class/CDC/Src/usbd_cdc.o
                0x000000000800c528                USBD_CDC_SetTxBuffer
 .text.USBD_CDC_SetRxBuffer
                0x000000000800c53c       0x10 ./Middlewares/ST/STM32_USB_Device_Library/Class/CDC/Src/usbd_cdc.o
                0x000000000800c53c                USBD_CDC_SetRxBuffer
 .text.USBD_CDC_TransmitPacket
                0x000000000800c54c       0x34 ./Middlewares/ST/STM32_USB_Device_Library/Class/CDC/Src/usbd_cdc.o
                0x000000000800c54c                USBD_CDC_TransmitPacket
 .text.USBD_CDC_ReceivePacket
                0x000000000800c580       0x38 ./Middlewares/ST/STM32_USB_Device_Library/Class/CDC/Src/usbd_cdc.o
                0x000000000800c580                USBD_CDC_ReceivePacket
 .text.USBD_Init
                0x000000000800c5b8       0x2c ./Middlewares/ST/STM32_USB_Device_Library/Core/Src/usbd_core.o
                0x000000000800c5b8                USBD_Init
 .text.USBD_RegisterClass
                0x000000000800c5e4       0x10 ./Middlewares/ST/STM32_USB_Device_Library/Core/Src/usbd_core.o
                0x000000000800c5e4                USBD_RegisterClass
 .text.USBD_Start
                0x000000000800c5f4        0xc ./Middlewares/ST/STM32_USB_Device_Library/Core/Src/usbd_core.o
                0x000000000800c5f4                USBD_Start
 .text.USBD_SetClassConfig
                0x000000000800c600       0x14 ./Middlewares/ST/STM32_USB_Device_Library/Core/Src/usbd_core.o
                0x000000000800c600                USBD_SetClassConfig
 .text.USBD_ClrClassConfig
                0x000000000800c614       0x10 ./Middlewares/ST/STM32_USB_Device_Library/Core/Src/usbd_core.o
                0x000000000800c614                USBD_ClrClassConfig
 .text.USBD_LL_SetupStage
                0x000000000800c624       0x60 ./Middlewares/ST/STM32_USB_Device_Library/Core/Src/usbd_core.o
                0x000000000800c624                USBD_LL_SetupStage
 .text.USBD_LL_DataOutStage
                0x000000000800c684       0x7c ./Middlewares/ST/STM32_USB_Device_Library/Core/Src/usbd_core.o
                0x000000000800c684                USBD_LL_DataOutStage
 .text.USBD_LL_DataInStage
                0x000000000800c700       0xcc ./Middlewares/ST/STM32_USB_Device_Library/Core/Src/usbd_core.o
                0x000000000800c700                USBD_LL_DataInStage
 .text.USBD_LL_Reset
                0x000000000800c7cc       0x50 ./Middlewares/ST/STM32_USB_Device_Library/Core/Src/usbd_core.o
                0x000000000800c7cc                USBD_LL_Reset
 .text.USBD_LL_SetSpeed
                0x000000000800c81c        0x8 ./Middlewares/ST/STM32_USB_Device_Library/Core/Src/usbd_core.o
                0x000000000800c81c                USBD_LL_SetSpeed
 .text.USBD_LL_Suspend
                0x000000000800c824       0x14 ./Middlewares/ST/STM32_USB_Device_Library/Core/Src/usbd_core.o
                0x000000000800c824                USBD_LL_Suspend
 .text.USBD_LL_Resume
                0x000000000800c838       0x10 ./Middlewares/ST/STM32_USB_Device_Library/Core/Src/usbd_core.o
                0x000000000800c838                USBD_LL_Resume
 .text.USBD_LL_SOF
                0x000000000800c848       0x1c ./Middlewares/ST/STM32_USB_Device_Library/Core/Src/usbd_core.o
                0x000000000800c848                USBD_LL_SOF
 .text.USBD_StdDevReq
                0x000000000800c864      0x2f4 ./Middlewares/ST/STM32_USB_Device_Library/Core/Src/usbd_ctlreq.o
                0x000000000800c864                USBD_StdDevReq
 .text.USBD_StdItfReq
                0x000000000800cb58       0x68 ./Middlewares/ST/STM32_USB_Device_Library/Core/Src/usbd_ctlreq.o
                0x000000000800cb58                USBD_StdItfReq
 .text.USBD_StdEPReq
                0x000000000800cbc0      0x138 ./Middlewares/ST/STM32_USB_Device_Library/Core/Src/usbd_ctlreq.o
                0x000000000800cbc0                USBD_StdEPReq
 .text.USBD_ParseSetupRequest
                0x000000000800ccf8       0x28 ./Middlewares/ST/STM32_USB_Device_Library/Core/Src/usbd_ctlreq.o
                0x000000000800ccf8                USBD_ParseSetupRequest
 .text.USBD_CtlError
                0x000000000800cd20       0x18 ./Middlewares/ST/STM32_USB_Device_Library/Core/Src/usbd_ctlreq.o
                0x000000000800cd20                USBD_CtlError
 .text.USBD_GetString
                0x000000000800cd38       0x54 ./Middlewares/ST/STM32_USB_Device_Library/Core/Src/usbd_ctlreq.o
                0x000000000800cd38                USBD_GetString
 .text.USBD_CtlSendData
                0x000000000800cd8c       0x1c ./Middlewares/ST/STM32_USB_Device_Library/Core/Src/usbd_ioreq.o
                0x000000000800cd8c                USBD_CtlSendData
 .text.USBD_CtlContinueSendData
                0x000000000800cda8       0x14 ./Middlewares/ST/STM32_USB_Device_Library/Core/Src/usbd_ioreq.o
                0x000000000800cda8                USBD_CtlContinueSendData
 .text.USBD_CtlPrepareRx
                0x000000000800cdbc       0x1c ./Middlewares/ST/STM32_USB_Device_Library/Core/Src/usbd_ioreq.o
                0x000000000800cdbc                USBD_CtlPrepareRx
 .text.USBD_CtlContinueRx
                0x000000000800cdd8       0x14 ./Middlewares/ST/STM32_USB_Device_Library/Core/Src/usbd_ioreq.o
                0x000000000800cdd8                USBD_CtlContinueRx
 .text.USBD_CtlSendStatus
                0x000000000800cdec       0x18 ./Middlewares/ST/STM32_USB_Device_Library/Core/Src/usbd_ioreq.o
                0x000000000800cdec                USBD_CtlSendStatus
 .text.USBD_CtlReceiveStatus
                0x000000000800ce04       0x18 ./Middlewares/ST/STM32_USB_Device_Library/Core/Src/usbd_ioreq.o
                0x000000000800ce04                USBD_CtlReceiveStatus
 .text.MX_USB_DEVICE_Init
                0x000000000800ce1c       0x74 ./USB_DEVICE/App/usb_device.o
                0x000000000800ce1c                MX_USB_DEVICE_Init
 .text.CDC_DeInit_FS
                0x000000000800ce90        0x4 ./USB_DEVICE/App/usbd_cdc_if.o
 .text.CDC_Control_FS
                0x000000000800ce94        0x4 ./USB_DEVICE/App/usbd_cdc_if.o
 .text.CDC_Receive_FS
                0x000000000800ce98       0x6c ./USB_DEVICE/App/usbd_cdc_if.o
 .text.CDC_Init_FS
                0x000000000800cf04       0x28 ./USB_DEVICE/App/usbd_cdc_if.o
 .text.CDC_Transmit_FS
                0x000000000800cf2c       0x2c ./USB_DEVICE/App/usbd_cdc_if.o
                0x000000000800cf2c                CDC_Transmit_FS
 .text.USBD_FS_DeviceDescriptor
                0x000000000800cf58        0xc ./USB_DEVICE/App/usbd_desc.o
                0x000000000800cf58                USBD_FS_DeviceDescriptor
 .text.USBD_FS_LangIDStrDescriptor
                0x000000000800cf64        0xc ./USB_DEVICE/App/usbd_desc.o
                0x000000000800cf64                USBD_FS_LangIDStrDescriptor
 .text.USBD_FS_ManufacturerStrDescriptor
                0x000000000800cf70       0x1c ./USB_DEVICE/App/usbd_desc.o
                0x000000000800cf70                USBD_FS_ManufacturerStrDescriptor
 .text.USBD_FS_ProductStrDescriptor
                0x000000000800cf8c       0x1c ./USB_DEVICE/App/usbd_desc.o
                0x000000000800cf8c                USBD_FS_ProductStrDescriptor
 .text.USBD_FS_ConfigStrDescriptor
                0x000000000800cfa8       0x1c ./USB_DEVICE/App/usbd_desc.o
                0x000000000800cfa8                USBD_FS_ConfigStrDescriptor
 .text.USBD_FS_InterfaceStrDescriptor
                0x000000000800cfc4       0x1c ./USB_DEVICE/App/usbd_desc.o
                0x000000000800cfc4                USBD_FS_InterfaceStrDescriptor
 .text.USBD_FS_SerialStrDescriptor
                0x000000000800cfe0      0x118 ./USB_DEVICE/App/usbd_desc.o
                0x000000000800cfe0                USBD_FS_SerialStrDescriptor
 .text.HAL_PCDEx_SetConnectionState
                0x000000000800d0f8       0x18 ./USB_DEVICE/Target/usbd_conf.o
                0x000000000800d0f8                HAL_PCDEx_SetConnectionState
 .text.HAL_PCD_MspInit
                0x000000000800d110       0x40 ./USB_DEVICE/Target/usbd_conf.o
                0x000000000800d110                HAL_PCD_MspInit
 .text.HAL_PCD_SetupStageCallback
                0x000000000800d150       0x10 ./USB_DEVICE/Target/usbd_conf.o
                0x000000000800d150                HAL_PCD_SetupStageCallback
 .text.HAL_PCD_DataOutStageCallback
                0x000000000800d160       0x14 ./USB_DEVICE/Target/usbd_conf.o
                0x000000000800d160                HAL_PCD_DataOutStageCallback
 .text.HAL_PCD_DataInStageCallback
                0x000000000800d174       0x14 ./USB_DEVICE/Target/usbd_conf.o
                0x000000000800d174                HAL_PCD_DataInStageCallback
 .text.HAL_PCD_SOFCallback
                0x000000000800d188        0x8 ./USB_DEVICE/Target/usbd_conf.o
                0x000000000800d188                HAL_PCD_SOFCallback
 .text.HAL_PCD_ResetCallback
                0x000000000800d190       0x24 ./USB_DEVICE/Target/usbd_conf.o
                0x000000000800d190                HAL_PCD_ResetCallback
 .text.HAL_PCD_SuspendCallback
                0x000000000800d1b4       0x20 ./USB_DEVICE/Target/usbd_conf.o
                0x000000000800d1b4                HAL_PCD_SuspendCallback
 .text.HAL_PCD_ResumeCallback
                0x000000000800d1d4        0x8 ./USB_DEVICE/Target/usbd_conf.o
                0x000000000800d1d4                HAL_PCD_ResumeCallback
 .text.USBD_LL_Init
                0x000000000800d1dc       0x88 ./USB_DEVICE/Target/usbd_conf.o
                0x000000000800d1dc                USBD_LL_Init
 .text.USBD_LL_Start
                0x000000000800d264       0x1c ./USB_DEVICE/Target/usbd_conf.o
                0x000000000800d264                USBD_LL_Start
 .text.USBD_LL_OpenEP
                0x000000000800d280       0x20 ./USB_DEVICE/Target/usbd_conf.o
                0x000000000800d280                USBD_LL_OpenEP
 .text.USBD_LL_CloseEP
                0x000000000800d2a0       0x1c ./USB_DEVICE/Target/usbd_conf.o
                0x000000000800d2a0                USBD_LL_CloseEP
 .text.USBD_LL_StallEP
                0x000000000800d2bc       0x1c ./USB_DEVICE/Target/usbd_conf.o
                0x000000000800d2bc                USBD_LL_StallEP
 .text.USBD_LL_ClearStallEP
                0x000000000800d2d8       0x1c ./USB_DEVICE/Target/usbd_conf.o
                0x000000000800d2d8                USBD_LL_ClearStallEP
 .text.USBD_LL_IsStallEP
                0x000000000800d2f4       0x28 ./USB_DEVICE/Target/usbd_conf.o
                0x000000000800d2f4                USBD_LL_IsStallEP
 .text.USBD_LL_SetUSBAddress
                0x000000000800d31c       0x1c ./USB_DEVICE/Target/usbd_conf.o
                0x000000000800d31c                USBD_LL_SetUSBAddress
 .text.USBD_LL_Transmit
                0x000000000800d338       0x1c ./USB_DEVICE/Target/usbd_conf.o
                0x000000000800d338                USBD_LL_Transmit
 .text.USBD_LL_PrepareReceive
                0x000000000800d354       0x1c ./USB_DEVICE/Target/usbd_conf.o
                0x000000000800d354                USBD_LL_PrepareReceive
 .text.USBD_LL_GetRxDataSize
                0x000000000800d370        0x8 ./USB_DEVICE/Target/usbd_conf.o
                0x000000000800d370                USBD_LL_GetRxDataSize
 .text.USBD_static_malloc
                0x000000000800d378        0x8 ./USB_DEVICE/Target/usbd_conf.o
                0x000000000800d378                USBD_static_malloc
 .text.USBD_static_free
                0x000000000800d380        0x4 ./USB_DEVICE/Target/usbd_conf.o
                0x000000000800d380                USBD_static_free
 .text.atof     0x000000000800d384        0x6 c:/st/stm32cubeide_1.10.1/stm32cubeide/plugins/com.st.stm32cube.ide.mcu.externaltools.gnu-tools-for-stm32.10.3-2021.10.win32_1.0.0.202111181127/tools/bin/../lib/gcc/arm-none-eabi/10.3.1/../../../../arm-none-eabi/lib/thumb/v7-m/nofp\libc_nano.a(lib_a-atof.o)
                0x000000000800d384                atof
 *fill*         0x000000000800d38a        0x2 
 .text.__errno  0x000000000800d38c        0xc c:/st/stm32cubeide_1.10.1/stm32cubeide/plugins/com.st.stm32cube.ide.mcu.externaltools.gnu-tools-for-stm32.10.3-2021.10.win32_1.0.0.202111181127/tools/bin/../lib/gcc/arm-none-eabi/10.3.1/../../../../arm-none-eabi/lib/thumb/v7-m/nofp\libc_nano.a(lib_a-errno.o)
                0x000000000800d38c                __errno
 .text.__libc_init_array
                0x000000000800d398       0x48 c:/st/stm32cubeide_1.10.1/stm32cubeide/plugins/com.st.stm32cube.ide.mcu.externaltools.gnu-tools-for-stm32.10.3-2021.10.win32_1.0.0.202111181127/tools/bin/../lib/gcc/arm-none-eabi/10.3.1/../../../../arm-none-eabi/lib/thumb/v7-m/nofp\libc_nano.a(lib_a-init.o)
                0x000000000800d398                __libc_init_array
 .text.memset   0x000000000800d3e0       0x10 c:/st/stm32cubeide_1.10.1/stm32cubeide/plugins/com.st.stm32cube.ide.mcu.externaltools.gnu-tools-for-stm32.10.3-2021.10.win32_1.0.0.202111181127/tools/bin/../lib/gcc/arm-none-eabi/10.3.1/../../../../arm-none-eabi/lib/thumb/v7-m/nofp\libc_nano.a(lib_a-memset.o)
                0x000000000800d3e0                memset
 .text.__cvt    0x000000000800d3f0       0xbe c:/st/stm32cubeide_1.10.1/stm32cubeide/plugins/com.st.stm32cube.ide.mcu.externaltools.gnu-tools-for-stm32.10.3-2021.10.win32_1.0.0.202111181127/tools/bin/../lib/gcc/arm-none-eabi/10.3.1/../../../../arm-none-eabi/lib/thumb/v7-m/nofp\libc_nano.a(lib_a-nano-vfprintf_float.o)
                0x000000000800d3f0                __cvt
 .text.__exponent
                0x000000000800d4ae       0x7c c:/st/stm32cubeide_1.10.1/stm32cubeide/plugins/com.st.stm32cube.ide.mcu.externaltools.gnu-tools-for-stm32.10.3-2021.10.win32_1.0.0.202111181127/tools/bin/../lib/gcc/arm-none-eabi/10.3.1/../../../../arm-none-eabi/lib/thumb/v7-m/nofp\libc_nano.a(lib_a-nano-vfprintf_float.o)
                0x000000000800d4ae                __exponent
 *fill*         0x000000000800d52a        0x2 
 .text._printf_float
                0x000000000800d52c      0x458 c:/st/stm32cubeide_1.10.1/stm32cubeide/plugins/com.st.stm32cube.ide.mcu.externaltools.gnu-tools-for-stm32.10.3-2021.10.win32_1.0.0.202111181127/tools/bin/../lib/gcc/arm-none-eabi/10.3.1/../../../../arm-none-eabi/lib/thumb/v7-m/nofp\libc_nano.a(lib_a-nano-vfprintf_float.o)
                0x000000000800d52c                _printf_float
 .text._printf_common
                0x000000000800d984       0xde c:/st/stm32cubeide_1.10.1/stm32cubeide/plugins/com.st.stm32cube.ide.mcu.externaltools.gnu-tools-for-stm32.10.3-2021.10.win32_1.0.0.202111181127/tools/bin/../lib/gcc/arm-none-eabi/10.3.1/../../../../arm-none-eabi/lib/thumb/v7-m/nofp\libc_nano.a(lib_a-nano-vfprintf_i.o)
                0x000000000800d984                _printf_common
 *fill*         0x000000000800da62        0x2 
 .text._printf_i
                0x000000000800da64      0x24c c:/st/stm32cubeide_1.10.1/stm32cubeide/plugins/com.st.stm32cube.ide.mcu.externaltools.gnu-tools-for-stm32.10.3-2021.10.win32_1.0.0.202111181127/tools/bin/../lib/gcc/arm-none-eabi/10.3.1/../../../../arm-none-eabi/lib/thumb/v7-m/nofp\libc_nano.a(lib_a-nano-vfprintf_i.o)
                0x000000000800da64                _printf_i
 .text.snprintf
                0x000000000800dcb0       0x68 c:/st/stm32cubeide_1.10.1/stm32cubeide/plugins/com.st.stm32cube.ide.mcu.externaltools.gnu-tools-for-stm32.10.3-2021.10.win32_1.0.0.202111181127/tools/bin/../lib/gcc/arm-none-eabi/10.3.1/../../../../arm-none-eabi/lib/thumb/v7-m/nofp\libc_nano.a(lib_a-snprintf.o)
                0x000000000800dcb0                sniprintf
                0x000000000800dcb0                snprintf
 .text.strncmp  0x000000000800dd18       0x28 c:/st/stm32cubeide_1.10.1/stm32cubeide/plugins/com.st.stm32cube.ide.mcu.externaltools.gnu-tools-for-stm32.10.3-2021.10.win32_1.0.0.202111181127/tools/bin/../lib/gcc/arm-none-eabi/10.3.1/../../../../arm-none-eabi/lib/thumb/v7-m/nofp\libc_nano.a(lib_a-strncmp.o)
                0x000000000800dd18                strncmp
 .text.sulp     0x000000000800dd40       0x42 c:/st/stm32cubeide_1.10.1/stm32cubeide/plugins/com.st.stm32cube.ide.mcu.externaltools.gnu-tools-for-stm32.10.3-2021.10.win32_1.0.0.202111181127/tools/bin/../lib/gcc/arm-none-eabi/10.3.1/../../../../arm-none-eabi/lib/thumb/v7-m/nofp\libc_nano.a(lib_a-strtod.o)
 *fill*         0x000000000800dd82        0x6 
 .text._strtod_l
                0x000000000800dd88      0xbd0 c:/st/stm32cubeide_1.10.1/stm32cubeide/plugins/com.st.stm32cube.ide.mcu.externaltools.gnu-tools-for-stm32.10.3-2021.10.win32_1.0.0.202111181127/tools/bin/../lib/gcc/arm-none-eabi/10.3.1/../../../../arm-none-eabi/lib/thumb/v7-m/nofp\libc_nano.a(lib_a-strtod.o)
                0x000000000800dd88                _strtod_l
 .text.strtod   0x000000000800e958       0x18 c:/st/stm32cubeide_1.10.1/stm32cubeide/plugins/com.st.stm32cube.ide.mcu.externaltools.gnu-tools-for-stm32.10.3-2021.10.win32_1.0.0.202111181127/tools/bin/../lib/gcc/arm-none-eabi/10.3.1/../../../../arm-none-eabi/lib/thumb/v7-m/nofp\libc_nano.a(lib_a-strtod.o)
                0x000000000800e958                strtod
 .text.quorem   0x000000000800e970      0x118 c:/st/stm32cubeide_1.10.1/stm32cubeide/plugins/com.st.stm32cube.ide.mcu.externaltools.gnu-tools-for-stm32.10.3-2021.10.win32_1.0.0.202111181127/tools/bin/../lib/gcc/arm-none-eabi/10.3.1/../../../../arm-none-eabi/lib/thumb/v7-m/nofp\libc_nano.a(lib_a-dtoa.o)
 .text._dtoa_r  0x000000000800ea88      0xbdc c:/st/stm32cubeide_1.10.1/stm32cubeide/plugins/com.st.stm32cube.ide.mcu.externaltools.gnu-tools-for-stm32.10.3-2021.10.win32_1.0.0.202111181127/tools/bin/../lib/gcc/arm-none-eabi/10.3.1/../../../../arm-none-eabi/lib/thumb/v7-m/nofp\libc_nano.a(lib_a-dtoa.o)
                0x000000000800ea88                _dtoa_r
 .text.rshift   0x000000000800f664       0xa6 c:/st/stm32cubeide_1.10.1/stm32cubeide/plugins/com.st.stm32cube.ide.mcu.externaltools.gnu-tools-for-stm32.10.3-2021.10.win32_1.0.0.202111181127/tools/bin/../lib/gcc/arm-none-eabi/10.3.1/../../../../arm-none-eabi/lib/thumb/v7-m/nofp\libc_nano.a(lib_a-gdtoa-gethex.o)
 .text.__hexdig_fun
                0x000000000800f70a       0x2a c:/st/stm32cubeide_1.10.1/stm32cubeide/plugins/com.st.stm32cube.ide.mcu.externaltools.gnu-tools-for-stm32.10.3-2021.10.win32_1.0.0.202111181127/tools/bin/../lib/gcc/arm-none-eabi/10.3.1/../../../../arm-none-eabi/lib/thumb/v7-m/nofp\libc_nano.a(lib_a-gdtoa-gethex.o)
                0x000000000800f70a                __hexdig_fun
 .text.__gethex
                0x000000000800f734      0x478 c:/st/stm32cubeide_1.10.1/stm32cubeide/plugins/com.st.stm32cube.ide.mcu.externaltools.gnu-tools-for-stm32.10.3-2021.10.win32_1.0.0.202111181127/tools/bin/../lib/gcc/arm-none-eabi/10.3.1/../../../../arm-none-eabi/lib/thumb/v7-m/nofp\libc_nano.a(lib_a-gdtoa-gethex.o)
                0x000000000800f734                __gethex
 .text.L_shift  0x000000000800fbac       0x24 c:/st/stm32cubeide_1.10.1/stm32cubeide/plugins/com.st.stm32cube.ide.mcu.externaltools.gnu-tools-for-stm32.10.3-2021.10.win32_1.0.0.202111181127/tools/bin/../lib/gcc/arm-none-eabi/10.3.1/../../../../arm-none-eabi/lib/thumb/v7-m/nofp\libc_nano.a(lib_a-gdtoa-hexnan.o)
 .text.__match  0x000000000800fbd0       0x28 c:/st/stm32cubeide_1.10.1/stm32cubeide/plugins/com.st.stm32cube.ide.mcu.externaltools.gnu-tools-for-stm32.10.3-2021.10.win32_1.0.0.202111181127/tools/bin/../lib/gcc/arm-none-eabi/10.3.1/../../../../arm-none-eabi/lib/thumb/v7-m/nofp\libc_nano.a(lib_a-gdtoa-hexnan.o)
                0x000000000800fbd0                __match
 .text.__hexnan
                0x000000000800fbf8      0x138 c:/st/stm32cubeide_1.10.1/stm32cubeide/plugins/com.st.stm32cube.ide.mcu.externaltools.gnu-tools-for-stm32.10.3-2021.10.win32_1.0.0.202111181127/tools/bin/../lib/gcc/arm-none-eabi/10.3.1/../../../../arm-none-eabi/lib/thumb/v7-m/nofp\libc_nano.a(lib_a-gdtoa-hexnan.o)
                0x000000000800fbf8                __hexnan
 .text._localeconv_r
                0x000000000800fd30        0x8 c:/st/stm32cubeide_1.10.1/stm32cubeide/plugins/com.st.stm32cube.ide.mcu.externaltools.gnu-tools-for-stm32.10.3-2021.10.win32_1.0.0.202111181127/tools/bin/../lib/gcc/arm-none-eabi/10.3.1/../../../../arm-none-eabi/lib/thumb/v7-m/nofp\libc_nano.a(lib_a-localeconv.o)
                0x000000000800fd30                _localeconv_r
 .text.malloc   0x000000000800fd38       0x10 c:/st/stm32cubeide_1.10.1/stm32cubeide/plugins/com.st.stm32cube.ide.mcu.externaltools.gnu-tools-for-stm32.10.3-2021.10.win32_1.0.0.202111181127/tools/bin/../lib/gcc/arm-none-eabi/10.3.1/../../../../arm-none-eabi/lib/thumb/v7-m/nofp\libc_nano.a(lib_a-malloc.o)
                0x000000000800fd38                malloc
 .text.__ascii_mbtowc
                0x000000000800fd48       0x24 c:/st/stm32cubeide_1.10.1/stm32cubeide/plugins/com.st.stm32cube.ide.mcu.externaltools.gnu-tools-for-stm32.10.3-2021.10.win32_1.0.0.202111181127/tools/bin/../lib/gcc/arm-none-eabi/10.3.1/../../../../arm-none-eabi/lib/thumb/v7-m/nofp\libc_nano.a(lib_a-mbtowc_r.o)
                0x000000000800fd48                __ascii_mbtowc
 .text.memchr   0x000000000800fd6c       0x1c c:/st/stm32cubeide_1.10.1/stm32cubeide/plugins/com.st.stm32cube.ide.mcu.externaltools.gnu-tools-for-stm32.10.3-2021.10.win32_1.0.0.202111181127/tools/bin/../lib/gcc/arm-none-eabi/10.3.1/../../../../arm-none-eabi/lib/thumb/v7-m/nofp\libc_nano.a(lib_a-memchr-stub.o)
                0x000000000800fd6c                memchr
 .text.memcpy   0x000000000800fd88       0x1c c:/st/stm32cubeide_1.10.1/stm32cubeide/plugins/com.st.stm32cube.ide.mcu.externaltools.gnu-tools-for-stm32.10.3-2021.10.win32_1.0.0.202111181127/tools/bin/../lib/gcc/arm-none-eabi/10.3.1/../../../../arm-none-eabi/lib/thumb/v7-m/nofp\libc_nano.a(lib_a-memcpy-stub.o)
                0x000000000800fd88                memcpy
 .text._Balloc  0x000000000800fda4       0x80 c:/st/stm32cubeide_1.10.1/stm32cubeide/plugins/com.st.stm32cube.ide.mcu.externaltools.gnu-tools-for-stm32.10.3-2021.10.win32_1.0.0.202111181127/tools/bin/../lib/gcc/arm-none-eabi/10.3.1/../../../../arm-none-eabi/lib/thumb/v7-m/nofp\libc_nano.a(lib_a-mprec.o)
                0x000000000800fda4                _Balloc
 .text._Bfree   0x000000000800fe24       0x44 c:/st/stm32cubeide_1.10.1/stm32cubeide/plugins/com.st.stm32cube.ide.mcu.externaltools.gnu-tools-for-stm32.10.3-2021.10.win32_1.0.0.202111181127/tools/bin/../lib/gcc/arm-none-eabi/10.3.1/../../../../arm-none-eabi/lib/thumb/v7-m/nofp\libc_nano.a(lib_a-mprec.o)
                0x000000000800fe24                _Bfree
 .text.__multadd
                0x000000000800fe68       0x8c c:/st/stm32cubeide_1.10.1/stm32cubeide/plugins/com.st.stm32cube.ide.mcu.externaltools.gnu-tools-for-stm32.10.3-2021.10.win32_1.0.0.202111181127/tools/bin/../lib/gcc/arm-none-eabi/10.3.1/../../../../arm-none-eabi/lib/thumb/v7-m/nofp\libc_nano.a(lib_a-mprec.o)
                0x000000000800fe68                __multadd
 .text.__s2b    0x000000000800fef4       0x94 c:/st/stm32cubeide_1.10.1/stm32cubeide/plugins/com.st.stm32cube.ide.mcu.externaltools.gnu-tools-for-stm32.10.3-2021.10.win32_1.0.0.202111181127/tools/bin/../lib/gcc/arm-none-eabi/10.3.1/../../../../arm-none-eabi/lib/thumb/v7-m/nofp\libc_nano.a(lib_a-mprec.o)
                0x000000000800fef4                __s2b
 .text.__hi0bits
                0x000000000800ff88       0x40 c:/st/stm32cubeide_1.10.1/stm32cubeide/plugins/com.st.stm32cube.ide.mcu.externaltools.gnu-tools-for-stm32.10.3-2021.10.win32_1.0.0.202111181127/tools/bin/../lib/gcc/arm-none-eabi/10.3.1/../../../../arm-none-eabi/lib/thumb/v7-m/nofp\libc_nano.a(lib_a-mprec.o)
                0x000000000800ff88                __hi0bits
 .text.__lo0bits
                0x000000000800ffc8       0x5a c:/st/stm32cubeide_1.10.1/stm32cubeide/plugins/com.st.stm32cube.ide.mcu.externaltools.gnu-tools-for-stm32.10.3-2021.10.win32_1.0.0.202111181127/tools/bin/../lib/gcc/arm-none-eabi/10.3.1/../../../../arm-none-eabi/lib/thumb/v7-m/nofp\libc_nano.a(lib_a-mprec.o)
                0x000000000800ffc8                __lo0bits
 *fill*         0x0000000008010022        0x2 
 .text.__i2b    0x0000000008010024       0x2c c:/st/stm32cubeide_1.10.1/stm32cubeide/plugins/com.st.stm32cube.ide.mcu.externaltools.gnu-tools-for-stm32.10.3-2021.10.win32_1.0.0.202111181127/tools/bin/../lib/gcc/arm-none-eabi/10.3.1/../../../../arm-none-eabi/lib/thumb/v7-m/nofp\libc_nano.a(lib_a-mprec.o)
                0x0000000008010024                __i2b
 .text.__multiply
                0x0000000008010050      0x150 c:/st/stm32cubeide_1.10.1/stm32cubeide/plugins/com.st.stm32cube.ide.mcu.externaltools.gnu-tools-for-stm32.10.3-2021.10.win32_1.0.0.202111181127/tools/bin/../lib/gcc/arm-none-eabi/10.3.1/../../../../arm-none-eabi/lib/thumb/v7-m/nofp\libc_nano.a(lib_a-mprec.o)
                0x0000000008010050                __multiply
 .text.__pow5mult
                0x00000000080101a0       0xb4 c:/st/stm32cubeide_1.10.1/stm32cubeide/plugins/com.st.stm32cube.ide.mcu.externaltools.gnu-tools-for-stm32.10.3-2021.10.win32_1.0.0.202111181127/tools/bin/../lib/gcc/arm-none-eabi/10.3.1/../../../../arm-none-eabi/lib/thumb/v7-m/nofp\libc_nano.a(lib_a-mprec.o)
                0x00000000080101a0                __pow5mult
 .text.__lshift
                0x0000000008010254       0xe0 c:/st/stm32cubeide_1.10.1/stm32cubeide/plugins/com.st.stm32cube.ide.mcu.externaltools.gnu-tools-for-stm32.10.3-2021.10.win32_1.0.0.202111181127/tools/bin/../lib/gcc/arm-none-eabi/10.3.1/../../../../arm-none-eabi/lib/thumb/v7-m/nofp\libc_nano.a(lib_a-mprec.o)
                0x0000000008010254                __lshift
 .text.__mcmp   0x0000000008010334       0x36 c:/st/stm32cubeide_1.10.1/stm32cubeide/plugins/com.st.stm32cube.ide.mcu.externaltools.gnu-tools-for-stm32.10.3-2021.10.win32_1.0.0.202111181127/tools/bin/../lib/gcc/arm-none-eabi/10.3.1/../../../../arm-none-eabi/lib/thumb/v7-m/nofp\libc_nano.a(lib_a-mprec.o)
                0x0000000008010334                __mcmp
 *fill*         0x000000000801036a        0x2 
 .text.__mdiff  0x000000000801036c      0x118 c:/st/stm32cubeide_1.10.1/stm32cubeide/plugins/com.st.stm32cube.ide.mcu.externaltools.gnu-tools-for-stm32.10.3-2021.10.win32_1.0.0.202111181127/tools/bin/../lib/gcc/arm-none-eabi/10.3.1/../../../../arm-none-eabi/lib/thumb/v7-m/nofp\libc_nano.a(lib_a-mprec.o)
                0x000000000801036c                __mdiff
 .text.__ulp    0x0000000008010484       0x4c c:/st/stm32cubeide_1.10.1/stm32cubeide/plugins/com.st.stm32cube.ide.mcu.externaltools.gnu-tools-for-stm32.10.3-2021.10.win32_1.0.0.202111181127/tools/bin/../lib/gcc/arm-none-eabi/10.3.1/../../../../arm-none-eabi/lib/thumb/v7-m/nofp\libc_nano.a(lib_a-mprec.o)
                0x0000000008010484                __ulp
 .text.__b2d    0x00000000080104d0       0xa8 c:/st/stm32cubeide_1.10.1/stm32cubeide/plugins/com.st.stm32cube.ide.mcu.externaltools.gnu-tools-for-stm32.10.3-2021.10.win32_1.0.0.202111181127/tools/bin/../lib/gcc/arm-none-eabi/10.3.1/../../../../arm-none-eabi/lib/thumb/v7-m/nofp\libc_nano.a(lib_a-mprec.o)
                0x00000000080104d0                __b2d
 .text.__d2b    0x0000000008010578       0xb8 c:/st/stm32cubeide_1.10.1/stm32cubeide/plugins/com.st.stm32cube.ide.mcu.externaltools.gnu-tools-for-stm32.10.3-2021.10.win32_1.0.0.202111181127/tools/bin/../lib/gcc/arm-none-eabi/10.3.1/../../../../arm-none-eabi/lib/thumb/v7-m/nofp\libc_nano.a(lib_a-mprec.o)
                0x0000000008010578                __d2b
 .text.__ratio  0x0000000008010630       0x5c c:/st/stm32cubeide_1.10.1/stm32cubeide/plugins/com.st.stm32cube.ide.mcu.externaltools.gnu-tools-for-stm32.10.3-2021.10.win32_1.0.0.202111181127/tools/bin/../lib/gcc/arm-none-eabi/10.3.1/../../../../arm-none-eabi/lib/thumb/v7-m/nofp\libc_nano.a(lib_a-mprec.o)
                0x0000000008010630                __ratio
 .text.__copybits
                0x000000000801068c       0x46 c:/st/stm32cubeide_1.10.1/stm32cubeide/plugins/com.st.stm32cube.ide.mcu.externaltools.gnu-tools-for-stm32.10.3-2021.10.win32_1.0.0.202111181127/tools/bin/../lib/gcc/arm-none-eabi/10.3.1/../../../../arm-none-eabi/lib/thumb/v7-m/nofp\libc_nano.a(lib_a-mprec.o)
                0x000000000801068c                __copybits
 .text.__any_on
                0x00000000080106d2       0x42 c:/st/stm32cubeide_1.10.1/stm32cubeide/plugins/com.st.stm32cube.ide.mcu.externaltools.gnu-tools-for-stm32.10.3-2021.10.win32_1.0.0.202111181127/tools/bin/../lib/gcc/arm-none-eabi/10.3.1/../../../../arm-none-eabi/lib/thumb/v7-m/nofp\libc_nano.a(lib_a-mprec.o)
                0x00000000080106d2                __any_on
 .text._calloc_r
                0x0000000008010714       0x28 c:/st/stm32cubeide_1.10.1/stm32cubeide/plugins/com.st.stm32cube.ide.mcu.externaltools.gnu-tools-for-stm32.10.3-2021.10.win32_1.0.0.202111181127/tools/bin/../lib/gcc/arm-none-eabi/10.3.1/../../../../arm-none-eabi/lib/thumb/v7-m/nofp\libc_nano.a(lib_a-nano-callocr.o)
                0x0000000008010714                _calloc_r
 .text._free_r  0x000000000801073c       0x90 c:/st/stm32cubeide_1.10.1/stm32cubeide/plugins/com.st.stm32cube.ide.mcu.externaltools.gnu-tools-for-stm32.10.3-2021.10.win32_1.0.0.202111181127/tools/bin/../lib/gcc/arm-none-eabi/10.3.1/../../../../arm-none-eabi/lib/thumb/v7-m/nofp\libc_nano.a(lib_a-nano-freer.o)
                0x000000000801073c                _free_r
 .text.sbrk_aligned
                0x00000000080107cc       0x40 c:/st/stm32cubeide_1.10.1/stm32cubeide/plugins/com.st.stm32cube.ide.mcu.externaltools.gnu-tools-for-stm32.10.3-2021.10.win32_1.0.0.202111181127/tools/bin/../lib/gcc/arm-none-eabi/10.3.1/../../../../arm-none-eabi/lib/thumb/v7-m/nofp\libc_nano.a(lib_a-nano-mallocr.o)
 .text._malloc_r
                0x000000000801080c       0xe8 c:/st/stm32cubeide_1.10.1/stm32cubeide/plugins/com.st.stm32cube.ide.mcu.externaltools.gnu-tools-for-stm32.10.3-2021.10.win32_1.0.0.202111181127/tools/bin/../lib/gcc/arm-none-eabi/10.3.1/../../../../arm-none-eabi/lib/thumb/v7-m/nofp\libc_nano.a(lib_a-nano-mallocr.o)
                0x000000000801080c                _malloc_r
 .text.__ssputs_r
                0x00000000080108f4       0xb6 c:/st/stm32cubeide_1.10.1/stm32cubeide/plugins/com.st.stm32cube.ide.mcu.externaltools.gnu-tools-for-stm32.10.3-2021.10.win32_1.0.0.202111181127/tools/bin/../lib/gcc/arm-none-eabi/10.3.1/../../../../arm-none-eabi/lib/thumb/v7-m/nofp\libc_nano.a(lib_a-nano-svfprintf.o)
                0x00000000080108f4                __ssputs_r
 *fill*         0x00000000080109aa        0x2 
 .text._svfprintf_r
                0x00000000080109ac      0x200 c:/st/stm32cubeide_1.10.1/stm32cubeide/plugins/com.st.stm32cube.ide.mcu.externaltools.gnu-tools-for-stm32.10.3-2021.10.win32_1.0.0.202111181127/tools/bin/../lib/gcc/arm-none-eabi/10.3.1/../../../../arm-none-eabi/lib/thumb/v7-m/nofp\libc_nano.a(lib_a-nano-svfprintf.o)
                0x00000000080109ac                _svfiprintf_r
                0x00000000080109ac                _svfprintf_r
 .text.nan      0x0000000008010bac        0xc c:/st/stm32cubeide_1.10.1/stm32cubeide/plugins/com.st.stm32cube.ide.mcu.externaltools.gnu-tools-for-stm32.10.3-2021.10.win32_1.0.0.202111181127/tools/bin/../lib/gcc/arm-none-eabi/10.3.1/../../../../arm-none-eabi/lib/thumb/v7-m/nofp\libc_nano.a(lib_a-s_nan.o)
                0x0000000008010bac                nan
 .text._sbrk_r  0x0000000008010bb8       0x20 c:/st/stm32cubeide_1.10.1/stm32cubeide/plugins/com.st.stm32cube.ide.mcu.externaltools.gnu-tools-for-stm32.10.3-2021.10.win32_1.0.0.202111181127/tools/bin/../lib/gcc/arm-none-eabi/10.3.1/../../../../arm-none-eabi/lib/thumb/v7-m/nofp\libc_nano.a(lib_a-sbrkr.o)
                0x0000000008010bb8                _sbrk_r
 .text.__ascii_wctomb
                0x0000000008010bd8       0x1a c:/st/stm32cubeide_1.10.1/stm32cubeide/plugins/com.st.stm32cube.ide.mcu.externaltools.gnu-tools-for-stm32.10.3-2021.10.win32_1.0.0.202111181127/tools/bin/../lib/gcc/arm-none-eabi/10.3.1/../../../../arm-none-eabi/lib/thumb/v7-m/nofp\libc_nano.a(lib_a-wctomb_r.o)
                0x0000000008010bd8                __ascii_wctomb
 *fill*         0x0000000008010bf2        0x2 
 .text.__assert_func
                0x0000000008010bf4       0x3c c:/st/stm32cubeide_1.10.1/stm32cubeide/plugins/com.st.stm32cube.ide.mcu.externaltools.gnu-tools-for-stm32.10.3-2021.10.win32_1.0.0.202111181127/tools/bin/../lib/gcc/arm-none-eabi/10.3.1/../../../../arm-none-eabi/lib/thumb/v7-m/nofp\libc_nano.a(lib_a-assert.o)
                0x0000000008010bf4                __assert_func
 .text.fprintf  0x0000000008010c30       0x24 c:/st/stm32cubeide_1.10.1/stm32cubeide/plugins/com.st.stm32cube.ide.mcu.externaltools.gnu-tools-for-stm32.10.3-2021.10.win32_1.0.0.202111181127/tools/bin/../lib/gcc/arm-none-eabi/10.3.1/../../../../arm-none-eabi/lib/thumb/v7-m/nofp\libc_nano.a(lib_a-fprintf.o)
                0x0000000008010c30                fiprintf
                0x0000000008010c30                fprintf
 .text.memmove  0x0000000008010c54       0x34 c:/st/stm32cubeide_1.10.1/stm32cubeide/plugins/com.st.stm32cube.ide.mcu.externaltools.gnu-tools-for-stm32.10.3-2021.10.win32_1.0.0.202111181127/tools/bin/../lib/gcc/arm-none-eabi/10.3.1/../../../../arm-none-eabi/lib/thumb/v7-m/nofp\libc_nano.a(lib_a-memmove.o)
                0x0000000008010c54                memmove
 .text.__malloc_lock
                0x0000000008010c88        0xc c:/st/stm32cubeide_1.10.1/stm32cubeide/plugins/com.st.stm32cube.ide.mcu.externaltools.gnu-tools-for-stm32.10.3-2021.10.win32_1.0.0.202111181127/tools/bin/../lib/gcc/arm-none-eabi/10.3.1/../../../../arm-none-eabi/lib/thumb/v7-m/nofp\libc_nano.a(lib_a-mlock.o)
                0x0000000008010c88                __malloc_lock
 .text.__malloc_unlock
                0x0000000008010c94        0xc c:/st/stm32cubeide_1.10.1/stm32cubeide/plugins/com.st.stm32cube.ide.mcu.externaltools.gnu-tools-for-stm32.10.3-2021.10.win32_1.0.0.202111181127/tools/bin/../lib/gcc/arm-none-eabi/10.3.1/../../../../arm-none-eabi/lib/thumb/v7-m/nofp\libc_nano.a(lib_a-mlock.o)
                0x0000000008010c94                __malloc_unlock
 .text._realloc_r
                0x0000000008010ca0       0x5e c:/st/stm32cubeide_1.10.1/stm32cubeide/plugins/com.st.stm32cube.ide.mcu.externaltools.gnu-tools-for-stm32.10.3-2021.10.win32_1.0.0.202111181127/tools/bin/../lib/gcc/arm-none-eabi/10.3.1/../../../../arm-none-eabi/lib/thumb/v7-m/nofp\libc_nano.a(lib_a-nano-reallocr.o)
                0x0000000008010ca0                _realloc_r
 .text.__sfputc_r
                0x0000000008010cfe       0x2a c:/st/stm32cubeide_1.10.1/stm32cubeide/plugins/com.st.stm32cube.ide.mcu.externaltools.gnu-tools-for-stm32.10.3-2021.10.win32_1.0.0.202111181127/tools/bin/../lib/gcc/arm-none-eabi/10.3.1/../../../../arm-none-eabi/lib/thumb/v7-m/nofp\libc_nano.a(lib_a-nano-vfprintf.o)
 .text.__sfputs_r
                0x0000000008010d28       0x24 c:/st/stm32cubeide_1.10.1/stm32cubeide/plugins/com.st.stm32cube.ide.mcu.externaltools.gnu-tools-for-stm32.10.3-2021.10.win32_1.0.0.202111181127/tools/bin/../lib/gcc/arm-none-eabi/10.3.1/../../../../arm-none-eabi/lib/thumb/v7-m/nofp\libc_nano.a(lib_a-nano-vfprintf.o)
                0x0000000008010d28                __sfputs_r
 .text._vfprintf_r
                0x0000000008010d4c      0x260 c:/st/stm32cubeide_1.10.1/stm32cubeide/plugins/com.st.stm32cube.ide.mcu.externaltools.gnu-tools-for-stm32.10.3-2021.10.win32_1.0.0.202111181127/tools/bin/../lib/gcc/arm-none-eabi/10.3.1/../../../../arm-none-eabi/lib/thumb/v7-m/nofp\libc_nano.a(lib_a-nano-vfprintf.o)
                0x0000000008010d4c                _vfprintf_r
                0x0000000008010d4c                _vfiprintf_r
 .text.__swbuf_r
                0x0000000008010fac       0xa4 c:/st/stm32cubeide_1.10.1/stm32cubeide/plugins/com.st.stm32cube.ide.mcu.externaltools.gnu-tools-for-stm32.10.3-2021.10.win32_1.0.0.202111181127/tools/bin/../lib/gcc/arm-none-eabi/10.3.1/../../../../arm-none-eabi/lib/thumb/v7-m/nofp\libc_nano.a(lib_a-wbuf.o)
                0x0000000008010fac                __swbuf_r
 .text.__swsetup_r
                0x0000000008011050       0xdc c:/st/stm32cubeide_1.10.1/stm32cubeide/plugins/com.st.stm32cube.ide.mcu.externaltools.gnu-tools-for-stm32.10.3-2021.10.win32_1.0.0.202111181127/tools/bin/../lib/gcc/arm-none-eabi/10.3.1/../../../../arm-none-eabi/lib/thumb/v7-m/nofp\libc_nano.a(lib_a-wsetup.o)
                0x0000000008011050                __swsetup_r
 .text.abort    0x000000000801112c        0xe c:/st/stm32cubeide_1.10.1/stm32cubeide/plugins/com.st.stm32cube.ide.mcu.externaltools.gnu-tools-for-stm32.10.3-2021.10.win32_1.0.0.202111181127/tools/bin/../lib/gcc/arm-none-eabi/10.3.1/../../../../arm-none-eabi/lib/thumb/v7-m/nofp\libc_nano.a(lib_a-abort.o)
                0x000000000801112c                abort
 *fill*         0x000000000801113a        0x2 
 .text.__sflush_r
                0x000000000801113c      0x104 c:/st/stm32cubeide_1.10.1/stm32cubeide/plugins/com.st.stm32cube.ide.mcu.externaltools.gnu-tools-for-stm32.10.3-2021.10.win32_1.0.0.202111181127/tools/bin/../lib/gcc/arm-none-eabi/10.3.1/../../../../arm-none-eabi/lib/thumb/v7-m/nofp\libc_nano.a(lib_a-fflush.o)
                0x000000000801113c                __sflush_r
 .text._fflush_r
                0x0000000008011240       0x78 c:/st/stm32cubeide_1.10.1/stm32cubeide/plugins/com.st.stm32cube.ide.mcu.externaltools.gnu-tools-for-stm32.10.3-2021.10.win32_1.0.0.202111181127/tools/bin/../lib/gcc/arm-none-eabi/10.3.1/../../../../arm-none-eabi/lib/thumb/v7-m/nofp\libc_nano.a(lib_a-fflush.o)
                0x0000000008011240                _fflush_r
 .text.std      0x00000000080112b8       0x48 c:/st/stm32cubeide_1.10.1/stm32cubeide/plugins/com.st.stm32cube.ide.mcu.externaltools.gnu-tools-for-stm32.10.3-2021.10.win32_1.0.0.202111181127/tools/bin/../lib/gcc/arm-none-eabi/10.3.1/../../../../arm-none-eabi/lib/thumb/v7-m/nofp\libc_nano.a(lib_a-findfp.o)
 .text._cleanup_r
                0x0000000008011300        0xc c:/st/stm32cubeide_1.10.1/stm32cubeide/plugins/com.st.stm32cube.ide.mcu.externaltools.gnu-tools-for-stm32.10.3-2021.10.win32_1.0.0.202111181127/tools/bin/../lib/gcc/arm-none-eabi/10.3.1/../../../../arm-none-eabi/lib/thumb/v7-m/nofp\libc_nano.a(lib_a-findfp.o)
                0x0000000008011300                _cleanup_r
 .text.__sfmoreglue
                0x000000000801130c       0x2c c:/st/stm32cubeide_1.10.1/stm32cubeide/plugins/com.st.stm32cube.ide.mcu.externaltools.gnu-tools-for-stm32.10.3-2021.10.win32_1.0.0.202111181127/tools/bin/../lib/gcc/arm-none-eabi/10.3.1/../../../../arm-none-eabi/lib/thumb/v7-m/nofp\libc_nano.a(lib_a-findfp.o)
                0x000000000801130c                __sfmoreglue
 .text.__sfp_lock_acquire
                0x0000000008011338        0xc c:/st/stm32cubeide_1.10.1/stm32cubeide/plugins/com.st.stm32cube.ide.mcu.externaltools.gnu-tools-for-stm32.10.3-2021.10.win32_1.0.0.202111181127/tools/bin/../lib/gcc/arm-none-eabi/10.3.1/../../../../arm-none-eabi/lib/thumb/v7-m/nofp\libc_nano.a(lib_a-findfp.o)
                0x0000000008011338                __sfp_lock_acquire
 .text.__sfp_lock_release
                0x0000000008011344        0xc c:/st/stm32cubeide_1.10.1/stm32cubeide/plugins/com.st.stm32cube.ide.mcu.externaltools.gnu-tools-for-stm32.10.3-2021.10.win32_1.0.0.202111181127/tools/bin/../lib/gcc/arm-none-eabi/10.3.1/../../../../arm-none-eabi/lib/thumb/v7-m/nofp\libc_nano.a(lib_a-findfp.o)
                0x0000000008011344                __sfp_lock_release
 .text.__sinit_lock_acquire
                0x0000000008011350        0xc c:/st/stm32cubeide_1.10.1/stm32cubeide/plugins/com.st.stm32cube.ide.mcu.externaltools.gnu-tools-for-stm32.10.3-2021.10.win32_1.0.0.202111181127/tools/bin/../lib/gcc/arm-none-eabi/10.3.1/../../../../arm-none-eabi/lib/thumb/v7-m/nofp\libc_nano.a(lib_a-findfp.o)
                0x0000000008011350                __sinit_lock_acquire
 .text.__sinit_lock_release
                0x000000000801135c        0xc c:/st/stm32cubeide_1.10.1/stm32cubeide/plugins/com.st.stm32cube.ide.mcu.externaltools.gnu-tools-for-stm32.10.3-2021.10.win32_1.0.0.202111181127/tools/bin/../lib/gcc/arm-none-eabi/10.3.1/../../../../arm-none-eabi/lib/thumb/v7-m/nofp\libc_nano.a(lib_a-findfp.o)
                0x000000000801135c                __sinit_lock_release
 .text.__sinit  0x0000000008011368       0x70 c:/st/stm32cubeide_1.10.1/stm32cubeide/plugins/com.st.stm32cube.ide.mcu.externaltools.gnu-tools-for-stm32.10.3-2021.10.win32_1.0.0.202111181127/tools/bin/../lib/gcc/arm-none-eabi/10.3.1/../../../../arm-none-eabi/lib/thumb/v7-m/nofp\libc_nano.a(lib_a-findfp.o)
                0x0000000008011368                __sinit
 .text.__sfp    0x00000000080113d8       0x8c c:/st/stm32cubeide_1.10.1/stm32cubeide/plugins/com.st.stm32cube.ide.mcu.externaltools.gnu-tools-for-stm32.10.3-2021.10.win32_1.0.0.202111181127/tools/bin/../lib/gcc/arm-none-eabi/10.3.1/../../../../arm-none-eabi/lib/thumb/v7-m/nofp\libc_nano.a(lib_a-findfp.o)
                0x00000000080113d8                __sfp
 .text._fwalk_reent
                0x0000000008011464       0x3e c:/st/stm32cubeide_1.10.1/stm32cubeide/plugins/com.st.stm32cube.ide.mcu.externaltools.gnu-tools-for-stm32.10.3-2021.10.win32_1.0.0.202111181127/tools/bin/../lib/gcc/arm-none-eabi/10.3.1/../../../../arm-none-eabi/lib/thumb/v7-m/nofp\libc_nano.a(lib_a-fwalk.o)
                0x0000000008011464                _fwalk_reent
 .text.__retarget_lock_init_recursive
                0x00000000080114a2        0x2 c:/st/stm32cubeide_1.10.1/stm32cubeide/plugins/com.st.stm32cube.ide.mcu.externaltools.gnu-tools-for-stm32.10.3-2021.10.win32_1.0.0.202111181127/tools/bin/../lib/gcc/arm-none-eabi/10.3.1/../../../../arm-none-eabi/lib/thumb/v7-m/nofp\libc_nano.a(lib_a-lock.o)
                0x00000000080114a2                __retarget_lock_init_recursive
 .text.__retarget_lock_acquire_recursive
                0x00000000080114a4        0x2 c:/st/stm32cubeide_1.10.1/stm32cubeide/plugins/com.st.stm32cube.ide.mcu.externaltools.gnu-tools-for-stm32.10.3-2021.10.win32_1.0.0.202111181127/tools/bin/../lib/gcc/arm-none-eabi/10.3.1/../../../../arm-none-eabi/lib/thumb/v7-m/nofp\libc_nano.a(lib_a-lock.o)
                0x00000000080114a4                __retarget_lock_acquire_recursive
 .text.__retarget_lock_release_recursive
                0x00000000080114a6        0x2 c:/st/stm32cubeide_1.10.1/stm32cubeide/plugins/com.st.stm32cube.ide.mcu.externaltools.gnu-tools-for-stm32.10.3-2021.10.win32_1.0.0.202111181127/tools/bin/../lib/gcc/arm-none-eabi/10.3.1/../../../../arm-none-eabi/lib/thumb/v7-m/nofp\libc_nano.a(lib_a-lock.o)
                0x00000000080114a6                __retarget_lock_release_recursive
 .text.__swhatbuf_r
                0x00000000080114a8       0x4a c:/st/stm32cubeide_1.10.1/stm32cubeide/plugins/com.st.stm32cube.ide.mcu.externaltools.gnu-tools-for-stm32.10.3-2021.10.win32_1.0.0.202111181127/tools/bin/../lib/gcc/arm-none-eabi/10.3.1/../../../../arm-none-eabi/lib/thumb/v7-m/nofp\libc_nano.a(lib_a-makebuf.o)
                0x00000000080114a8                __swhatbuf_r
 *fill*         0x00000000080114f2        0x2 
 .text.__smakebuf_r
                0x00000000080114f4       0x80 c:/st/stm32cubeide_1.10.1/stm32cubeide/plugins/com.st.stm32cube.ide.mcu.externaltools.gnu-tools-for-stm32.10.3-2021.10.win32_1.0.0.202111181127/tools/bin/../lib/gcc/arm-none-eabi/10.3.1/../../../../arm-none-eabi/lib/thumb/v7-m/nofp\libc_nano.a(lib_a-makebuf.o)
                0x00000000080114f4                __smakebuf_r
 .text._malloc_usable_size_r
                0x0000000008011574       0x10 c:/st/stm32cubeide_1.10.1/stm32cubeide/plugins/com.st.stm32cube.ide.mcu.externaltools.gnu-tools-for-stm32.10.3-2021.10.win32_1.0.0.202111181127/tools/bin/../lib/gcc/arm-none-eabi/10.3.1/../../../../arm-none-eabi/lib/thumb/v7-m/nofp\libc_nano.a(lib_a-nano-msizer.o)
                0x0000000008011574                _malloc_usable_size_r