../Core/Src/main.c:336:13:MX_ADC_Init	56	static,ignoring_inline_asm
../Core/Src/main.c:291:6:SystemClock_Config	104	static,ignoring_inline_asm
../Core/Src/main.c:601:6:ourInit	64	static
../Core/Src/main.c:126:5:main	104	static,ignoring_inline_asm
../Core/Src/main.c:642:6:update_ADC_watchdog	24	static
../Core/Src/main.c:666:6:HAL_ADC_ConvHalfCpltCallback	0	static
../Core/Src/main.c:672:6:HAL_ADC_ConvCpltCallback	0	static
../Core/Src/main.c:678:6:HAL_ADC_LevelOutOfWindowCallback	8	static
../Core/Src/main.c:686:6:HAL_UART_TxHalfCpltCallback	8	static
../Core/Src/main.c:697:6:HAL_UART_TxCpltCallback	40	static
../Core/Src/main.c:709:6:HAL_UART_RxHalfCpltCallback	0	static
../Core/Src/main.c:713:6:HAL_UART_RxCpltCallback	72	static
../Core/Src/main.c:801:6:HAL_UART_ErrorCallback	0	static
../Core/Src/main.c:812:6:Error_Handler	0	static,ignoring_inline_asm
